Archive member included to satisfy reference by file (symbol)

d:/stm32cubeide_1.10.0/stm32cubeide/plugins/com.st.stm32cube.ide.mcu.externaltools.gnu-tools-for-stm32.10.3-2021.10.win32_1.0.0.202111181127/tools/bin/../lib/gcc/arm-none-eabi/10.3.1/../../../../arm-none-eabi/lib/thumb/v7-m/nofp\libc_nano.a(lib_a-errno.o)
                              ./Core/Src/syscalls.o (__errno)
d:/stm32cubeide_1.10.0/stm32cubeide/plugins/com.st.stm32cube.ide.mcu.externaltools.gnu-tools-for-stm32.10.3-2021.10.win32_1.0.0.202111181127/tools/bin/../lib/gcc/arm-none-eabi/10.3.1/../../../../arm-none-eabi/lib/thumb/v7-m/nofp\libc_nano.a(lib_a-exit.o)
                              d:/stm32cubeide_1.10.0/stm32cubeide/plugins/com.st.stm32cube.ide.mcu.externaltools.gnu-tools-for-stm32.10.3-2021.10.win32_1.0.0.202111181127/tools/bin/../lib/gcc/arm-none-eabi/10.3.1/../../../../arm-none-eabi/lib/thumb/v7-m/nofp/crt0.o (exit)
d:/stm32cubeide_1.10.0/stm32cubeide/plugins/com.st.stm32cube.ide.mcu.externaltools.gnu-tools-for-stm32.10.3-2021.10.win32_1.0.0.202111181127/tools/bin/../lib/gcc/arm-none-eabi/10.3.1/../../../../arm-none-eabi/lib/thumb/v7-m/nofp\libc_nano.a(lib_a-impure.o)
                              d:/stm32cubeide_1.10.0/stm32cubeide/plugins/com.st.stm32cube.ide.mcu.externaltools.gnu-tools-for-stm32.10.3-2021.10.win32_1.0.0.202111181127/tools/bin/../lib/gcc/arm-none-eabi/10.3.1/../../../../arm-none-eabi/lib/thumb/v7-m/nofp\libc_nano.a(lib_a-exit.o) (_global_impure_ptr)
d:/stm32cubeide_1.10.0/stm32cubeide/plugins/com.st.stm32cube.ide.mcu.externaltools.gnu-tools-for-stm32.10.3-2021.10.win32_1.0.0.202111181127/tools/bin/../lib/gcc/arm-none-eabi/10.3.1/../../../../arm-none-eabi/lib/thumb/v7-m/nofp\libc_nano.a(lib_a-init.o)
                              d:/stm32cubeide_1.10.0/stm32cubeide/plugins/com.st.stm32cube.ide.mcu.externaltools.gnu-tools-for-stm32.10.3-2021.10.win32_1.0.0.202111181127/tools/bin/../lib/gcc/arm-none-eabi/10.3.1/../../../../arm-none-eabi/lib/thumb/v7-m/nofp/crt0.o (__libc_init_array)
d:/stm32cubeide_1.10.0/stm32cubeide/plugins/com.st.stm32cube.ide.mcu.externaltools.gnu-tools-for-stm32.10.3-2021.10.win32_1.0.0.202111181127/tools/bin/../lib/gcc/arm-none-eabi/10.3.1/../../../../arm-none-eabi/lib/thumb/v7-m/nofp\libc_nano.a(lib_a-memset.o)
                              d:/stm32cubeide_1.10.0/stm32cubeide/plugins/com.st.stm32cube.ide.mcu.externaltools.gnu-tools-for-stm32.10.3-2021.10.win32_1.0.0.202111181127/tools/bin/../lib/gcc/arm-none-eabi/10.3.1/../../../../arm-none-eabi/lib/thumb/v7-m/nofp/crt0.o (memset)
d:/stm32cubeide_1.10.0/stm32cubeide/plugins/com.st.stm32cube.ide.mcu.externaltools.gnu-tools-for-stm32.10.3-2021.10.win32_1.0.0.202111181127/tools/bin/../lib/gcc/arm-none-eabi/10.3.1/../../../../arm-none-eabi/lib/thumb/v7-m/nofp\libc_nano.a(lib_a-sprintf.o)
                              ./Core/Src/main.o (sprintf)
d:/stm32cubeide_1.10.0/stm32cubeide/plugins/com.st.stm32cube.ide.mcu.externaltools.gnu-tools-for-stm32.10.3-2021.10.win32_1.0.0.202111181127/tools/bin/../lib/gcc/arm-none-eabi/10.3.1/../../../../arm-none-eabi/lib/thumb/v7-m/nofp\libc_nano.a(lib_a-nano-svfprintf.o)
                              d:/stm32cubeide_1.10.0/stm32cubeide/plugins/com.st.stm32cube.ide.mcu.externaltools.gnu-tools-for-stm32.10.3-2021.10.win32_1.0.0.202111181127/tools/bin/../lib/gcc/arm-none-eabi/10.3.1/../../../../arm-none-eabi/lib/thumb/v7-m/nofp\libc_nano.a(lib_a-sprintf.o) (_svfprintf_r)
d:/stm32cubeide_1.10.0/stm32cubeide/plugins/com.st.stm32cube.ide.mcu.externaltools.gnu-tools-for-stm32.10.3-2021.10.win32_1.0.0.202111181127/tools/bin/../lib/gcc/arm-none-eabi/10.3.1/../../../../arm-none-eabi/lib/thumb/v7-m/nofp\libc_nano.a(lib_a-nano-vfprintf_i.o)
                              d:/stm32cubeide_1.10.0/stm32cubeide/plugins/com.st.stm32cube.ide.mcu.externaltools.gnu-tools-for-stm32.10.3-2021.10.win32_1.0.0.202111181127/tools/bin/../lib/gcc/arm-none-eabi/10.3.1/../../../../arm-none-eabi/lib/thumb/v7-m/nofp\libc_nano.a(lib_a-nano-svfprintf.o) (_printf_i)
d:/stm32cubeide_1.10.0/stm32cubeide/plugins/com.st.stm32cube.ide.mcu.externaltools.gnu-tools-for-stm32.10.3-2021.10.win32_1.0.0.202111181127/tools/bin/../lib/gcc/arm-none-eabi/10.3.1/../../../../arm-none-eabi/lib/thumb/v7-m/nofp\libc_nano.a(lib_a-memchr-stub.o)
                              d:/stm32cubeide_1.10.0/stm32cubeide/plugins/com.st.stm32cube.ide.mcu.externaltools.gnu-tools-for-stm32.10.3-2021.10.win32_1.0.0.202111181127/tools/bin/../lib/gcc/arm-none-eabi/10.3.1/../../../../arm-none-eabi/lib/thumb/v7-m/nofp\libc_nano.a(lib_a-nano-svfprintf.o) (memchr)
d:/stm32cubeide_1.10.0/stm32cubeide/plugins/com.st.stm32cube.ide.mcu.externaltools.gnu-tools-for-stm32.10.3-2021.10.win32_1.0.0.202111181127/tools/bin/../lib/gcc/arm-none-eabi/10.3.1/../../../../arm-none-eabi/lib/thumb/v7-m/nofp\libc_nano.a(lib_a-memcpy-stub.o)
[...]
Memory Configuration

Name             Origin             Length             Attributes
RAM              0x0000000020000000 0x0000000000002800 xrw
FLASH            0x0000000008000000 0x0000000000008000 xr
*default*        0x0000000000000000 0xffffffffffffffff

Linker script and memory map

LOAD d:/stm32cubeide_1.10.0/stm32cubeide/plugins/com.st.stm32cube.ide.mcu.externaltools.gnu-tools-for-stm32.10.3-2021.10.win32_1.0.0.202111181127/tools/bin/../lib/gcc/arm-none-eabi/10.3.1/thumb/v7-m/nofp/crti.o
LOAD d:/stm32cubeide_1.10.0/stm32cubeide/plugins/com.st.stm32cube.ide.mcu.externaltools.gnu-tools-for-stm32.10.3-2021.10.win32_1.0.0.202111181127/tools/bin/../lib/gcc/arm-none-eabi/10.3.1/thumb/v7-m/nofp/crtbegin.o
LOAD d:/stm32cubeide_1.10.0/stm32cubeide/plugins/com.st.stm32cube.ide.mcu.externaltools.gnu-tools-for-stm32.10.3-2021.10.win32_1.0.0.202111181127/tools/bin/../lib/gcc/arm-none-eabi/10.3.1/../../../../arm-none-eabi/lib/thumb/v7-m/nofp/crt0.o
LOAD ./Core/Src/main.o
LOAD ./Core/Src/scheduler.o
LOAD ./Core/Src/stm32f1xx_hal_msp.o
LOAD ./Core/Src/stm32f1xx_it.o
LOAD ./Core/Src/syscalls.o
LOAD ./Core/Src/sysmem.o
LOAD ./Core/Src/system_stm32f1xx.o
LOAD ./Core/Startup/startup_stm32f103c6ux.o
LOAD ./Drivers/STM32F1xx_HAL_Driver/Src/stm32f1xx_hal.o
LOAD ./Drivers/STM32F1xx_HAL_Driver/Src/stm32f1xx_hal_adc.o
LOAD ./Drivers/STM32F1xx_HAL_Driver/Src/stm32f1xx_hal_adc_ex.o
LOAD ./Drivers/STM32F1xx_HAL_Driver/Src/stm32f1xx_hal_cortex.o
LOAD ./Drivers/STM32F1xx_HAL_Driver/Src/stm32f1xx_hal_dma.o
LOAD ./Drivers/STM32F1xx_HAL_Driver/Src/stm32f1xx_hal_exti.o
LOAD ./Drivers/STM32F1xx_HAL_Driver/Src/stm32f1xx_hal_flash.o
LOAD ./Drivers/STM32F1xx_HAL_Driver/Src/stm32f1xx_hal_flash_ex.o
LOAD ./Drivers/STM32F1xx_HAL_Driver/Src/stm32f1xx_hal_gpio.o
LOAD ./Drivers/STM32F1xx_HAL_Driver/Src/stm32f1xx_hal_gpio_ex.o
LOAD ./Drivers/STM32F1xx_HAL_Driver/Src/stm32f1xx_hal_pwr.o
LOAD ./Drivers/STM32F1xx_HAL_Driver/Src/stm32f1xx_hal_rcc.o
LOAD ./Drivers/STM32F1xx_HAL_Driver/Src/stm32f1xx_hal_rcc_ex.o
LOAD ./Drivers/STM32F1xx_HAL_Driver/Src/stm32f1xx_hal_tim.o
LOAD ./Drivers/STM32F1xx_HAL_Driver/Src/stm32f1xx_hal_tim_ex.o
LOAD ./Drivers/STM32F1xx_HAL_Driver/Src/stm32f1xx_hal_uart.o
START GROUP
LOAD d:/stm32cubeide_1.10.0/stm32cubeide/plugins/com.st.stm32cube.ide.mcu.externaltools.gnu-tools-for-stm32.10.3-2021.10.win32_1.0.0.202111181127/tools/bin/../lib/gcc/arm-none-eabi/10.3.1/../../../../arm-none-eabi/lib/thumb/v7-m/nofp\libc_nano.a
LOAD d:/stm32cubeide_1.10.0/stm32cubeide/plugins/com.st.stm32cube.ide.mcu.externaltools.gnu-tools-for-stm32.10.3-2021.10.win32_1.0.0.202111181127/tools/bin/../lib/gcc/arm-none-eabi/10.3.1/../../../../arm-none-eabi/lib/thumb/v7-m/nofp\libm.a
END GROUP
START GROUP
LOAD d:/stm32cubeide_1.10.0/stm32cubeide/plugins/com.st.stm32cube.ide.mcu.externaltools.gnu-tools-for-stm32.10.3-2021.10.win32_1.0.0.202111181127/tools/bin/../lib/gcc/arm-none-eabi/10.3.1/thumb/v7-m/nofp\libgcc.a
LOAD d:/stm32cubeide_1.10.0/stm32cubeide/plugins/com.st.stm32cube.ide.mcu.externaltools.gnu-tools-for-stm32.10.3-2021.10.win32_1.0.0.202111181127/tools/bin/../lib/gcc/arm-none-eabi/10.3.1/../../../../arm-none-eabi/lib/thumb/v7-m/nofp\libc_nano.a
END GROUP
START GROUP
LOAD d:/stm32cubeide_1.10.0/stm32cubeide/plugins/com.st.stm32cube.ide.mcu.externaltools.gnu-tools-for-stm32.10.3-2021.10.win32_1.0.0.202111181127/tools/bin/../lib/gcc/arm-none-eabi/10.3.1/thumb/v7-m/nofp\libgcc.a
LOAD d:/stm32cubeide_1.10.0/stm32cubeide/plugins/com.st.stm32cube.ide.mcu.externaltools.gnu-tools-for-stm32.10.3-2021.10.win32_1.0.0.202111181127/tools/bin/../lib/gcc/arm-none-eabi/10.3.1/../../../../arm-none-eabi/lib/thumb/v7-m/nofp\libc_nano.a
LOAD d:/stm32cubeide_1.10.0/stm32cubeide/plugins/com.st.stm32cube.ide.mcu.externaltools.gnu-tools-for-stm32.10.3-2021.10.win32_1.0.0.202111181127/tools/bin/../lib/gcc/arm-none-eabi/10.3.1/../../../../arm-none-eabi/lib/thumb/v7-m/nofp\libnosys.a
END GROUP
START GROUP
LOAD d:/stm32cubeide_1.10.0/stm32cubeide/plugins/com.st.stm32cube.ide.mcu.externaltools.gnu-tools-for-stm32.10.3-2021.10.win32_1.0.0.202111181127/tools/bin/../lib/gcc/arm-none-eabi/10.3.1/thumb/v7-m/nofp\libgcc.a
LOAD d:/stm32cubeide_1.10.0/stm32cubeide/plugins/com.st.stm32cube.ide.mcu.externaltools.gnu-tools-for-stm32.10.3-2021.10.win32_1.0.0.202111181127/tools/bin/../lib/gcc/arm-none-eabi/10.3.1/../../../../arm-none-eabi/lib/thumb/v7-m/nofp\libc_nano.a
LOAD d:/stm32cubeide_1.10.0/stm32cubeide/plugins/com.st.stm32cube.ide.mcu.externaltools.gnu-tools-for-stm32.10.3-2021.10.win32_1.0.0.202111181127/tools/bin/../lib/gcc/arm-none-eabi/10.3.1/../../../../arm-none-eabi/lib/thumb/v7-m/nofp\libnosys.a
END GROUP
LOAD d:/stm32cubeide_1.10.0/stm32cubeide/plugins/com.st.stm32cube.ide.mcu.externaltools.gnu-tools-for-stm32.10.3-2021.10.win32_1.0.0.202111181127/tools/bin/../lib/gcc/arm-none-eabi/10.3.1/thumb/v7-m/nofp/crtend.o
LOAD d:/stm32cubeide_1.10.0/stm32cubeide/plugins/com.st.stm32cube.ide.mcu.externaltools.gnu-tools-for-stm32.10.3-2021.10.win32_1.0.0.202111181127/tools/bin/../lib/gcc/arm-none-eabi/10.3.1/thumb/v7-m/nofp/crtn.o
                0x0000000020002800                _estack = (ORIGIN (RAM) + LENGTH (RAM))
                0x0000000000000200                _Min_Heap_Size = 0x200
                0x0000000000000400                _Min_Stack_Size = 0x400

.isr_vector     0x0000000008000000      0x10c
                0x0000000008000000                . = ALIGN (0x4)
 *(.isr_vector)
 .isr_vector    0x0000000008000000      0x10c ./Core/Startup/startup_stm32f103c6ux.o
                0x0000000008000000                g_pfnVectors
                0x000000000800010c                . = ALIGN (0x4)

.text           0x000000000800010c     0x4430
                0x000000000800010c                . = ALIGN (0x4)
 *(.text)
 .text          0x000000000800010c       0x40 d:/stm32cubeide_1.10.0/stm32cubeide/plugins/com.st.stm32cube.ide.mcu.externaltools.gnu-tools-for-stm32.10.3-2021.10.win32_1.0.0.202111181127/tools/bin/../lib/gcc/arm-none-eabi/10.3.1/thumb/v7-m/nofp/crtbegin.o
 *(.text*)
 .text.togglePA4
                0x000000000800014c       0x14 ./Core/Src/main.o
                0x000000000800014c                togglePA4
 .text.togglePA5
                0x0000000008000160       0x14 ./Core/Src/main.o
                0x0000000008000160                togglePA5
 .text.togglePA6
                0x0000000008000174       0x14 ./Core/Src/main.o
                0x0000000008000174                togglePA6
 .text.togglePA7
                0x0000000008000188       0x14 ./Core/Src/main.o
                0x0000000008000188                togglePA7
 .text.togglePA8
                0x000000000800019c       0x18 ./Core/Src/main.o
                0x000000000800019c                togglePA8
 .text.reset_buffer
                0x00000000080001b4       0x3c ./Core/Src/main.o
                0x00000000080001b4                reset_buffer
 .text.HAL_UART_RxCpltCallback
                0x00000000080001f0       0x74 ./Core/Src/main.o
                0x00000000080001f0                HAL_UART_RxCpltCallback
 .text.check_RST
                0x0000000008000264       0x34 ./Core/Src/main.o
                0x0000000008000264                check_RST
 .text.check_OK
                0x0000000008000298       0x2a ./Core/Src/main.o
                0x0000000008000298                check_OK
 *fill*         0x00000000080002c2        0x2 
 .text.cmd_parser_fsm
                0x00000000080002c4       0x88 ./Core/Src/main.o
                0x00000000080002c4                cmd_parser_fsm
 .text.uart_communication
                0x000000000800034c       0x84 ./Core/Src/main.o
                0x000000000800034c                uart_communication
 .text.run_parser_fsm
                0x00000000080003d0       0x20 ./Core/Src/main.o
                0x00000000080003d0                run_parser_fsm
 .text.main     0x00000000080003f0       0xb0 ./Core/Src/main.o
                0x00000000080003f0                main
 .text.SystemClock_Config
                0x00000000080004a0       0xa0 ./Core/Src/main.o
                0x00000000080004a0                SystemClock_Config
 .text.MX_ADC1_Init
                0x0000000008000540       0x7c ./Core/Src/main.o
 .text.MX_TIM2_Init
                0x00000000080005bc       0x98 ./Core/Src/main.o
 .text.MX_USART2_UART_Init
                0x0000000008000654       0x54 ./Core/Src/main.o
 .text.MX_GPIO_Init
                0x00000000080006a8       0x68 ./Core/Src/main.o
 .text.HAL_TIM_PeriodElapsedCallback
                0x0000000008000710       0x14 ./Core/Src/main.o
                0x0000000008000710                HAL_TIM_PeriodElapsedCallback
 .text.Error_Handler
                0x0000000008000724        0xa ./Core/Src/main.o
                0x0000000008000724                Error_Handler
 *fill*         0x000000000800072e        0x2 
 .text.SCH_Init
                0x0000000008000730       0x18 ./Core/Src/scheduler.o
                0x0000000008000730                SCH_Init
 .text.SCH_Add_Task
                0x0000000008000748      0x148 ./Core/Src/scheduler.o
                0x0000000008000748                SCH_Add_Task
 .text.SCH_Update
                0x0000000008000890       0xa4 ./Core/Src/scheduler.o
                0x0000000008000890                SCH_Update
 .text.SCH_Delete_Task
                0x0000000008000934       0xcc ./Core/Src/scheduler.o
                0x0000000008000934                SCH_Delete_Task
 .text.SCH_Dispatch_Tasks
                0x0000000008000a00       0xb8 ./Core/Src/scheduler.o
                0x0000000008000a00                SCH_Dispatch_Tasks
 .text.HAL_MspInit
                0x0000000008000ab8       0x64 ./Core/Src/stm32f1xx_hal_msp.o
                0x0000000008000ab8                HAL_MspInit
 .text.HAL_ADC_MspInit
                0x0000000008000b1c       0x88 ./Core/Src/stm32f1xx_hal_msp.o
                0x0000000008000b1c                HAL_ADC_MspInit
 .text.HAL_TIM_Base_MspInit
                0x0000000008000ba4       0x48 ./Core/Src/stm32f1xx_hal_msp.o
                0x0000000008000ba4                HAL_TIM_Base_MspInit
 .text.HAL_UART_MspInit
                0x0000000008000bec       0xa4 ./Core/Src/stm32f1xx_hal_msp.o
                0x0000000008000bec                HAL_UART_MspInit
 .text.NMI_Handler
                0x0000000008000c90        0x6 ./Core/Src/stm32f1xx_it.o
                0x0000000008000c90                NMI_Handler
 .text.HardFault_Handler
                0x0000000008000c96        0x6 ./Core/Src/stm32f1xx_it.o
                0x0000000008000c96                HardFault_Handler
 .text.MemManage_Handler
                0x0000000008000c9c        0x6 ./Core/Src/stm32f1xx_it.o
                0x0000000008000c9c                MemManage_Handler
 .text.BusFault_Handler
                0x0000000008000ca2        0x6 ./Core/Src/stm32f1xx_it.o
                0x0000000008000ca2                BusFault_Handler
 .text.UsageFault_Handler
                0x0000000008000ca8        0x6 ./Core/Src/stm32f1xx_it.o
                0x0000000008000ca8                UsageFault_Handler
 .text.SVC_Handler
                0x0000000008000cae        0xc ./Core/Src/stm32f1xx_it.o
                0x0000000008000cae                SVC_Handler
 .text.DebugMon_Handler
                0x0000000008000cba        0xc ./Core/Src/stm32f1xx_it.o
                0x0000000008000cba                DebugMon_Handler
 .text.PendSV_Handler
                0x0000000008000cc6        0xc ./Core/Src/stm32f1xx_it.o
                0x0000000008000cc6                PendSV_Handler
 .text.SysTick_Handler
                0x0000000008000cd2        0xc ./Core/Src/stm32f1xx_it.o
                0x0000000008000cd2                SysTick_Handler
 *fill*         0x0000000008000cde        0x2 
 .text.ADC1_2_IRQHandler
                0x0000000008000ce0       0x14 ./Core/Src/stm32f1xx_it.o
                0x0000000008000ce0                ADC1_2_IRQHandler
 .text.TIM2_IRQHandler
                0x0000000008000cf4       0x14 ./Core/Src/stm32f1xx_it.o
                0x0000000008000cf4                TIM2_IRQHandler
 .text.USART2_IRQHandler
                0x0000000008000d08       0x14 ./Core/Src/stm32f1xx_it.o
                0x0000000008000d08                USART2_IRQHandler
 .text._sbrk    0x0000000008000d1c       0x6c ./Core/Src/sysmem.o
                0x0000000008000d1c                _sbrk
 .text.SystemInit
                0x0000000008000d88        0xc ./Core/Src/system_stm32f1xx.o
                0x0000000008000d88                SystemInit
 .text.Reset_Handler
                0x0000000008000d94       0x48 ./Core/Startup/startup_stm32f103c6ux.o
                0x0000000008000d94                Reset_Handler
 .text.Default_Handler
                0x0000000008000ddc        0x2 ./Core/Startup/startup_stm32f103c6ux.o
                0x0000000008000ddc                RTC_Alarm_IRQHandler
                0x0000000008000ddc                EXTI2_IRQHandler
                0x0000000008000ddc                TIM1_CC_IRQHandler
                0x0000000008000ddc                PVD_IRQHandler
                0x0000000008000ddc                EXTI3_IRQHandler
                0x0000000008000ddc                EXTI0_IRQHandler
                0x0000000008000ddc                SPI1_IRQHandler
                0x0000000008000ddc                TAMPER_IRQHandler
                0x0000000008000ddc                DMA1_Channel4_IRQHandler
                0x0000000008000ddc                RTC_IRQHandler
                0x0000000008000ddc                DMA1_Channel7_IRQHandler
                0x0000000008000ddc                CAN1_RX1_IRQHandler
                0x0000000008000ddc                I2C1_EV_IRQHandler
                0x0000000008000ddc                DMA1_Channel6_IRQHandler
                0x0000000008000ddc                TIM3_IRQHandler
                0x0000000008000ddc                RCC_IRQHandler
                0x0000000008000ddc                TIM1_TRG_COM_IRQHandler
                0x0000000008000ddc                DMA1_Channel1_IRQHandler
                0x0000000008000ddc                Default_Handler
                0x0000000008000ddc                EXTI15_10_IRQHandler
                0x0000000008000ddc                EXTI9_5_IRQHandler
                0x0000000008000ddc                DMA1_Channel5_IRQHandler
                0x0000000008000ddc                EXTI4_IRQHandler
                0x0000000008000ddc                USB_LP_CAN1_RX0_IRQHandler
                0x0000000008000ddc                USB_HP_CAN1_TX_IRQHandler
                0x0000000008000ddc                DMA1_Channel3_IRQHandler
                0x0000000008000ddc                TIM1_UP_IRQHandler
                0x0000000008000ddc                WWDG_IRQHandler
                0x0000000008000ddc                TIM1_BRK_IRQHandler
                0x0000000008000ddc                EXTI1_IRQHandler
                0x0000000008000ddc                DMA1_Channel2_IRQHandler
                0x0000000008000ddc                CAN1_SCE_IRQHandler
                0x0000000008000ddc                FLASH_IRQHandler
                0x0000000008000ddc                USART1_IRQHandler
                0x0000000008000ddc                I2C1_ER_IRQHandler
                0x0000000008000ddc                USBWakeUp_IRQHandler
 *fill*         0x0000000008000dde        0x2 
 .text.HAL_Init
                0x0000000008000de0       0x2c ./Drivers/STM32F1xx_HAL_Driver/Src/stm32f1xx_hal.o
                0x0000000008000de0                HAL_Init
 .text.HAL_InitTick
                0x0000000008000e0c       0x60 ./Drivers/STM32F1xx_HAL_Driver/Src/stm32f1xx_hal.o
                0x0000000008000e0c                HAL_InitTick
 .text.HAL_IncTick
                0x0000000008000e6c       0x24 ./Drivers/STM32F1xx_HAL_Driver/Src/stm32f1xx_hal.o
                0x0000000008000e6c                HAL_IncTick
 .text.HAL_GetTick
                0x0000000008000e90       0x14 ./Drivers/STM32F1xx_HAL_Driver/Src/stm32f1xx_hal.o
                0x0000000008000e90                HAL_GetTick
 .text.HAL_ADC_Init
                0x0000000008000ea4      0x1b0 ./Drivers/STM32F1xx_HAL_Driver/Src/stm32f1xx_hal_adc.o
                0x0000000008000ea4                HAL_ADC_Init
 .text.HAL_ADC_Start
                0x0000000008001054      0x15c ./Drivers/STM32F1xx_HAL_Driver/Src/stm32f1xx_hal_adc.o
                0x0000000008001054                HAL_ADC_Start
 .text.HAL_ADC_GetValue
                0x00000000080011b0       0x18 ./Drivers/STM32F1xx_HAL_Driver/Src/stm32f1xx_hal_adc.o
                0x00000000080011b0                HAL_ADC_GetValue
 .text.HAL_ADC_IRQHandler
                0x00000000080011c8      0x17e ./Drivers/STM32F1xx_HAL_Driver/Src/stm32f1xx_hal_adc.o
                0x00000000080011c8                HAL_ADC_IRQHandler
 .text.HAL_ADC_ConvCpltCallback
                0x0000000008001346       0x12 ./Drivers/STM32F1xx_HAL_Driver/Src/stm32f1xx_hal_adc.o
                0x0000000008001346                HAL_ADC_ConvCpltCallback
 .text.HAL_ADC_LevelOutOfWindowCallback
                0x0000000008001358       0x12 ./Drivers/STM32F1xx_HAL_Driver/Src/stm32f1xx_hal_adc.o
                0x0000000008001358                HAL_ADC_LevelOutOfWindowCallback
 *fill*         0x000000000800136a        0x2 
 .text.HAL_ADC_ConfigChannel
                0x000000000800136c      0x1f0 ./Drivers/STM32F1xx_HAL_Driver/Src/stm32f1xx_hal_adc.o
                0x000000000800136c                HAL_ADC_ConfigChannel
 .text.ADC_Enable
                0x000000000800155c       0xb4 ./Drivers/STM32F1xx_HAL_Driver/Src/stm32f1xx_hal_adc.o
                0x000000000800155c                ADC_Enable
 .text.ADC_ConversionStop_Disable
                0x0000000008001610       0x82 ./Drivers/STM32F1xx_HAL_Driver/Src/stm32f1xx_hal_adc.o
                0x0000000008001610                ADC_ConversionStop_Disable
 .text.HAL_ADCEx_InjectedConvCpltCallback
                0x0000000008001692       0x12 ./Drivers/STM32F1xx_HAL_Driver/Src/stm32f1xx_hal_adc_ex.o
                0x0000000008001692                HAL_ADCEx_InjectedConvCpltCallback
 .text.__NVIC_SetPriorityGrouping
                0x00000000080016a4       0x48 ./Drivers/STM32F1xx_HAL_Driver/Src/stm32f1xx_hal_cortex.o
 .text.__NVIC_GetPriorityGrouping
                0x00000000080016ec       0x1c ./Drivers/STM32F1xx_HAL_Driver/Src/stm32f1xx_hal_cortex.o
 .text.__NVIC_EnableIRQ
                0x0000000008001708       0x38 ./Drivers/STM32F1xx_HAL_Driver/Src/stm32f1xx_hal_cortex.o
 .text.__NVIC_SetPriority
                0x0000000008001740       0x54 ./Drivers/STM32F1xx_HAL_Driver/Src/stm32f1xx_hal_cortex.o
 .text.NVIC_EncodePriority
                0x0000000008001794       0x64 ./Drivers/STM32F1xx_HAL_Driver/Src/stm32f1xx_hal_cortex.o
 .text.SysTick_Config
                0x00000000080017f8       0x44 ./Drivers/STM32F1xx_HAL_Driver/Src/stm32f1xx_hal_cortex.o
 .text.HAL_NVIC_SetPriorityGrouping
                0x000000000800183c       0x16 ./Drivers/STM32F1xx_HAL_Driver/Src/stm32f1xx_hal_cortex.o
                0x000000000800183c                HAL_NVIC_SetPriorityGrouping
 .text.HAL_NVIC_SetPriority
                0x0000000008001852       0x38 ./Drivers/STM32F1xx_HAL_Driver/Src/stm32f1xx_hal_cortex.o
                0x0000000008001852                HAL_NVIC_SetPriority
 .text.HAL_NVIC_EnableIRQ
                0x000000000800188a       0x1c ./Drivers/STM32F1xx_HAL_Driver/Src/stm32f1xx_hal_cortex.o
                0x000000000800188a                HAL_NVIC_EnableIRQ
 .text.HAL_SYSTICK_Config
                0x00000000080018a6       0x18 ./Drivers/STM32F1xx_HAL_Driver/Src/stm32f1xx_hal_cortex.o
                0x00000000080018a6                HAL_SYSTICK_Config
 .text.HAL_DMA_Abort
                0x00000000080018be       0x76 ./Drivers/STM32F1xx_HAL_Driver/Src/stm32f1xx_hal_dma.o
                0x00000000080018be                HAL_DMA_Abort
 .text.HAL_DMA_Abort_IT
                0x0000000008001934       0xf0 ./Drivers/STM32F1xx_HAL_Driver/Src/stm32f1xx_hal_dma.o
                0x0000000008001934                HAL_DMA_Abort_IT
 .text.HAL_GPIO_Init
                0x0000000008001a24      0x2f8 ./Drivers/STM32F1xx_HAL_Driver/Src/stm32f1xx_hal_gpio.o
                0x0000000008001a24                HAL_GPIO_Init
 .text.HAL_GPIO_WritePin
                0x0000000008001d1c       0x30 ./Drivers/STM32F1xx_HAL_Driver/Src/stm32f1xx_hal_gpio.o
                0x0000000008001d1c                HAL_GPIO_WritePin
 .text.HAL_GPIO_TogglePin
                0x0000000008001d4c       0x32 ./Drivers/STM32F1xx_HAL_Driver/Src/stm32f1xx_hal_gpio.o
                0x0000000008001d4c                HAL_GPIO_TogglePin
 *fill*         0x0000000008001d7e        0x2 
 .text.HAL_RCC_OscConfig
                0x0000000008001d80      0x504 ./Drivers/STM32F1xx_HAL_Driver/Src/stm32f1xx_hal_rcc.o
                0x0000000008001d80                HAL_RCC_OscConfig
 .text.HAL_RCC_ClockConfig
                0x0000000008002284      0x1d4 ./Drivers/STM32F1xx_HAL_Driver/Src/stm32f1xx_hal_rcc.o
                0x0000000008002284                HAL_RCC_ClockConfig
 .text.HAL_RCC_GetSysClockFreq
                0x0000000008002458       0xa8 ./Drivers/STM32F1xx_HAL_Driver/Src/stm32f1xx_hal_rcc.o
                0x0000000008002458                HAL_RCC_GetSysClockFreq
 .text.HAL_RCC_GetHCLKFreq
                0x0000000008002500       0x14 ./Drivers/STM32F1xx_HAL_Driver/Src/stm32f1xx_hal_rcc.o
                0x0000000008002500                HAL_RCC_GetHCLKFreq
 .text.HAL_RCC_GetPCLK1Freq
                0x0000000008002514       0x28 ./Drivers/STM32F1xx_HAL_Driver/Src/stm32f1xx_hal_rcc.o
                0x0000000008002514                HAL_RCC_GetPCLK1Freq
 .text.HAL_RCC_GetPCLK2Freq
                0x000000000800253c       0x28 ./Drivers/STM32F1xx_HAL_Driver/Src/stm32f1xx_hal_rcc.o
                0x000000000800253c                HAL_RCC_GetPCLK2Freq
 .text.RCC_Delay
                0x0000000008002564       0x3c ./Drivers/STM32F1xx_HAL_Driver/Src/stm32f1xx_hal_rcc.o
 .text.HAL_RCCEx_PeriphCLKConfig
                0x00000000080025a0      0x16c ./Drivers/STM32F1xx_HAL_Driver/Src/stm32f1xx_hal_rcc_ex.o
                0x00000000080025a0                HAL_RCCEx_PeriphCLKConfig
 .text.HAL_TIM_Base_Init
                0x000000000800270c       0x9e ./Drivers/STM32F1xx_HAL_Driver/Src/stm32f1xx_hal_tim.o
                0x000000000800270c                HAL_TIM_Base_Init
 *fill*         0x00000000080027aa        0x2 
 .text.HAL_TIM_Base_Start_IT
                0x00000000080027ac       0x98 ./Drivers/STM32F1xx_HAL_Driver/Src/stm32f1xx_hal_tim.o
                0x00000000080027ac                HAL_TIM_Base_Start_IT
 .text.HAL_TIM_IRQHandler
                0x0000000008002844      0x210 ./Drivers/STM32F1xx_HAL_Driver/Src/stm32f1xx_hal_tim.o
                0x0000000008002844                HAL_TIM_IRQHandler
 .text.HAL_TIM_ConfigClockSource
                0x0000000008002a54      0x18e ./Drivers/STM32F1xx_HAL_Driver/Src/stm32f1xx_hal_tim.o
                0x0000000008002a54                HAL_TIM_ConfigClockSource
 .text.HAL_TIM_OC_DelayElapsedCallback
                0x0000000008002be2       0x12 ./Drivers/STM32F1xx_HAL_Driver/Src/stm32f1xx_hal_tim.o
                0x0000000008002be2                HAL_TIM_OC_DelayElapsedCallback
 .text.HAL_TIM_IC_CaptureCallback
                0x0000000008002bf4       0x12 ./Drivers/STM32F1xx_HAL_Driver/Src/stm32f1xx_hal_tim.o
                0x0000000008002bf4                HAL_TIM_IC_CaptureCallback
 .text.HAL_TIM_PWM_PulseFinishedCallback
                0x0000000008002c06       0x12 ./Drivers/STM32F1xx_HAL_Driver/Src/stm32f1xx_hal_tim.o
                0x0000000008002c06                HAL_TIM_PWM_PulseFinishedCallback
 .text.HAL_TIM_TriggerCallback
                0x0000000008002c18       0x12 ./Drivers/STM32F1xx_HAL_Driver/Src/stm32f1xx_hal_tim.o
                0x0000000008002c18                HAL_TIM_TriggerCallback
 *fill*         0x0000000008002c2a        0x2 
 .text.TIM_Base_SetConfig
                0x0000000008002c2c       0xb0 ./Drivers/STM32F1xx_HAL_Driver/Src/stm32f1xx_hal_tim.o
                0x0000000008002c2c                TIM_Base_SetConfig
 .text.TIM_TI1_ConfigInputStage
                0x0000000008002cdc       0x5c ./Drivers/STM32F1xx_HAL_Driver/Src/stm32f1xx_hal_tim.o
 .text.TIM_TI2_ConfigInputStage
                0x0000000008002d38       0x5e ./Drivers/STM32F1xx_HAL_Driver/Src/stm32f1xx_hal_tim.o
 .text.TIM_ITRx_SetConfig
                0x0000000008002d96       0x34 ./Drivers/STM32F1xx_HAL_Driver/Src/stm32f1xx_hal_tim.o
 .text.TIM_ETR_SetConfig
                0x0000000008002dca       0x3e ./Drivers/STM32F1xx_HAL_Driver/Src/stm32f1xx_hal_tim.o
                0x0000000008002dca                TIM_ETR_SetConfig
 .text.HAL_TIMEx_MasterConfigSynchronization
                0x0000000008002e08       0xb0 ./Drivers/STM32F1xx_HAL_Driver/Src/stm32f1xx_hal_tim_ex.o
                0x0000000008002e08                HAL_TIMEx_MasterConfigSynchronization
 .text.HAL_TIMEx_CommutCallback
                0x0000000008002eb8       0x12 ./Drivers/STM32F1xx_HAL_Driver/Src/stm32f1xx_hal_tim_ex.o
                0x0000000008002eb8                HAL_TIMEx_CommutCallback
 .text.HAL_TIMEx_BreakCallback
                0x0000000008002eca       0x12 ./Drivers/STM32F1xx_HAL_Driver/Src/stm32f1xx_hal_tim_ex.o
                0x0000000008002eca                HAL_TIMEx_BreakCallback
 .text.HAL_UART_Init
                0x0000000008002edc       0xa0 ./Drivers/STM32F1xx_HAL_Driver/Src/stm32f1xx_hal_uart.o
                0x0000000008002edc                HAL_UART_Init
 .text.HAL_UART_Transmit
                0x0000000008002f7c      0x106 ./Drivers/STM32F1xx_HAL_Driver/Src/stm32f1xx_hal_uart.o
                0x0000000008002f7c                HAL_UART_Transmit
 .text.HAL_UART_Receive_IT
                0x0000000008003082       0x4a ./Drivers/STM32F1xx_HAL_Driver/Src/stm32f1xx_hal_uart.o
                0x0000000008003082                HAL_UART_Receive_IT
 .text.HAL_UART_IRQHandler
                0x00000000080030cc      0x524 ./Drivers/STM32F1xx_HAL_Driver/Src/stm32f1xx_hal_uart.o
                0x00000000080030cc                HAL_UART_IRQHandler
 .text.HAL_UART_TxCpltCallback
                0x00000000080035f0       0x12 ./Drivers/STM32F1xx_HAL_Driver/Src/stm32f1xx_hal_uart.o
                0x00000000080035f0                HAL_UART_TxCpltCallback
 .text.HAL_UART_ErrorCallback
                0x0000000008003602       0x12 ./Drivers/STM32F1xx_HAL_Driver/Src/stm32f1xx_hal_uart.o
                0x0000000008003602                HAL_UART_ErrorCallback
 .text.HAL_UARTEx_RxEventCallback
                0x0000000008003614       0x16 ./Drivers/STM32F1xx_HAL_Driver/Src/stm32f1xx_hal_uart.o
                0x0000000008003614                HAL_UARTEx_RxEventCallback
 .text.UART_WaitOnFlagUntilTimeout
                0x000000000800362a       0xdc ./Drivers/STM32F1xx_HAL_Driver/Src/stm32f1xx_hal_uart.o
 .text.UART_Start_Receive_IT
                0x0000000008003706       0x72 ./Drivers/STM32F1xx_HAL_Driver/Src/stm32f1xx_hal_uart.o
                0x0000000008003706                UART_Start_Receive_IT
 .text.UART_EndRxTransfer
                0x0000000008003778       0xc4 ./Drivers/STM32F1xx_HAL_Driver/Src/stm32f1xx_hal_uart.o
 .text.UART_DMAAbortOnError
                0x000000000800383c       0x28 ./Drivers/STM32F1xx_HAL_Driver/Src/stm32f1xx_hal_uart.o
 .text.UART_Transmit_IT
                0x0000000008003864       0x9e ./Drivers/STM32F1xx_HAL_Driver/Src/stm32f1xx_hal_uart.o
 .text.UART_EndTransmit_IT
                0x0000000008003902       0x30 ./Drivers/STM32F1xx_HAL_Driver/Src/stm32f1xx_hal_uart.o
 .text.UART_Receive_IT
                0x0000000008003932      0x17c ./Drivers/STM32F1xx_HAL_Driver/Src/stm32f1xx_hal_uart.o
 *fill*         0x0000000008003aae        0x2 
 .text.UART_SetConfig
                0x0000000008003ab0      0x11c ./Drivers/STM32F1xx_HAL_Driver/Src/stm32f1xx_hal_uart.o
 .text.__errno  0x0000000008003bcc        0xc d:/stm32cubeide_1.10.0/stm32cubeide/plugins/com.st.stm32cube.ide.mcu.externaltools.gnu-tools-for-stm32.10.3-2021.10.win32_1.0.0.202111181127/tools/bin/../lib/gcc/arm-none-eabi/10.3.1/../../../../arm-none-eabi/lib/thumb/v7-m/nofp\libc_nano.a(lib_a-errno.o)
                0x0000000008003bcc                __errno
 .text.__libc_init_array
                0x0000000008003bd8       0x48 d:/stm32cubeide_1.10.0/stm32cubeide/plugins/com.st.stm32cube.ide.mcu.externaltools.gnu-tools-for-stm32.10.3-2021.10.win32_1.0.0.202111181127/tools/bin/../lib/gcc/arm-none-eabi/10.3.1/../../../../arm-none-eabi/lib/thumb/v7-m/nofp\libc_nano.a(lib_a-init.o)
                0x0000000008003bd8                __libc_init_array
 .text.memset   0x0000000008003c20       0x10 d:/stm32cubeide_1.10.0/stm32cubeide/plugins/com.st.stm32cube.ide.mcu.externaltools.gnu-tools-for-stm32.10.3-2021.10.win32_1.0.0.202111181127/tools/bin/../lib/gcc/arm-none-eabi/10.3.1/../../../../arm-none-eabi/lib/thumb/v7-m/nofp\libc_nano.a(lib_a-memset.o)
                0x0000000008003c20                memset
 .text.sprintf  0x0000000008003c30       0x40 d:/stm32cubeide_1.10.0/stm32cubeide/plugins/com.st.stm32cube.ide.mcu.externaltools.gnu-tools-for-stm32.10.3-2021.10.win32_1.0.0.202111181127/tools/bin/../lib/gcc/arm-none-eabi/10.3.1/../../../../arm-none-eabi/lib/thumb/v7-m/nofp\libc_nano.a(lib_a-sprintf.o)
                0x0000000008003c30                siprintf
                0x0000000008003c30                sprintf
 .text.__ssputs_r
                0x0000000008003c70       0xb6 d:/stm32cubeide_1.10.0/stm32cubeide/plugins/com.st.stm32cube.ide.mcu.externaltools.gnu-tools-for-stm32.10.3-2021.10.win32_1.0.0.202111181127/tools/bin/../lib/gcc/arm-none-eabi/10.3.1/../../../../arm-none-eabi/lib/thumb/v7-m/nofp\libc_nano.a(lib_a-nano-svfprintf.o)
                0x0000000008003c70                __ssputs_r
 *fill*         0x0000000008003d26        0x2 
 .text._svfprintf_r
                0x0000000008003d28      0x200 d:/stm32cubeide_1.10.0/stm32cubeide/plugins/com.st.stm32cube.ide.mcu.externaltools.gnu-tools-for-stm32.10.3-2021.10.win32_1.0.0.202111181127/tools/bin/../lib/gcc/arm-none-eabi/10.3.1/../../../../arm-none-eabi/lib/thumb/v7-m/nofp\libc_nano.a(lib_a-nano-svfprintf.o)
                0x0000000008003d28                _svfiprintf_r
                0x0000000008003d28                _svfprintf_r
 .text._printf_common
                0x0000000008003f28       0xde d:/stm32cubeide_1.10.0/stm32cubeide/plugins/com.st.stm32cube.ide.mcu.externaltools.gnu-tools-for-stm32.10.3-2021.10.win32_1.0.0.202111181127/tools/bin/../lib/gcc/arm-none-eabi/10.3.1/../../../../arm-none-eabi/lib/thumb/v7-m/nofp\libc_nano.a(lib_a-nano-vfprintf_i.o)
                0x0000000008003f28                _printf_common
 *fill*         0x0000000008004006        0x2 
 .text._printf_i
                0x0000000008004008      0x24c d:/stm32cubeide_1.10.0/stm32cubeide/plugins/com.st.stm32cube.ide.mcu.externaltools.gnu-tools-for-stm32.10.3-2021.10.win32_1.0.0.202111181127/tools/bin/../lib/gcc/arm-none-eabi/10.3.1/../../../../arm-none-eabi/lib/thumb/v7-m/nofp\libc_nano.a(lib_a-nano-vfprintf_i.o)
                0x0000000008004008                _printf_i
 .text.memchr   0x0000000008004254       0x1c d:/stm32cubeide_1.10.0/stm32cubeide/plugins/com.st.stm32cube.ide.mcu.externaltools.gnu-tools-for-stm32.10.3-2021.10.win32_1.0.0.202111181127/tools/bin/../lib/gcc/arm-none-eabi/10.3.1/../../../../arm-none-eabi/lib/thumb/v7-m/nofp\libc_nano.a(lib_a-memchr-stub.o)
                0x0000000008004254                memchr
 .text.memcpy   0x0000000008004270       0x1c d:/stm32cubeide_1.10.0/stm32cubeide/plugins/com.st.stm32cube.ide.mcu.externaltools.gnu-tools-for-stm32.10.3-2021.10.win32_1.0.0.202111181127/tools/bin/../lib/gcc/arm-none-eabi/10.3.1/../../../../arm-none-eabi/lib/thumb/v7-m/nofp\libc_nano.a(lib_a-memcpy-stub.o)
                0x0000000008004270                memcpy
 .text.memmove  0x000000000800428c       0x34 d:/stm32cubeide_1.10.0/stm32cubeide/plugins/com.st.stm32cube.ide.mcu.externaltools.gnu-tools-for-stm32.10.3-2021.10.win32_1.0.0.202111181127/tools/bin/../lib/gcc/arm-none-eabi/10.3.1/../../../../arm-none-eabi/lib/thumb/v7-m/nofp\libc_nano.a(lib_a-memmove.o)
                0x000000000800428c                memmove
 .text._free_r  0x00000000080042c0       0x90 d:/stm32cubeide_1.10.0/stm32cubeide/plugins/com.st.stm32cube.ide.mcu.externaltools.gnu-tools-for-stm32.10.3-2021.10.win32_1.0.0.202111181127/tools/bin/../lib/gcc/arm-none-eabi/10.3.1/../../../../arm-none-eabi/lib/thumb/v7-m/nofp\libc_nano.a(lib_a-nano-freer.o)
                0x00000000080042c0                _free_r
 .text.sbrk_aligned
                0x0000000008004350       0x40 d:/stm32cubeide_1.10.0/stm32cubeide/plugins/com.st.stm32cube.ide.mcu.externaltools.gnu-tools-for-stm32.10.3-2021.10.win32_1.0.0.202111181127/tools/bin/../lib/gcc/arm-none-eabi/10.3.1/../../../../arm-none-eabi/lib/thumb/v7-m/nofp\libc_nano.a(lib_a-nano-mallocr.o)
 .text._malloc_r
                0x0000000008004390       0xe8 d:/stm32cubeide_1.10.0/stm32cubeide/plugins/com.st.stm32cube.ide.mcu.externaltools.gnu-tools-for-stm32.10.3-2021.10.win32_1.0.0.202111181127/tools/bin/../lib/gcc/arm-none-eabi/10.3.1/../../../../arm-none-eabi/lib/thumb/v7-m/nofp\libc_nano.a(lib_a-nano-mallocr.o)
                0x0000000008004390                _malloc_r
 .text._realloc_r
                0x0000000008004478       0x5e d:/stm32cubeide_1.10.0/stm32cubeide/plugins/com.st.stm32cube.ide.mcu.externaltools.gnu-tools-for-stm32.10.3-2021.10.win32_1.0.0.202111181127/tools/bin/../lib/gcc/arm-none-eabi/10.3.1/../../../../arm-none-eabi/lib/thumb/v7-m/nofp\libc_nano.a(lib_a-nano-reallocr.o)
                0x0000000008004478                _realloc_r
 *fill*         0x00000000080044d6        0x2 
 .text._sbrk_r  0x00000000080044d8       0x20 d:/stm32cubeide_1.10.0/stm32cubeide/plugins/com.st.stm32cube.ide.mcu.externaltools.gnu-tools-for-stm32.10.3-2021.10.win32_1.0.0.202111181127/tools/bin/../lib/gcc/arm-none-eabi/10.3.1/../../../../arm-none-eabi/lib/thumb/v7-m/nofp\libc_nano.a(lib_a-sbrkr.o)
                0x00000000080044d8                _sbrk_r
 .text.__malloc_lock
                0x00000000080044f8        0xc d:/stm32cubeide_1.10.0/stm32cubeide/plugins/com.st.stm32cube.ide.mcu.externaltools.gnu-tools-for-stm32.10.3-2021.10.win32_1.0.0.202111181127/tools/bin/../lib/gcc/arm-none-eabi/10.3.1/../../../../arm-none-eabi/lib/thumb/v7-m/nofp\libc_nano.a(lib_a-mlock.o)
                0x00000000080044f8                __malloc_lock
 .text.__malloc_unlock
                0x0000000008004504        0xc d:/stm32cubeide_1.10.0/stm32cubeide/plugins/com.st.stm32cube.ide.mcu.externaltools.gnu-tools-for-stm32.10.3-2021.10.win32_1.0.0.202111181127/tools/bin/../lib/gcc/arm-none-eabi/10.3.1/../../../../arm-none-eabi/lib/thumb/v7-m/nofp\libc_nano.a(lib_a-mlock.o)
                0x0000000008004504                __malloc_unlock
 .text._malloc_usable_size_r
                0x0000000008004510       0x10 d:/stm32cubeide_1.10.0/stm32cubeide/plugins/com.st.stm32cube.ide.mcu.externaltools.gnu-tools-for-stm32.10.3-2021.10.win32_1.0.0.202111181127/tools/bin/../lib/gcc/arm-none-eabi/10.3.1/../../../../arm-none-eabi/lib/thumb/v7-m/nofp\libc_nano.a(lib_a-nano-msizer.o)
                0x0000000008004510                _malloc_usable_size_r
 .text.__retarget_lock_acquire_recursive
                0x0000000008004520        0x2 d:/stm32cubeide_1.10.0/stm32cubeide/plugins/com.st.stm32cube.ide.mcu.externaltools.gnu-tools-for-stm32.10.3-2021.10.win32_1.0.0.202111181127/tools/bin/../lib/gcc/arm-none-eabi/10.3.1/../../../../arm-none-eabi/lib/thumb/v7-m/nofp\libc_nano.a(lib_a-lock.o)
                0x0000000008004520                __retarget_lock_acquire_recursive
 .text.__retarget_lock_release_recursive
                0x0000000008004522        0x2 d:/stm32cubeide_1.10.0/stm32cubeide/plugins/com.st.stm32cube.ide.mcu.externaltools.gnu-tools-for-stm32.10.3-2021.10.win32_1.0.0.202111181127/tools/bin/../lib/gcc/arm-none-eabi/10.3.1/../../../../arm-none-eabi/lib/thumb/v7-m/nofp\libc_nano.a(lib_a-lock.o)
                0x0000000008004522                __retarget_lock_release_recursive
 *(.glue_7)
 .glue_7        0x0000000008004524        0x0 linker stubs
 *(.glue_7t)
 .glue_7t       0x0000000008004524        0x0 linker stubs
 *(.eh_frame)
 .eh_frame      0x0000000008004524        0x0 d:/stm32cubeide_1.10.0/stm32cubeide/plugins/com.st.stm32cube.ide.mcu.externaltools.gnu-tools-for-stm32.10.3-2021.10.win32_1.0.0.202111181127/tools/bin/../lib/gcc/arm-none-eabi/10.3.1/thumb/v7-m/nofp/crtbegin.o
 *(.init)
 .init          0x0000000008004524        0x4 d:/stm32cubeide_1.10.0/stm32cubeide/plugins/com.st.stm32cube.ide.mcu.externaltools.gnu-tools-for-stm32.10.3-2021.10.win32_1.0.0.202111181127/tools/bin/../lib/gcc/arm-none-eabi/10.3.1/thumb/v7-m/nofp/crti.o
                0x0000000008004524                _init
 .init          0x0000000008004528        0x8 d:/stm32cubeide_1.10.0/stm32cubeide/plugins/com.st.stm32cube.ide.mcu.externaltools.gnu-tools-for-stm32.10.3-2021.10.win32_1.0.0.202111181127/tools/bin/../lib/gcc/arm-none-eabi/10.3.1/thumb/v7-m/nofp/crtn.o
 *(.fini)
 .fini          0x0000000008004530        0x4 d:/stm32cubeide_1.10.0/stm32cubeide/plugins/com.st.stm32cube.ide.mcu.externaltools.gnu-tools-for-stm32.10.3-2021.10.win32_1.0.0.202111181127/tools/bin/../lib/gcc/arm-none-eabi/10.3.1/thumb/v7-m/nofp/crti.o
                0x0000000008004530                _fini
 .fini          0x0000000008004534        0x8 d:/stm32cubeide_1.10.0/stm32cubeide/plugins/com.st.stm32cube.ide.mcu.externaltools.gnu-tools-for-stm32.10.3-2021.10.win32_1.0.0.202111181127/tools/bin/../lib/gcc/arm-none-eabi/10.3.1/thumb/v7-m/nofp/crtn.o
                0x000000000800453c                . = ALIGN (0x4)
                0x000000000800453c                _etext = .

.vfp11_veneer   0x000000000800453c        0x0
 .vfp11_veneer  0x000000000800453c        0x0 linker stubs

.v4_bx          0x000000000800453c        0x0
 .v4_bx         0x000000000800453c        0x0 linker stubs

.iplt           0x000000000800453c        0x0
 .iplt          0x000000000800453c        0x0 d:/stm32cubeide_1.10.0/stm32cubeide/plugins/com.st.stm32cube.ide.mcu.externaltools.gnu-tools-for-stm32.10.3-2021.10.win32_1.0.0.202111181127/tools/bin/../lib/gcc/arm-none-eabi/10.3.1/thumb/v7-m/nofp/crtbegin.o

.rodata         0x000000000800453c       0x6c
                0x000000000800453c                . = ALIGN (0x4)
 *(.rodata)
 .rodata        0x000000000800453c        0xb ./Core/Src/main.o
 *(.rodata*)
 *fill*         0x0000000008004547        0x1 
 .rodata.AHBPrescTable
                0x0000000008004548       0x10 ./Core/Src/system_stm32f1xx.o
                0x0000000008004548                AHBPrescTable
 .rodata.APBPrescTable
                0x0000000008004558        0x8 ./Core/Src/system_stm32f1xx.o
                0x0000000008004558                APBPrescTable
 .rodata.aPLLMULFactorTable.1
                0x0000000008004560       0x10 ./Drivers/STM32F1xx_HAL_Driver/Src/stm32f1xx_hal_rcc.o
 .rodata.aPredivFactorTable.0
                0x0000000008004570        0x2 ./Drivers/STM32F1xx_HAL_Driver/Src/stm32f1xx_hal_rcc.o
 .rodata._svfprintf_r.str1.1
                0x0000000008004572       0x11 d:/stm32cubeide_1.10.0/stm32cubeide/plugins/com.st.stm32cube.ide.mcu.externaltools.gnu-tools-for-stm32.10.3-2021.10.win32_1.0.0.202111181127/tools/bin/../lib/gcc/arm-none-eabi/10.3.1/../../../../arm-none-eabi/lib/thumb/v7-m/nofp\libc_nano.a(lib_a-nano-svfprintf.o)
 .rodata._printf_i.str1.1
                0x0000000008004583       0x22 d:/stm32cubeide_1.10.0/stm32cubeide/plugins/com.st.stm32cube.ide.mcu.externaltools.gnu-tools-for-stm32.10.3-2021.10.win32_1.0.0.202111181127/tools/bin/../lib/gcc/arm-none-eabi/10.3.1/../../../../arm-none-eabi/lib/thumb/v7-m/nofp\libc_nano.a(lib_a-nano-vfprintf_i.o)
                0x00000000080045a8                . = ALIGN (0x4)
 *fill*         0x00000000080045a5        0x3 

.rel.dyn        0x00000000080045a8        0x0
 .rel.iplt      0x00000000080045a8        0x0 d:/stm32cubeide_1.10.0/stm32cubeide/plugins/com.st.stm32cube.ide.mcu.externaltools.gnu-tools-for-stm32.10.3-2021.10.win32_1.0.0.202111181127/tools/bin/../lib/gcc/arm-none-eabi/10.3.1/thumb/v7-m/nofp/crtbegin.o

.ARM.extab      0x00000000080045a8        0x0
                0x00000000080045a8                . = ALIGN (0x4)
 *(.ARM.extab* .gnu.linkonce.armextab.*)
                0x00000000080045a8                . = ALIGN (0x4)

.ARM            0x00000000080045a8        0x0
                0x00000000080045a8                . = ALIGN (0x4)
                0x00000000080045a8                __exidx_start = .
 *(.ARM.exidx*)
                0x00000000080045a8                __exidx_end = .
                0x00000000080045a8                . = ALIGN (0x4)

.preinit_array  0x00000000080045a8        0x0
                0x00000000080045a8                . = ALIGN (0x4)
                0x00000000080045a8                PROVIDE (__preinit_array_start = .)
 *(.preinit_array*)
                0x00000000080045a8                PROVIDE (__preinit_array_end = .)
                0x00000000080045a8                . = ALIGN (0x4)

.init_array     0x00000000080045a8        0x4
                0x00000000080045a8                . = ALIGN (0x4)
                0x00000000080045a8                PROVIDE (__init_array_start = .)
 *(SORT_BY_NAME(.init_array.*))
 *(.init_array*)
 .init_array    0x00000000080045a8        0x4 d:/stm32cubeide_1.10.0/stm32cubeide/plugins/com.st.stm32cube.ide.mcu.externaltools.gnu-tools-for-stm32.10.3-2021.10.win32_1.0.0.202111181127/tools/bin/../lib/gcc/arm-none-eabi/10.3.1/thumb/v7-m/nofp/crtbegin.o
                0x00000000080045ac                PROVIDE (__init_array_end = .)
                0x00000000080045ac                . = ALIGN (0x4)

.fini_array     0x00000000080045ac        0x4
                0x00000000080045ac                . = ALIGN (0x4)
                [!provide]                        PROVIDE (__fini_array_start = .)
 *(SORT_BY_NAME(.fini_array.*))
 *(.fini_array*)
 .fini_array    0x00000000080045ac        0x4 d:/stm32cubeide_1.10.0/stm32cubeide/plugins/com.st.stm32cube.ide.mcu.externaltools.gnu-tools-for-stm32.10.3-2021.10.win32_1.0.0.202111181127/tools/bin/../lib/gcc/arm-none-eabi/10.3.1/thumb/v7-m/nofp/crtbegin.o
                [!provide]                        PROVIDE (__fini_array_end = .)
                0x00000000080045b0                . = ALIGN (0x4)
                0x00000000080045b0                _sidata = LOADADDR (.data)

.data           0x0000000020000000       0x70 load address 0x00000000080045b0
                0x0000000020000000                . = ALIGN (0x4)
                0x0000000020000000                _sdata = .
 *(.data)
 *(.data*)
 .data.SystemCoreClock
                0x0000000020000000        0x4 ./Core/Src/system_stm32f1xx.o
                0x0000000020000000                SystemCoreClock
 .data.uwTickPrio
                0x0000000020000004        0x4 ./Drivers/STM32F1xx_HAL_Driver/Src/stm32f1xx_hal.o
                0x0000000020000004                uwTickPrio
 .data.uwTickFreq
                0x0000000020000008        0x1 ./Drivers/STM32F1xx_HAL_Driver/Src/stm32f1xx_hal.o
                0x0000000020000008                uwTickFreq
 *fill*         0x0000000020000009        0x3 
 .data._impure_ptr
                0x000000002000000c        0x4 d:/stm32cubeide_1.10.0/stm32cubeide/plugins/com.st.stm32cube.ide.mcu.externaltools.gnu-tools-for-stm32.10.3-2021.10.win32_1.0.0.202111181127/tools/bin/../lib/gcc/arm-none-eabi/10.3.1/../../../../arm-none-eabi/lib/thumb/v7-m/nofp\libc_nano.a(lib_a-impure.o)
                0x000000002000000c                _impure_ptr
 .data.impure_data
                0x0000000020000010       0x60 d:/stm32cubeide_1.10.0/stm32cubeide/plugins/com.st.stm32cube.ide.mcu.externaltools.gnu-tools-for-stm32.10.3-2021.10.win32_1.0.0.202111181127/tools/bin/../lib/gcc/arm-none-eabi/10.3.1/../../../../arm-none-eabi/lib/thumb/v7-m/nofp\libc_nano.a(lib_a-impure.o)
 *(.RamFunc)
 *(.RamFunc*)
                0x0000000020000070                . = ALIGN (0x4)
                0x0000000020000070                _edata = .

.igot.plt       0x0000000020000070        0x0 load address 0x0000000008004620
 .igot.plt      0x0000000020000070        0x0 d:/stm32cubeide_1.10.0/stm32cubeide/plugins/com.st.stm32cube.ide.mcu.externaltools.gnu-tools-for-stm32.10.3-2021.10.win32_1.0.0.202111181127/tools/bin/../lib/gcc/arm-none-eabi/10.3.1/thumb/v7-m/nofp/crtbegin.o
                0x0000000020000070                . = ALIGN (0x4)

.bss            0x0000000020000070      0x38c load address 0x0000000008004620
                0x0000000020000070                _sbss = .
                0x0000000020000070                __bss_start__ = _sbss
 *(.bss)
 .bss           0x0000000020000070       0x1c d:/stm32cubeide_1.10.0/stm32cubeide/plugins/com.st.stm32cube.ide.mcu.externaltools.gnu-tools-for-stm32.10.3-2021.10.win32_1.0.0.202111181127/tools/bin/../lib/gcc/arm-none-eabi/10.3.1/thumb/v7-m/nofp/crtbegin.o
 *(.bss*)
 .bss.hadc1     0x000000002000008c       0x30 ./Core/Src/main.o
                0x000000002000008c                hadc1
 .bss.htim2     0x00000000200000bc       0x48 ./Core/Src/main.o
                0x00000000200000bc                htim2
 .bss.huart2    0x0000000020000104       0x48 ./Core/Src/main.o
                0x0000000020000104                huart2
 .bss.temp_byte
                0x000000002000014c        0x1 ./Core/Src/main.o
                0x000000002000014c                temp_byte
 *fill*         0x000000002000014d        0x3 
 .bss.buffer    0x0000000020000150       0x1e ./Core/Src/main.o
                0x0000000020000150                buffer
 .bss.index_buffer
                0x000000002000016e        0x1 ./Core/Src/main.o
                0x000000002000016e                index_buffer
 .bss.buffer_flag
                0x000000002000016f        0x1 ./Core/Src/main.o
                0x000000002000016f                buffer_flag
 .bss.cmd_flag  0x0000000020000170        0x1 ./Core/Src/main.o
                0x0000000020000170                cmd_flag
 *fill*         0x0000000020000171        0x3 
 .bss.cmd_data  0x0000000020000174        0x5 ./Core/Src/main.o
                0x0000000020000174                cmd_data
 *fill*         0x0000000020000179        0x3 
 .bss.ADC_value
                0x000000002000017c        0x4 ./Core/Src/main.o
                0x000000002000017c                ADC_value
 .bss.mode      0x0000000020000180        0x4 ./Core/Src/main.o
                0x0000000020000180                mode
 .bss.SCH_tasks_G
                0x0000000020000184      0x258 ./Core/Src/scheduler.o
                0x0000000020000184                SCH_tasks_G
 .bss.Error_code_G
                0x00000000200003dc        0x1 ./Core/Src/scheduler.o
                0x00000000200003dc                Error_code_G
 *fill*         0x00000000200003dd        0x3 
 .bss.numberOfTask
                0x00000000200003e0        0x4 ./Core/Src/scheduler.o
                0x00000000200003e0                numberOfTask
 .bss.__sbrk_heap_end
                0x00000000200003e4        0x4 ./Core/Src/sysmem.o
 .bss.uwTick    0x00000000200003e8        0x4 ./Drivers/STM32F1xx_HAL_Driver/Src/stm32f1xx_hal.o
                0x00000000200003e8                uwTick
 .bss.__malloc_free_list
                0x00000000200003ec        0x4 d:/stm32cubeide_1.10.0/stm32cubeide/plugins/com.st.stm32cube.ide.mcu.externaltools.gnu-tools-for-stm32.10.3-2021.10.win32_1.0.0.202111181127/tools/bin/../lib/gcc/arm-none-eabi/10.3.1/../../../../arm-none-eabi/lib/thumb/v7-m/nofp\libc_nano.a(lib_a-nano-mallocr.o)
                0x00000000200003ec                __malloc_free_list
 .bss.__malloc_sbrk_start
                0x00000000200003f0        0x4 d:/stm32cubeide_1.10.0/stm32cubeide/plugins/com.st.stm32cube.ide.mcu.externaltools.gnu-tools-for-stm32.10.3-2021.10.win32_1.0.0.202111181127/tools/bin/../lib/gcc/arm-none-eabi/10.3.1/../../../../arm-none-eabi/lib/thumb/v7-m/nofp\libc_nano.a(lib_a-nano-mallocr.o)
                0x00000000200003f0                __malloc_sbrk_start
 .bss.errno     0x00000000200003f4        0x4 d:/stm32cubeide_1.10.0/stm32cubeide/plugins/com.st.stm32cube.ide.mcu.externaltools.gnu-tools-for-stm32.10.3-2021.10.win32_1.0.0.202111181127/tools/bin/../lib/gcc/arm-none-eabi/10.3.1/../../../../arm-none-eabi/lib/thumb/v7-m/nofp\libc_nano.a(lib_a-reent.o)
                0x00000000200003f4                errno
 .bss.__lock___malloc_recursive_mutex
                0x00000000200003f8        0x1 d:/stm32cubeide_1.10.0/stm32cubeide/plugins/com.st.stm32cube.ide.mcu.externaltools.gnu-tools-for-stm32.10.3-2021.10.win32_1.0.0.202111181127/tools/bin/../lib/gcc/arm-none-eabi/10.3.1/../../../../arm-none-eabi/lib/thumb/v7-m/nofp\libc_nano.a(lib_a-lock.o)
                0x00000000200003f8                __lock___malloc_recursive_mutex
 *(COMMON)
                0x00000000200003fc                . = ALIGN (0x4)
 *fill*         0x00000000200003f9        0x3 
                0x00000000200003fc                _ebss = .
                0x00000000200003fc                __bss_end__ = _ebss

._user_heap_stack
                0x00000000200003fc      0x604 load address 0x0000000008004620
                0x0000000020000400                . = ALIGN (0x8)
 *fill*         0x00000000200003fc        0x4 
                [!provide]                        PROVIDE (end = .)
                0x0000000020000400                PROVIDE (_end = .)
                0x0000000020000600                . = (. + _Min_Heap_Size)
 *fill*         0x0000000020000400      0x200 
                0x0000000020000a00                . = (. + _Min_Stack_Size)
 *fill*         0x0000000020000600      0x400 
                0x0000000020000a00                . = ALIGN (0x8)

/DISCARD/
 libc.a(*)
 libm.a(*)
 libgcc.a(*)

.ARM.attributes
                0x0000000000000000       0x29
 *(.ARM.attributes)
 .ARM.attributes
                0x0000000000000000       0x1d d:/stm32cubeide_1.10.0/stm32cubeide/plugins/com.st.stm32cube.ide.mcu.externaltools.gnu-tools-for-stm32.10.3-2021.10.win32_1.0.0.202111181127/tools/bin/../lib/gcc/arm-none-eabi/10.3.1/thumb/v7-m/nofp/crti.o
 .ARM.attributes
                0x000000000000001d       0x2d d:/stm32cubeide_1.10.0/stm32cubeide/plugins/com.st.stm32cube.ide.mcu.externaltools.gnu-tools-for-stm32.10.3-2021.10.win32_1.0.0.202111181127/tools/bin/../lib/gcc/arm-none-eabi/10.3.1/thumb/v7-m/nofp/crtbegin.o
 .ARM.attributes
                0x000000000000004a       0x2d ./Core/Src/main.o
 .ARM.attributes
                0x0000000000000077       0x2d ./Core/Src/scheduler.o
 .ARM.attributes
                0x00000000000000a4       0x2d ./Core/Src/stm32f1xx_hal_msp.o
 .ARM.attributes
                0x00000000000000d1       0x2d ./Core/Src/stm32f1xx_it.o
 .ARM.attributes
                0x00000000000000fe       0x2d ./Core/Src/sysmem.o
 .ARM.attributes
                0x000000000000012b       0x2d ./Core/Src/system_stm32f1xx.o
 .ARM.attributes
                0x0000000000000158       0x21 ./Core/Startup/startup_stm32f103c6ux.o
 .ARM.attributes
                0x0000000000000179       0x2d ./Drivers/STM32F1xx_HAL_Driver/Src/stm32f1xx_hal.o
 .ARM.attributes
                0x00000000000001a6       0x2d ./Drivers/STM32F1xx_HAL_Driver/Src/stm32f1xx_hal_adc.o
 .ARM.attributes
                0x00000000000001d3       0x2d ./Drivers/STM32F1xx_HAL_Driver/Src/stm32f1xx_hal_adc_ex.o
 .ARM.attributes
                0x0000000000000200       0x2d ./Drivers/STM32F1xx_HAL_Driver/Src/stm32f1xx_hal_cortex.o
 .ARM.attributes
                0x000000000000022d       0x2d ./Drivers/STM32F1xx_HAL_Driver/Src/stm32f1xx_hal_dma.o
 .ARM.attributes
                0x000000000000025a       0x2d ./Drivers/STM32F1xx_HAL_Driver/Src/stm32f1xx_hal_gpio.o
 .ARM.attributes
                0x0000000000000287       0x2d ./Drivers/STM32F1xx_HAL_Driver/Src/stm32f1xx_hal_rcc.o
 .ARM.attributes
                0x00000000000002b4       0x2d ./Drivers/STM32F1xx_HAL_Driver/Src/stm32f1xx_hal_rcc_ex.o
 .ARM.attributes
                0x00000000000002e1       0x2d ./Drivers/STM32F1xx_HAL_Driver/Src/stm32f1xx_hal_tim.o
 .ARM.attributes
                0x000000000000030e       0x2d ./Drivers/STM32F1xx_HAL_Driver/Src/stm32f1xx_hal_tim_ex.o
 .ARM.attributes
                0x000000000000033b       0x2d ./Drivers/STM32F1xx_HAL_Driver/Src/stm32f1xx_hal_uart.o
 .ARM.attributes
                0x0000000000000368       0x2d d:/stm32cubeide_1.10.0/stm32cubeide/plugins/com.st.stm32cube.ide.mcu.externaltools.gnu-tools-for-stm32.10.3-2021.10.win32_1.0.0.202111181127/tools/bin/../lib/gcc/arm-none-eabi/10.3.1/../../../../arm-none-eabi/lib/thumb/v7-m/nofp\libc_nano.a(lib_a-errno.o)
 .ARM.attributes
                0x0000000000000395       0x2d d:/stm32cubeide_1.10.0/stm32cubeide/plugins/com.st.stm32cube.ide.mcu.externaltools.gnu-tools-for-stm32.10.3-2021.10.win32_1.0.0.202111181127/tools/bin/../lib/gcc/arm-none-eabi/10.3.1/../../../../arm-none-eabi/lib/thumb/v7-m/nofp\libc_nano.a(lib_a-impure.o)
 .ARM.attributes
                0x00000000000003c2       0x2d d:/stm32cubeide_1.10.0/stm32cubeide/plugins/com.st.stm32cube.ide.mcu.externaltools.gnu-tools-for-stm32.10.3-2021.10.win32_1.0.0.202111181127/tools/bin/../lib/gcc/arm-none-eabi/10.3.1/../../../../arm-none-eabi/lib/thumb/v7-m/nofp\libc_nano.a(lib_a-init.o)
 .ARM.attributes
                0x00000000000003ef       0x2d d:/stm32cubeide_1.10.0/stm32cubeide/plugins/com.st.stm32cube.ide.mcu.externaltools.gnu-tools-for-stm32.10.3-2021.10.win32_1.0.0.202111181127/tools/bin/../lib/gcc/arm-none-eabi/10.3.1/../../../../arm-none-eabi/lib/thumb/v7-m/nofp\libc_nano.a(lib_a-memset.o)
 .ARM.attributes
                0x000000000000041c       0x2d d:/stm32cubeide_1.10.0/stm32cubeide/plugins/com.st.stm32cube.ide.mcu.externaltools.gnu-tools-for-stm32.10.3-2021.10.win32_1.0.0.202111181127/tools/bin/../lib/gcc/arm-none-eabi/10.3.1/../../../../arm-none-eabi/lib/thumb/v7-m/nofp\libc_nano.a(lib_a-sprintf.o)
 .ARM.attributes
                0x0000000000000449       0x2d d:/stm32cubeide_1.10.0/stm32cubeide/plugins/com.st.stm32cube.ide.mcu.externaltools.gnu-tools-for-stm32.10.3-2021.10.win32_1.0.0.202111181127/tools/bin/../lib/gcc/arm-none-eabi/10.3.1/../../../../arm-none-eabi/lib/thumb/v7-m/nofp\libc_nano.a(lib_a-nano-svfprintf.o)
 .ARM.attributes
                0x0000000000000476       0x2d d:/stm32cubeide_1.10.0/stm32cubeide/plugins/com.st.stm32cube.ide.mcu.externaltools.gnu-tools-for-stm32.10.3-2021.10.win32_1.0.0.202111181127/tools/bin/../lib/gcc/arm-none-eabi/10.3.1/../../../../arm-none-eabi/lib/thumb/v7-m/nofp\libc_nano.a(lib_a-nano-vfprintf_i.o)
 .ARM.attributes
                0x00000000000004a3       0x2d d:/stm32cubeide_1.10.0/stm32cubeide/plugins/com.st.stm32cube.ide.mcu.externaltools.gnu-tools-for-stm32.10.3-2021.10.win32_1.0.0.202111181127/tools/bin/../lib/gcc/arm-none-eabi/10.3.1/../../../../arm-none-eabi/lib/thumb/v7-m/nofp\libc_nano.a(lib_a-memchr-stub.o)
 .ARM.attributes
                0x00000000000004d0       0x2d d:/stm32cubeide_1.10.0/stm32cubeide/plugins/com.st.stm32cube.ide.mcu.externaltools.gnu-tools-for-stm32.10.3-2021.10.win32_1.0.0.202111181127/tools/bin/../lib/gcc/arm-none-eabi/10.3.1/../../../../arm-none-eabi/lib/thumb/v7-m/nofp\libc_nano.a(lib_a-memcpy-stub.o)
 .ARM.attributes
                0x00000000000004fd       0x2d d:/stm32cubeide_1.10.0/stm32cubeide/plugins/com.st.stm32cube.ide.mcu.externaltools.gnu-tools-for-stm32.10.3-2021.10.win32_1.0.0.202111181127/tools/bin/../lib/gcc/arm-none-eabi/10.3.1/../../../../arm-none-eabi/lib/thumb/v7-m/nofp\libc_nano.a(lib_a-memmove.o)
 .ARM.attributes
                0x000000000000052a       0x2d d:/stm32cubeide_1.10.0/stm32cubeide/plugins/com.st.stm32cube.ide.mcu.externaltools.gnu-tools-for-stm32.10.3-2021.10.win32_1.0.0.202111181127/tools/bin/../lib/gcc/arm-none-eabi/10.3.1/../../../../arm-none-eabi/lib/thumb/v7-m/nofp\libc_nano.a(lib_a-nano-freer.o)
 .ARM.attributes
                0x0000000000000557       0x2d d:/stm32cubeide_1.10.0/stm32cubeide/plugins/com.st.stm32cube.ide.mcu.externaltools.gnu-tools-for-stm32.10.3-2021.10.win32_1.0.0.202111181127/tools/bin/../lib/gcc/arm-none-eabi/10.3.1/../../../../arm-none-eabi/lib/thumb/v7-m/nofp\libc_nano.a(lib_a-nano-mallocr.o)
 .ARM.attributes
                0x0000000000000584       0x2d d:/stm32cubeide_1.10.0/stm32cubeide/plugins/com.st.stm32cube.ide.mcu.externaltools.gnu-tools-for-stm32.10.3-2021.10.win32_1.0.0.202111181127/tools/bin/../lib/gcc/arm-none-eabi/10.3.1/../../../../arm-none-eabi/lib/thumb/v7-m/nofp\libc_nano.a(lib_a-nano-reallocr.o)
 .ARM.attributes
                0x00000000000005b1       0x2d d:/stm32cubeide_1.10.0/stm32cubeide/plugins/com.st.stm32cube.ide.mcu.externaltools.gnu-tools-for-stm32.10.3-2021.10.win32_1.0.0.202111181127/tools/bin/../lib/gcc/arm-none-eabi/10.3.1/../../../../arm-none-eabi/lib/thumb/v7-m/nofp\libc_nano.a(lib_a-sbrkr.o)
 .ARM.attributes
                0x00000000000005de       0x2d d:/stm32cubeide_1.10.0/stm32cubeide/plugins/com.st.stm32cube.ide.mcu.externaltools.gnu-tools-for-stm32.10.3-2021.10.win32_1.0.0.202111181127/tools/bin/../lib/gcc/arm-none-eabi/10.3.1/../../../../arm-none-eabi/lib/thumb/v7-m/nofp\libc_nano.a(lib_a-mlock.o)
 .ARM.attributes
                0x000000000000060b       0x2d d:/stm32cubeide_1.10.0/stm32cubeide/plugins/com.st.stm32cube.ide.mcu.externaltools.gnu-tools-for-stm32.10.3-2021.10.win32_1.0.0.202111181127/tools/bin/../lib/gcc/arm-none-eabi/10.3.1/../../../../arm-none-eabi/lib/thumb/v7-m/nofp\libc_nano.a(lib_a-nano-msizer.o)
 .ARM.attributes
                0x0000000000000638       0x2d d:/stm32cubeide_1.10.0/stm32cubeide/plugins/com.st.stm32cube.ide.mcu.externaltools.gnu-tools-for-stm32.10.3-2021.10.win32_1.0.0.202111181127/tools/bin/../lib/gcc/arm-none-eabi/10.3.1/../../../../arm-none-eabi/lib/thumb/v7-m/nofp\libc_nano.a(lib_a-reent.o)
 .ARM.attributes
                0x0000000000000665       0x2d d:/stm32cubeide_1.10.0/stm32cubeide/plugins/com.st.stm32cube.ide.mcu.externaltools.gnu-tools-for-stm32.10.3-2021.10.win32_1.0.0.202111181127/tools/bin/../lib/gcc/arm-none-eabi/10.3.1/../../../../arm-none-eabi/lib/thumb/v7-m/nofp\libc_nano.a(lib_a-lock.o)
 .ARM.attributes
                0x0000000000000692       0x1d d:/stm32cubeide_1.10.0/stm32cubeide/plugins/com.st.stm32cube.ide.mcu.externaltools.gnu-tools-for-stm32.10.3-2021.10.win32_1.0.0.202111181127/tools/bin/../lib/gcc/arm-none-eabi/10.3.1/thumb/v7-m/nofp/crtn.o
OUTPUT(MCU_5.elf elf32-littlearm)
LOAD linker stubs
LOAD d:/stm32cubeide_1.10.0/stm32cubeide/plugins/com.st.stm32cube.ide.mcu.externaltools.gnu-tools-for-stm32.10.3-2021.10.win32_1.0.0.202111181127/tools/bin/../lib/gcc/arm-none-eabi/10.3.1/../../../../arm-none-eabi/lib/thumb/v7-m/nofp\libc.a
LOAD d:/stm32cubeide_1.10.0/stm32cubeide/plugins/com.st.stm32cube.ide.mcu.externaltools.gnu-tools-for-stm32.10.3-2021.10.win32_1.0.0.202111181127/tools/bin/../lib/gcc/arm-none-eabi/10.3.1/../../../../arm-none-eabi/lib/thumb/v7-m/nofp\libm.a
LOAD d:/stm32cubeide_1.10.0/stm32cubeide/plugins/com.st.stm32cube.ide.mcu.externaltools.gnu-tools-for-stm32.10.3-2021.10.win32_1.0.0.202111181127/tools/bin/../lib/gcc/arm-none-eabi/10.3.1/thumb/v7-m/nofp\libgcc.a

.debug_info     0x0000000000000000     0xedb9
 .debug_info    0x0000000000000000     0x14e6 ./Core/Src/main.o
 .debug_info    0x00000000000014e6      0x27a ./Core/Src/scheduler.o
 .debug_info    0x0000000000001760     0x1043 ./Core/Src/stm32f1xx_hal_msp.o
 .debug_info    0x00000000000027a3      0xc08 ./Core/Src/stm32f1xx_it.o
 .debug_info    0x00000000000033ab      0x16d ./Core/Src/sysmem.o
 .debug_info    0x0000000000003518      0x239 ./Core/Src/system_stm32f1xx.o
 .debug_info    0x0000000000003751       0x22 ./Core/Startup/startup_stm32f103c6ux.o
 .debug_info    0x0000000000003773      0x712 ./Drivers/STM32F1xx_HAL_Driver/Src/stm32f1xx_hal.o
 .debug_info    0x0000000000003e85      0xcfa ./Drivers/STM32F1xx_HAL_Driver/Src/stm32f1xx_hal_adc.o
 .debug_info    0x0000000000004b7f      0xa90 ./Drivers/STM32F1xx_HAL_Driver/Src/stm32f1xx_hal_adc_ex.o
 .debug_info    0x000000000000560f      0xafe ./Drivers/STM32F1xx_HAL_Driver/Src/stm32f1xx_hal_cortex.o
 .debug_info    0x000000000000610d      0x740 ./Drivers/STM32F1xx_HAL_Driver/Src/stm32f1xx_hal_dma.o
 .debug_info    0x000000000000684d      0x611 ./Drivers/STM32F1xx_HAL_Driver/Src/stm32f1xx_hal_gpio.o
 .debug_info    0x0000000000006e5e      0x861 ./Drivers/STM32F1xx_HAL_Driver/Src/stm32f1xx_hal_rcc.o
 .debug_info    0x00000000000076bf      0x3e2 ./Drivers/STM32F1xx_HAL_Driver/Src/stm32f1xx_hal_rcc_ex.o
 .debug_info    0x0000000000007aa1     0x2ba7 ./Drivers/STM32F1xx_HAL_Driver/Src/stm32f1xx_hal_tim.o
 .debug_info    0x000000000000a648     0x15c3 ./Drivers/STM32F1xx_HAL_Driver/Src/stm32f1xx_hal_tim_ex.o
 .debug_info    0x000000000000bc0b     0x31ae ./Drivers/STM32F1xx_HAL_Driver/Src/stm32f1xx_hal_uart.o

.debug_abbrev   0x0000000000000000     0x229a
 .debug_abbrev  0x0000000000000000      0x353 ./Core/Src/main.o
 .debug_abbrev  0x0000000000000353      0x146 ./Core/Src/scheduler.o
 .debug_abbrev  0x0000000000000499      0x1c9 ./Core/Src/stm32f1xx_hal_msp.o
 .debug_abbrev  0x0000000000000662      0x199 ./Core/Src/stm32f1xx_it.o
 .debug_abbrev  0x00000000000007fb       0xb8 ./Core/Src/sysmem.o
 .debug_abbrev  0x00000000000008b3      0x138 ./Core/Src/system_stm32f1xx.o
 .debug_abbrev  0x00000000000009eb       0x12 ./Core/Startup/startup_stm32f103c6ux.o
 .debug_abbrev  0x00000000000009fd      0x1f8 ./Drivers/STM32F1xx_HAL_Driver/Src/stm32f1xx_hal.o
 .debug_abbrev  0x0000000000000bf5      0x20d ./Drivers/STM32F1xx_HAL_Driver/Src/stm32f1xx_hal_adc.o
 .debug_abbrev  0x0000000000000e02      0x231 ./Drivers/STM32F1xx_HAL_Driver/Src/stm32f1xx_hal_adc_ex.o
 .debug_abbrev  0x0000000000001033      0x2ea ./Drivers/STM32F1xx_HAL_Driver/Src/stm32f1xx_hal_cortex.o
 .debug_abbrev  0x000000000000131d      0x1fb ./Drivers/STM32F1xx_HAL_Driver/Src/stm32f1xx_hal_dma.o
 .debug_abbrev  0x0000000000001518      0x1b8 ./Drivers/STM32F1xx_HAL_Driver/Src/stm32f1xx_hal_gpio.o
 .debug_abbrev  0x00000000000016d0      0x2a5 ./Drivers/STM32F1xx_HAL_Driver/Src/stm32f1xx_hal_rcc.o
 .debug_abbrev  0x0000000000001975      0x17f ./Drivers/STM32F1xx_HAL_Driver/Src/stm32f1xx_hal_rcc_ex.o
 .debug_abbrev  0x0000000000001af4      0x261 ./Drivers/STM32F1xx_HAL_Driver/Src/stm32f1xx_hal_tim.o
 .debug_abbrev  0x0000000000001d55      0x269 ./Drivers/STM32F1xx_HAL_Driver/Src/stm32f1xx_hal_tim_ex.o
 .debug_abbrev  0x0000000000001fbe      0x2dc ./Drivers/STM32F1xx_HAL_Driver/Src/stm32f1xx_hal_uart.o

.debug_aranges  0x0000000000000000      0xe58
 .debug_aranges
                0x0000000000000000       0xb8 ./Core/Src/main.o
 .debug_aranges
                0x00000000000000b8       0x40 ./Core/Src/scheduler.o
 .debug_aranges
                0x00000000000000f8       0x50 ./Core/Src/stm32f1xx_hal_msp.o
 .debug_aranges
                0x0000000000000148       0x78 ./Core/Src/stm32f1xx_it.o
 .debug_aranges
                0x00000000000001c0       0x20 ./Core/Src/sysmem.o
 .debug_aranges
                0x00000000000001e0       0x28 ./Core/Src/system_stm32f1xx.o
 .debug_aranges
                0x0000000000000208       0x28 ./Core/Startup/startup_stm32f103c6ux.o
 .debug_aranges
                0x0000000000000230       0xe0 ./Drivers/STM32F1xx_HAL_Driver/Src/stm32f1xx_hal.o
 .debug_aranges
                0x0000000000000310       0xf0 ./Drivers/STM32F1xx_HAL_Driver/Src/stm32f1xx_hal_adc.o
 .debug_aranges
                0x0000000000000400       0x80 ./Drivers/STM32F1xx_HAL_Driver/Src/stm32f1xx_hal_adc_ex.o
 .debug_aranges
                0x0000000000000480      0x100 ./Drivers/STM32F1xx_HAL_Driver/Src/stm32f1xx_hal_cortex.o
 .debug_aranges
                0x0000000000000580       0x80 ./Drivers/STM32F1xx_HAL_Driver/Src/stm32f1xx_hal_dma.o
 .debug_aranges
                0x0000000000000600       0x58 ./Drivers/STM32F1xx_HAL_Driver/Src/stm32f1xx_hal_gpio.o
 .debug_aranges
                0x0000000000000658       0x90 ./Drivers/STM32F1xx_HAL_Driver/Src/stm32f1xx_hal_rcc.o
 .debug_aranges
                0x00000000000006e8       0x30 ./Drivers/STM32F1xx_HAL_Driver/Src/stm32f1xx_hal_rcc_ex.o
 .debug_aranges
                0x0000000000000718      0x3d0 ./Drivers/STM32F1xx_HAL_Driver/Src/stm32f1xx_hal_tim.o
 .debug_aranges
                0x0000000000000ae8      0x168 ./Drivers/STM32F1xx_HAL_Driver/Src/stm32f1xx_hal_tim_ex.o
 .debug_aranges
                0x0000000000000c50      0x208 ./Drivers/STM32F1xx_HAL_Driver/Src/stm32f1xx_hal_uart.o

.debug_ranges   0x0000000000000000      0xd70
 .debug_ranges  0x0000000000000000       0xa8 ./Core/Src/main.o
 .debug_ranges  0x00000000000000a8       0x30 ./Core/Src/scheduler.o
 .debug_ranges  0x00000000000000d8       0x40 ./Core/Src/stm32f1xx_hal_msp.o
 .debug_ranges  0x0000000000000118       0x68 ./Core/Src/stm32f1xx_it.o
 .debug_ranges  0x0000000000000180       0x10 ./Core/Src/sysmem.o
 .debug_ranges  0x0000000000000190       0x18 ./Core/Src/system_stm32f1xx.o
 .debug_ranges  0x00000000000001a8       0x20 ./Core/Startup/startup_stm32f103c6ux.o
 .debug_ranges  0x00000000000001c8       0xd0 ./Drivers/STM32F1xx_HAL_Driver/Src/stm32f1xx_hal.o
 .debug_ranges  0x0000000000000298       0xe0 ./Drivers/STM32F1xx_HAL_Driver/Src/stm32f1xx_hal_adc.o
 .debug_ranges  0x0000000000000378       0x70 ./Drivers/STM32F1xx_HAL_Driver/Src/stm32f1xx_hal_adc_ex.o
 .debug_ranges  0x00000000000003e8       0xf0 ./Drivers/STM32F1xx_HAL_Driver/Src/stm32f1xx_hal_cortex.o
 .debug_ranges  0x00000000000004d8       0x70 ./Drivers/STM32F1xx_HAL_Driver/Src/stm32f1xx_hal_dma.o
 .debug_ranges  0x0000000000000548       0x48 ./Drivers/STM32F1xx_HAL_Driver/Src/stm32f1xx_hal_gpio.o
 .debug_ranges  0x0000000000000590       0x80 ./Drivers/STM32F1xx_HAL_Driver/Src/stm32f1xx_hal_rcc.o
 .debug_ranges  0x0000000000000610       0x20 ./Drivers/STM32F1xx_HAL_Driver/Src/stm32f1xx_hal_rcc_ex.o
 .debug_ranges  0x0000000000000630      0x3c0 ./Drivers/STM32F1xx_HAL_Driver/Src/stm32f1xx_hal_tim.o
 .debug_ranges  0x00000000000009f0      0x158 ./Drivers/STM32F1xx_HAL_Driver/Src/stm32f1xx_hal_tim_ex.o
 .debug_ranges  0x0000000000000b48      0x228 ./Drivers/STM32F1xx_HAL_Driver/Src/stm32f1xx_hal_uart.o

.debug_line     0x0000000000000000     0xc0fc
 .debug_line    0x0000000000000000      0x7c4 ./Core/Src/main.o
 .debug_line    0x00000000000007c4      0x35f ./Core/Src/scheduler.o
 .debug_line    0x0000000000000b23      0x3c9 ./Core/Src/stm32f1xx_hal_msp.o
 .debug_line    0x0000000000000eec      0x3c8 ./Core/Src/stm32f1xx_it.o
 .debug_line    0x00000000000012b4      0x2c2 ./Core/Src/sysmem.o
 .debug_line    0x0000000000001576      0x2c3 ./Core/Src/system_stm32f1xx.o
 .debug_line    0x0000000000001839       0x86 ./Core/Startup/startup_stm32f103c6ux.o
 .debug_line    0x00000000000018bf      0x570 ./Drivers/STM32F1xx_HAL_Driver/Src/stm32f1xx_hal.o
 .debug_line    0x0000000000001e2f      0xc25 ./Drivers/STM32F1xx_HAL_Driver/Src/stm32f1xx_hal_adc.o
 .debug_line    0x0000000000002a54      0x969 ./Drivers/STM32F1xx_HAL_Driver/Src/stm32f1xx_hal_adc_ex.o
 .debug_line    0x00000000000033bd      0x6e9 ./Drivers/STM32F1xx_HAL_Driver/Src/stm32f1xx_hal_cortex.o
 .debug_line    0x0000000000003aa6      0x998 ./Drivers/STM32F1xx_HAL_Driver/Src/stm32f1xx_hal_dma.o
 .debug_line    0x000000000000443e      0x5a2 ./Drivers/STM32F1xx_HAL_Driver/Src/stm32f1xx_hal_gpio.o
 .debug_line    0x00000000000049e0      0x993 ./Drivers/STM32F1xx_HAL_Driver/Src/stm32f1xx_hal_rcc.o
 .debug_line    0x0000000000005373      0x4a0 ./Drivers/STM32F1xx_HAL_Driver/Src/stm32f1xx_hal_rcc_ex.o
 .debug_line    0x0000000000005813     0x2f9f ./Drivers/STM32F1xx_HAL_Driver/Src/stm32f1xx_hal_tim.o
 .debug_line    0x00000000000087b2     0x1483 ./Drivers/STM32F1xx_HAL_Driver/Src/stm32f1xx_hal_tim_ex.o
 .debug_line    0x0000000000009c35     0x24c7 ./Drivers/STM32F1xx_HAL_Driver/Src/stm32f1xx_hal_uart.o

.debug_str      0x0000000000000000     0x4010
 .debug_str     0x0000000000000000      0xed9 ./Core/Src/main.o
                                       0x1013 (size before relaxing)
 .debug_str     0x0000000000000ed9       0x95 ./Core/Src/scheduler.o
                                        0x262 (size before relaxing)
 .debug_str     0x0000000000000f6e      0x3cc ./Core/Src/stm32f1xx_hal_msp.o
                                        0xde7 (size before relaxing)
 .debug_str     0x000000000000133a      0x125 ./Core/Src/stm32f1xx_it.o
                                        0xab6 (size before relaxing)
 .debug_str     0x000000000000145f       0x7d ./Core/Src/sysmem.o
                                        0x213 (size before relaxing)
 .debug_str     0x00000000000014dc       0x7e ./Core/Src/system_stm32f1xx.o
                                        0x24f (size before relaxing)
 .debug_str     0x000000000000155a       0x36 ./Core/Startup/startup_stm32f103c6ux.o
                                         0x6e (size before relaxing)
 .debug_str     0x0000000000001590      0x2fc ./Drivers/STM32F1xx_HAL_Driver/Src/stm32f1xx_hal.o
                                        0x7ef (size before relaxing)
 .debug_str     0x000000000000188c      0x2fe ./Drivers/STM32F1xx_HAL_Driver/Src/stm32f1xx_hal_adc.o
                                        0x8d5 (size before relaxing)
 .debug_str     0x0000000000001b8a      0x291 ./Drivers/STM32F1xx_HAL_Driver/Src/stm32f1xx_hal_adc_ex.o
                                        0x8a0 (size before relaxing)
 .debug_str     0x0000000000001e1b      0x394 ./Drivers/STM32F1xx_HAL_Driver/Src/stm32f1xx_hal_cortex.o
                                        0x894 (size before relaxing)
 .debug_str     0x00000000000021af      0x21b ./Drivers/STM32F1xx_HAL_Driver/Src/stm32f1xx_hal_dma.o
                                        0x5f8 (size before relaxing)
 .debug_str     0x00000000000023ca       0xf4 ./Drivers/STM32F1xx_HAL_Driver/Src/stm32f1xx_hal_gpio.o
                                        0x3fb (size before relaxing)
 .debug_str     0x00000000000024be      0x1e5 ./Drivers/STM32F1xx_HAL_Driver/Src/stm32f1xx_hal_rcc.o
                                        0x626 (size before relaxing)
 .debug_str     0x00000000000026a3       0x84 ./Drivers/STM32F1xx_HAL_Driver/Src/stm32f1xx_hal_rcc_ex.o
                                        0x3ce (size before relaxing)
 .debug_str     0x0000000000002727      0xe36 ./Drivers/STM32F1xx_HAL_Driver/Src/stm32f1xx_hal_tim.o
                                       0x1670 (size before relaxing)
 .debug_str     0x000000000000355d      0x4ee ./Drivers/STM32F1xx_HAL_Driver/Src/stm32f1xx_hal_tim_ex.o
                                        0xe8c (size before relaxing)
 .debug_str     0x0000000000003a4b      0x5c5 ./Drivers/STM32F1xx_HAL_Driver/Src/stm32f1xx_hal_uart.o
                                        0xcef (size before relaxing)

.comment        0x0000000000000000       0x50
 .comment       0x0000000000000000       0x50 ./Core/Src/main.o
                                         0x51 (size before relaxing)
 .comment       0x0000000000000050       0x51 ./Core/Src/scheduler.o
 .comment       0x0000000000000050       0x51 ./Core/Src/stm32f1xx_hal_msp.o
 .comment       0x0000000000000050       0x51 ./Core/Src/stm32f1xx_it.o
 .comment       0x0000000000000050       0x51 ./Core/Src/sysmem.o
 .comment       0x0000000000000050       0x51 ./Core/Src/system_stm32f1xx.o
 .comment       0x0000000000000050       0x51 ./Drivers/STM32F1xx_HAL_Driver/Src/stm32f1xx_hal.o
 .comment       0x0000000000000050       0x51 ./Drivers/STM32F1xx_HAL_Driver/Src/stm32f1xx_hal_adc.o
 .comment       0x0000000000000050       0x51 ./Drivers/STM32F1xx_HAL_Driver/Src/stm32f1xx_hal_adc_ex.o
 .comment       0x0000000000000050       0x51 ./Drivers/STM32F1xx_HAL_Driver/Src/stm32f1xx_hal_cortex.o
 .comment       0x0000000000000050       0x51 ./Drivers/STM32F1xx_HAL_Driver/Src/stm32f1xx_hal_dma.o
 .comment       0x0000000000000050       0x51 ./Drivers/STM32F1xx_HAL_Driver/Src/stm32f1xx_hal_gpio.o
 .comment       0x0000000000000050       0x51 ./Drivers/STM32F1xx_HAL_Driver/Src/stm32f1xx_hal_rcc.o
 .comment       0x0000000000000050       0x51 ./Drivers/STM32F1xx_HAL_Driver/Src/stm32f1xx_hal_rcc_ex.o
 .comment       0x0000000000000050       0x51 ./Drivers/STM32F1xx_HAL_Driver/Src/stm32f1xx_hal_tim.o
 .comment       0x0000000000000050       0x51 ./Drivers/STM32F1xx_HAL_Driver/Src/stm32f1xx_hal_tim_ex.o
 .comment       0x0000000000000050       0x51 ./Drivers/STM32F1xx_HAL_Driver/Src/stm32f1xx_hal_uart.o

.debug_frame    0x0000000000000000     0x3f74
 .debug_frame   0x0000000000000000      0x298 ./Core/Src/main.o
 .debug_frame   0x0000000000000298       0xd8 ./Core/Src/scheduler.o
 .debug_frame   0x0000000000000370      0x110 ./Core/Src/stm32f1xx_hal_msp.o
 .debug_frame   0x0000000000000480      0x158 ./Core/Src/stm32f1xx_it.o
 .debug_frame   0x00000000000005d8       0x34 ./Core/Src/sysmem.o
 .debug_frame   0x000000000000060c       0x58 ./Core/Src/system_stm32f1xx.o
 .debug_frame   0x0000000000000664      0x334 ./Drivers/STM32F1xx_HAL_Driver/Src/stm32f1xx_hal.o
 .debug_frame   0x0000000000000998      0x40c ./Drivers/STM32F1xx_HAL_Driver/Src/stm32f1xx_hal_adc.o
 .debug_frame   0x0000000000000da4      0x200 ./Drivers/STM32F1xx_HAL_Driver/Src/stm32f1xx_hal_adc_ex.o
 .debug_frame   0x0000000000000fa4      0x428 ./Drivers/STM32F1xx_HAL_Driver/Src/stm32f1xx_hal_cortex.o
 .debug_frame   0x00000000000013cc      0x208 ./Drivers/STM32F1xx_HAL_Driver/Src/stm32f1xx_hal_dma.o
 .debug_frame   0x00000000000015d4      0x14c ./Drivers/STM32F1xx_HAL_Driver/Src/stm32f1xx_hal_gpio.o
 .debug_frame   0x0000000000001720      0x218 ./Drivers/STM32F1xx_HAL_Driver/Src/stm32f1xx_hal_rcc.o
 .debug_frame   0x0000000000001938       0x80 ./Drivers/STM32F1xx_HAL_Driver/Src/stm32f1xx_hal_rcc_ex.o
 .debug_frame   0x00000000000019b8     0x11b8 ./Drivers/STM32F1xx_HAL_Driver/Src/stm32f1xx_hal_tim.o
 .debug_frame   0x0000000000002b70      0x638 ./Drivers/STM32F1xx_HAL_Driver/Src/stm32f1xx_hal_tim_ex.o
 .debug_frame   0x00000000000031a8      0x944 ./Drivers/STM32F1xx_HAL_Driver/Src/stm32f1xx_hal_uart.o
 .debug_frame   0x0000000000003aec       0x20 d:/stm32cubeide_1.10.0/stm32cubeide/plugins/com.st.stm32cube.ide.mcu.externaltools.gnu-tools-for-stm32.10.3-2021.10.win32_1.0.0.202111181127/tools/bin/../lib/gcc/arm-none-eabi/10.3.1/../../../../arm-none-eabi/lib/thumb/v7-m/nofp\libc_nano.a(lib_a-errno.o)
 .debug_frame   0x0000000000003b0c       0x2c d:/stm32cubeide_1.10.0/stm32cubeide/plugins/com.st.stm32cube.ide.mcu.externaltools.gnu-tools-for-stm32.10.3-2021.10.win32_1.0.0.202111181127/tools/bin/../lib/gcc/arm-none-eabi/10.3.1/../../../../arm-none-eabi/lib/thumb/v7-m/nofp\libc_nano.a(lib_a-init.o)
 .debug_frame   0x0000000000003b38       0x20 d:/stm32cubeide_1.10.0/stm32cubeide/plugins/com.st.stm32cube.ide.mcu.externaltools.gnu-tools-for-stm32.10.3-2021.10.win32_1.0.0.202111181127/tools/bin/../lib/gcc/arm-none-eabi/10.3.1/../../../../arm-none-eabi/lib/thumb/v7-m/nofp\libc_nano.a(lib_a-memset.o)
 .debug_frame   0x0000000000003b58       0x6c d:/stm32cubeide_1.10.0/stm32cubeide/plugins/com.st.stm32cube.ide.mcu.externaltools.gnu-tools-for-stm32.10.3-2021.10.win32_1.0.0.202111181127/tools/bin/../lib/gcc/arm-none-eabi/10.3.1/../../../../arm-none-eabi/lib/thumb/v7-m/nofp\libc_nano.a(lib_a-sprintf.o)
 .debug_frame   0x0000000000003bc4       0x90 d:/stm32cubeide_1.10.0/stm32cubeide/plugins/com.st.stm32cube.ide.mcu.externaltools.gnu-tools-for-stm32.10.3-2021.10.win32_1.0.0.202111181127/tools/bin/../lib/gcc/arm-none-eabi/10.3.1/../../../../arm-none-eabi/lib/thumb/v7-m/nofp\libc_nano.a(lib_a-nano-svfprintf.o)
 .debug_frame   0x0000000000003c54       0x60 d:/stm32cubeide_1.10.0/stm32cubeide/plugins/com.st.stm32cube.ide.mcu.externaltools.gnu-tools-for-stm32.10.3-2021.10.win32_1.0.0.202111181127/tools/bin/../lib/gcc/arm-none-eabi/10.3.1/../../../../arm-none-eabi/lib/thumb/v7-m/nofp\libc_nano.a(lib_a-nano-vfprintf_i.o)
 .debug_frame   0x0000000000003cb4       0x28 d:/stm32cubeide_1.10.0/stm32cubeide/plugins/com.st.stm32cube.ide.mcu.externaltools.gnu-tools-for-stm32.10.3-2021.10.win32_1.0.0.202111181127/tools/bin/../lib/gcc/arm-none-eabi/10.3.1/../../../../arm-none-eabi/lib/thumb/v7-m/nofp\libc_nano.a(lib_a-memchr-stub.o)
 .debug_frame   0x0000000000003cdc       0x28 d:/stm32cubeide_1.10.0/stm32cubeide/plugins/com.st.stm32cube.ide.mcu.externaltools.gnu-tools-for-stm32.10.3-2021.10.win32_1.0.0.202111181127/tools/bin/../lib/gcc/arm-none-eabi/10.3.1/../../../../arm-none-eabi/lib/thumb/v7-m/nofp\libc_nano.a(lib_a-memcpy-stub.o)
 .debug_frame   0x0000000000003d04       0x28 d:/stm32cubeide_1.10.0/stm32cubeide/plugins/com.st.stm32cube.ide.mcu.externaltools.gnu-tools-for-stm32.10.3-2021.10.win32_1.0.0.202111181127/tools/bin/../lib/gcc/arm-none-eabi/10.3.1/../../../../arm-none-eabi/lib/thumb/v7-m/nofp\libc_nano.a(lib_a-memmove.o)
 .debug_frame   0x0000000000003d2c       0x38 d:/stm32cubeide_1.10.0/stm32cubeide/plugins/com.st.stm32cube.ide.mcu.externaltools.gnu-tools-for-stm32.10.3-2021.10.win32_1.0.0.202111181127/tools/bin/../lib/gcc/arm-none-eabi/10.3.1/../../../../arm-none-eabi/lib/thumb/v7-m/nofp\libc_nano.a(lib_a-nano-freer.o)
 .debug_frame   0x0000000000003d64       0x4c d:/stm32cubeide_1.10.0/stm32cubeide/plugins/com.st.stm32cube.ide.mcu.externaltools.gnu-tools-for-stm32.10.3-2021.10.win32_1.0.0.202111181127/tools/bin/../lib/gcc/arm-none-eabi/10.3.1/../../../../arm-none-eabi/lib/thumb/v7-m/nofp\libc_nano.a(lib_a-nano-mallocr.o)
 .debug_frame   0x0000000000003db0       0x3c d:/stm32cubeide_1.10.0/stm32cubeide/plugins/com.st.stm32cube.ide.mcu.externaltools.gnu-tools-for-stm32.10.3-2021.10.win32_1.0.0.202111181127/tools/bin/../lib/gcc/arm-none-eabi/10.3.1/../../../../arm-none-eabi/lib/thumb/v7-m/nofp\libc_nano.a(lib_a-nano-reallocr.o)
 .debug_frame   0x0000000000003dec       0x2c d:/stm32cubeide_1.10.0/stm32cubeide/plugins/com.st.stm32cube.ide.mcu.externaltools.gnu-tools-for-stm32.10.3-2021.10.win32_1.0.0.202111181127/tools/bin/../lib/gcc/arm-none-eabi/10.3.1/../../../../arm-none-eabi/lib/thumb/v7-m/nofp\libc_nano.a(lib_a-sbrkr.o)
 .debug_frame   0x0000000000003e18       0x30 d:/stm32cubeide_1.10.0/stm32cubeide/plugins/com.st.stm32cube.ide.mcu.externaltools.gnu-tools-for-stm32.10.3-2021.10.win32_1.0.0.202111181127/tools/bin/../lib/gcc/arm-none-eabi/10.3.1/../../../../arm-none-eabi/lib/thumb/v7-m/nofp\libc_nano.a(lib_a-mlock.o)
 .debug_frame   0x0000000000003e48       0x20 d:/stm32cubeide_1.10.0/stm32cubeide/plugins/com.st.stm32cube.ide.mcu.externaltools.gnu-tools-for-stm32.10.3-2021.10.win32_1.0.0.202111181127/tools/bin/../lib/gcc/arm-none-eabi/10.3.1/../../../../arm-none-eabi/lib/thumb/v7-m/nofp\libc_nano.a(lib_a-nano-msizer.o)
 .debug_frame   0x0000000000003e68       0x5c d:/stm32cubeide_1.10.0/stm32cubeide/plugins/com.st.stm32cube.ide.mcu.externaltools.gnu-tools-for-stm32.10.3-2021.10.win32_1.0.0.202111181127/tools/bin/../lib/gcc/arm-none-eabi/10.3.1/../../../../arm-none-eabi/lib/thumb/v7-m/nofp\libc_nano.a(lib_a-reent.o)
 .debug_frame   0x0000000000003ec4       0xb0 d:/stm32cubeide_1.10.0/stm32cubeide/plugins/com.st.stm32cube.ide.mcu.externaltools.gnu-tools-for-stm32.10.3-2021.10.win32_1.0.0.202111181127/tools/bin/../lib/gcc/arm-none-eabi/10.3.1/../../../../arm-none-eabi/lib/thumb/v7-m/nofp\libc_nano.a(lib_a-lock.o)
