../Core/Src/main.c:83:6:HAL_UART_RxCpltCallback	16	static
../Core/Src/main.c:104:5:check_RST	16	static
../Core/Src/main.c:111:5:check_OK	16	static
../Core/Src/main.c:118:6:cmd_parser_fsm	8	static
../Core/Src/main.c:152:6:uart_communication	64	static
../Core/Src/main.c:175:5:main	8	static
../Core/Src/main.c:236:6:SystemClock_Config	88	static
../Core/Src/main.c:280:13:MX_ADC1_Init	24	static
../Core/Src/main.c:327:13:MX_TIM2_Init	32	static
../Core/Src/main.c:373:13:MX_USART2_UART_Init	8	static
../Core/Src/main.c:406:13:MX_GPIO_Init	32	static
../Core/Src/main.c:426:6:HAL_TIM_PeriodElapsedCallback	16	static
../Core/Src/main.c:436:6:Error_Handler	4	static,ignoring_inline_asm
