../Core/Src/main.c:83:6:HAL_UART_RxCpltCallback	16	static
../Core/Src/main.c:96:5:check_RST	16	static
../Core/Src/main.c:103:5:check_OK	16	static
../Core/Src/main.c:110:6:cmd_parser_fsm	8	static
../Core/Src/main.c:140:6:uart_communication	64	static
../Core/Src/main.c:163:5:main	8	static
../Core/Src/main.c:223:6:SystemClock_Config	88	static
../Core/Src/main.c:267:13:MX_ADC1_Init	24	static
../Core/Src/main.c:314:13:MX_TIM2_Init	32	static
../Core/Src/main.c:360:13:MX_USART2_UART_Init	8	static
../Core/Src/main.c:393:13:MX_GPIO_Init	32	static
../Core/Src/main.c:413:6:HAL_TIM_PeriodElapsedCallback	16	static
../Core/Src/main.c:424:6:Error_Handler	4	static,ignoring_inline_asm
