Archive member included to satisfy reference by file (symbol)

d:/stm32cubeide_1.10.0/stm32cubeide/plugins/com.st.stm32cube.ide.mcu.externaltools.gnu-tools-for-stm32.10.3-2021.10.win32_1.0.0.202111181127/tools/bin/../lib/gcc/arm-none-eabi/10.3.1/../../../../arm-none-eabi/lib/thumb/v7-m/nofp\libc_nano.a(lib_a-errno.o)
                              ./Core/Src/syscalls.o (__errno)
d:/stm32cubeide_1.10.0/stm32cubeide/plugins/com.st.stm32cube.ide.mcu.externaltools.gnu-tools-for-stm32.10.3-2021.10.win32_1.0.0.202111181127/tools/bin/../lib/gcc/arm-none-eabi/10.3.1/../../../../arm-none-eabi/lib/thumb/v7-m/nofp\libc_nano.a(lib_a-exit.o)
                              d:/stm32cubeide_1.10.0/stm32cubeide/plugins/com.st.stm32cube.ide.mcu.externaltools.gnu-tools-for-stm32.10.3-2021.10.win32_1.0.0.202111181127/tools/bin/../lib/gcc/arm-none-eabi/10.3.1/../../../../arm-none-eabi/lib/thumb/v7-m/nofp/crt0.o (exit)
d:/stm32cubeide_1.10.0/stm32cubeide/plugins/com.st.stm32cube.ide.mcu.externaltools.gnu-tools-for-stm32.10.3-2021.10.win32_1.0.0.202111181127/tools/bin/../lib/gcc/arm-none-eabi/10.3.1/../../../../arm-none-eabi/lib/thumb/v7-m/nofp\libc_nano.a(lib_a-impure.o)
                              d:/stm32cubeide_1.10.0/stm32cubeide/plugins/com.st.stm32cube.ide.mcu.externaltools.gnu-tools-for-stm32.10.3-2021.10.win32_1.0.0.202111181127/tools/bin/../lib/gcc/arm-none-eabi/10.3.1/../../../../arm-none-eabi/lib/thumb/v7-m/nofp\libc_nano.a(lib_a-exit.o) (_global_impure_ptr)
d:/stm32cubeide_1.10.0/stm32cubeide/plugins/com.st.stm32cube.ide.mcu.externaltools.gnu-tools-for-stm32.10.3-2021.10.win32_1.0.0.202111181127/tools/bin/../lib/gcc/arm-none-eabi/10.3.1/../../../../arm-none-eabi/lib/thumb/v7-m/nofp\libc_nano.a(lib_a-init.o)
                              d:/stm32cubeide_1.10.0/stm32cubeide/plugins/com.st.stm32cube.ide.mcu.externaltools.gnu-tools-for-stm32.10.3-2021.10.win32_1.0.0.202111181127/tools/bin/../lib/gcc/arm-none-eabi/10.3.1/../../../../arm-none-eabi/lib/thumb/v7-m/nofp/crt0.o (__libc_init_array)
d:/stm32cubeide_1.10.0/stm32cubeide/plugins/com.st.stm32cube.ide.mcu.externaltools.gnu-tools-for-stm32.10.3-2021.10.win32_1.0.0.202111181127/tools/bin/../lib/gcc/arm-none-eabi/10.3.1/../../../../arm-none-eabi/lib/thumb/v7-m/nofp\libc_nano.a(lib_a-memset.o)
                              d:/stm32cubeide_1.10.0/stm32cubeide/plugins/com.st.stm32cube.ide.mcu.externaltools.gnu-tools-for-stm32.10.3-2021.10.win32_1.0.0.202111181127/tools/bin/../lib/gcc/arm-none-eabi/10.3.1/../../../../arm-none-eabi/lib/thumb/v7-m/nofp/crt0.o (memset)

Discarded input sections

 .text          0x0000000000000000        0x0 d:/stm32cubeide_1.10.0/stm32cubeide/plugins/com.st.stm32cube.ide.mcu.externaltools.gnu-tools-for-stm32.10.3-2021.10.win32_1.0.0.202111181127/tools/bin/../lib/gcc/arm-none-eabi/10.3.1/thumb/v7-m/nofp/crti.o
 .data          0x0000000000000000        0x0 d:/stm32cubeide_1.10.0/stm32cubeide/plugins/com.st.stm32cube.ide.mcu.externaltools.gnu-tools-for-stm32.10.3-2021.10.win32_1.0.0.202111181127/tools/bin/../lib/gcc/arm-none-eabi/10.3.1/thumb/v7-m/nofp/crti.o
 .bss           0x0000000000000000        0x0 d:/stm32cubeide_1.10.0/stm32cubeide/plugins/com.st.stm32cube.ide.mcu.externaltools.gnu-tools-for-stm32.10.3-2021.10.win32_1.0.0.202111181127/tools/bin/../lib/gcc/arm-none-eabi/10.3.1/thumb/v7-m/nofp/crti.o
 .data          0x0000000000000000        0x4 d:/stm32cubeide_1.10.0/stm32cubeide/plugins/com.st.stm32cube.ide.mcu.externaltools.gnu-tools-for-stm32.10.3-2021.10.win32_1.0.0.202111181127/tools/bin/../lib/gcc/arm-none-eabi/10.3.1/thumb/v7-m/nofp/crtbegin.o
 .rodata        0x0000000000000000       0x24 d:/stm32cubeide_1.10.0/stm32cubeide/plugins/com.st.stm32cube.ide.mcu.externaltools.gnu-tools-for-stm32.10.3-2021.10.win32_1.0.0.202111181127/tools/bin/../lib/gcc/arm-none-eabi/10.3.1/thumb/v7-m/nofp/crtbegin.o
 .text          0x0000000000000000       0x7c d:/stm32cubeide_1.10.0/stm32cubeide/plugins/com.st.stm32cube.ide.mcu.externaltools.gnu-tools-for-stm32.10.3-2021.10.win32_1.0.0.202111181127/tools/bin/../lib/gcc/arm-none-eabi/10.3.1/../../../../arm-none-eabi/lib/thumb/v7-m/nofp/crt0.o
 .data          0x0000000000000000        0x0 d:/stm32cubeide_1.10.0/stm32cubeide/plugins/com.st.stm32cube.ide.mcu.externaltools.gnu-tools-for-stm32.10.3-2021.10.win32_1.0.0.202111181127/tools/bin/../lib/gcc/arm-none-eabi/10.3.1/../../../../arm-none-eabi/lib/thumb/v7-m/nofp/crt0.o
 .bss           0x0000000000000000        0x0 d:/stm32cubeide_1.10.0/stm32cubeide/plugins/com.st.stm32cube.ide.mcu.externaltools.gnu-tools-for-stm32.10.3-2021.10.win32_1.0.0.202111181127/tools/bin/../lib/gcc/arm-none-eabi/10.3.1/../../../../arm-none-eabi/lib/thumb/v7-m/nofp/crt0.o
 .ARM.extab     0x0000000000000000        0x0 d:/stm32cubeide_1.10.0/stm32cubeide/plugins/com.st.stm32cube.ide.mcu.externaltools.gnu-tools-for-stm32.10.3-2021.10.win32_1.0.0.202111181127/tools/bin/../lib/gcc/arm-none-eabi/10.3.1/../../../../arm-none-eabi/lib/thumb/v7-m/nofp/crt0.o
[...]
Memory Configuration

Name             Origin             Length             Attributes
RAM              0x0000000020000000 0x0000000000002800 xrw
FLASH            0x0000000008000000 0x0000000000008000 xr
*default*        0x0000000000000000 0xffffffffffffffff

Linker script and memory map

LOAD d:/stm32cubeide_1.10.0/stm32cubeide/plugins/com.st.stm32cube.ide.mcu.externaltools.gnu-tools-for-stm32.10.3-2021.10.win32_1.0.0.202111181127/tools/bin/../lib/gcc/arm-none-eabi/10.3.1/thumb/v7-m/nofp/crti.o
LOAD d:/stm32cubeide_1.10.0/stm32cubeide/plugins/com.st.stm32cube.ide.mcu.externaltools.gnu-tools-for-stm32.10.3-2021.10.win32_1.0.0.202111181127/tools/bin/../lib/gcc/arm-none-eabi/10.3.1/thumb/v7-m/nofp/crtbegin.o
LOAD d:/stm32cubeide_1.10.0/stm32cubeide/plugins/com.st.stm32cube.ide.mcu.externaltools.gnu-tools-for-stm32.10.3-2021.10.win32_1.0.0.202111181127/tools/bin/../lib/gcc/arm-none-eabi/10.3.1/../../../../arm-none-eabi/lib/thumb/v7-m/nofp/crt0.o
LOAD ./Core/Src/button.o
LOAD ./Core/Src/fsm.o
LOAD ./Core/Src/led7seg.o
LOAD ./Core/Src/main.o
LOAD ./Core/Src/software_timer.o
LOAD ./Core/Src/stm32f1xx_hal_msp.o
LOAD ./Core/Src/stm32f1xx_it.o
LOAD ./Core/Src/syscalls.o
LOAD ./Core/Src/sysmem.o
LOAD ./Core/Src/system_stm32f1xx.o
LOAD ./Core/Src/traffic_light.o
LOAD ./Core/Startup/startup_stm32f103c6ux.o
LOAD ./Drivers/STM32F1xx_HAL_Driver/Src/stm32f1xx_hal.o
LOAD ./Drivers/STM32F1xx_HAL_Driver/Src/stm32f1xx_hal_cortex.o
LOAD ./Drivers/STM32F1xx_HAL_Driver/Src/stm32f1xx_hal_dma.o
LOAD ./Drivers/STM32F1xx_HAL_Driver/Src/stm32f1xx_hal_exti.o
LOAD ./Drivers/STM32F1xx_HAL_Driver/Src/stm32f1xx_hal_flash.o
LOAD ./Drivers/STM32F1xx_HAL_Driver/Src/stm32f1xx_hal_flash_ex.o
LOAD ./Drivers/STM32F1xx_HAL_Driver/Src/stm32f1xx_hal_gpio.o
LOAD ./Drivers/STM32F1xx_HAL_Driver/Src/stm32f1xx_hal_gpio_ex.o
LOAD ./Drivers/STM32F1xx_HAL_Driver/Src/stm32f1xx_hal_pwr.o
LOAD ./Drivers/STM32F1xx_HAL_Driver/Src/stm32f1xx_hal_rcc.o
LOAD ./Drivers/STM32F1xx_HAL_Driver/Src/stm32f1xx_hal_rcc_ex.o
LOAD ./Drivers/STM32F1xx_HAL_Driver/Src/stm32f1xx_hal_tim.o
LOAD ./Drivers/STM32F1xx_HAL_Driver/Src/stm32f1xx_hal_tim_ex.o
START GROUP
LOAD d:/stm32cubeide_1.10.0/stm32cubeide/plugins/com.st.stm32cube.ide.mcu.externaltools.gnu-tools-for-stm32.10.3-2021.10.win32_1.0.0.202111181127/tools/bin/../lib/gcc/arm-none-eabi/10.3.1/../../../../arm-none-eabi/lib/thumb/v7-m/nofp\libc_nano.a
LOAD d:/stm32cubeide_1.10.0/stm32cubeide/plugins/com.st.stm32cube.ide.mcu.externaltools.gnu-tools-for-stm32.10.3-2021.10.win32_1.0.0.202111181127/tools/bin/../lib/gcc/arm-none-eabi/10.3.1/../../../../arm-none-eabi/lib/thumb/v7-m/nofp\libm.a
END GROUP
START GROUP
LOAD d:/stm32cubeide_1.10.0/stm32cubeide/plugins/com.st.stm32cube.ide.mcu.externaltools.gnu-tools-for-stm32.10.3-2021.10.win32_1.0.0.202111181127/tools/bin/../lib/gcc/arm-none-eabi/10.3.1/thumb/v7-m/nofp\libgcc.a
LOAD d:/stm32cubeide_1.10.0/stm32cubeide/plugins/com.st.stm32cube.ide.mcu.externaltools.gnu-tools-for-stm32.10.3-2021.10.win32_1.0.0.202111181127/tools/bin/../lib/gcc/arm-none-eabi/10.3.1/../../../../arm-none-eabi/lib/thumb/v7-m/nofp\libc_nano.a
END GROUP
START GROUP
LOAD d:/stm32cubeide_1.10.0/stm32cubeide/plugins/com.st.stm32cube.ide.mcu.externaltools.gnu-tools-for-stm32.10.3-2021.10.win32_1.0.0.202111181127/tools/bin/../lib/gcc/arm-none-eabi/10.3.1/thumb/v7-m/nofp\libgcc.a
LOAD d:/stm32cubeide_1.10.0/stm32cubeide/plugins/com.st.stm32cube.ide.mcu.externaltools.gnu-tools-for-stm32.10.3-2021.10.win32_1.0.0.202111181127/tools/bin/../lib/gcc/arm-none-eabi/10.3.1/../../../../arm-none-eabi/lib/thumb/v7-m/nofp\libc_nano.a
LOAD d:/stm32cubeide_1.10.0/stm32cubeide/plugins/com.st.stm32cube.ide.mcu.externaltools.gnu-tools-for-stm32.10.3-2021.10.win32_1.0.0.202111181127/tools/bin/../lib/gcc/arm-none-eabi/10.3.1/../../../../arm-none-eabi/lib/thumb/v7-m/nofp\libnosys.a
END GROUP
START GROUP
LOAD d:/stm32cubeide_1.10.0/stm32cubeide/plugins/com.st.stm32cube.ide.mcu.externaltools.gnu-tools-for-stm32.10.3-2021.10.win32_1.0.0.202111181127/tools/bin/../lib/gcc/arm-none-eabi/10.3.1/thumb/v7-m/nofp\libgcc.a
LOAD d:/stm32cubeide_1.10.0/stm32cubeide/plugins/com.st.stm32cube.ide.mcu.externaltools.gnu-tools-for-stm32.10.3-2021.10.win32_1.0.0.202111181127/tools/bin/../lib/gcc/arm-none-eabi/10.3.1/../../../../arm-none-eabi/lib/thumb/v7-m/nofp\libc_nano.a
LOAD d:/stm32cubeide_1.10.0/stm32cubeide/plugins/com.st.stm32cube.ide.mcu.externaltools.gnu-tools-for-stm32.10.3-2021.10.win32_1.0.0.202111181127/tools/bin/../lib/gcc/arm-none-eabi/10.3.1/../../../../arm-none-eabi/lib/thumb/v7-m/nofp\libnosys.a
END GROUP
LOAD d:/stm32cubeide_1.10.0/stm32cubeide/plugins/com.st.stm32cube.ide.mcu.externaltools.gnu-tools-for-stm32.10.3-2021.10.win32_1.0.0.202111181127/tools/bin/../lib/gcc/arm-none-eabi/10.3.1/thumb/v7-m/nofp/crtend.o
LOAD d:/stm32cubeide_1.10.0/stm32cubeide/plugins/com.st.stm32cube.ide.mcu.externaltools.gnu-tools-for-stm32.10.3-2021.10.win32_1.0.0.202111181127/tools/bin/../lib/gcc/arm-none-eabi/10.3.1/thumb/v7-m/nofp/crtn.o
                0x0000000020002800                _estack = (ORIGIN (RAM) + LENGTH (RAM))
                0x0000000000000200                _Min_Heap_Size = 0x200
                0x0000000000000400                _Min_Stack_Size = 0x400

.isr_vector     0x0000000008000000      0x10c
                0x0000000008000000                . = ALIGN (0x4)
 *(.isr_vector)
 .isr_vector    0x0000000008000000      0x10c ./Core/Startup/startup_stm32f103c6ux.o
                0x0000000008000000                g_pfnVectors
                0x000000000800010c                . = ALIGN (0x4)

.text           0x000000000800010c     0x2c7c
                0x000000000800010c                . = ALIGN (0x4)
 *(.text)
 .text          0x000000000800010c       0x40 d:/stm32cubeide_1.10.0/stm32cubeide/plugins/com.st.stm32cube.ide.mcu.externaltools.gnu-tools-for-stm32.10.3-2021.10.win32_1.0.0.202111181127/tools/bin/../lib/gcc/arm-none-eabi/10.3.1/thumb/v7-m/nofp/crtbegin.o
 *(.text*)
 .text.isMODE_Pressed
                0x000000000800014c       0x24 ./Core/Src/button.o
                0x000000000800014c                isMODE_Pressed
 .text.isINC_Pressed
                0x0000000008000170       0x24 ./Core/Src/button.o
                0x0000000008000170                isINC_Pressed
 .text.isSET_Pressed
                0x0000000008000194       0x24 ./Core/Src/button.o
                0x0000000008000194                isSET_Pressed
 .text.subKeyProcess
                0x00000000080001b8       0x44 ./Core/Src/button.o
                0x00000000080001b8                subKeyProcess
 .text.getKeyInput
                0x00000000080001fc      0x118 ./Core/Src/button.o
                0x00000000080001fc                getKeyInput
 .text.fsm_mode_run
                0x0000000008000314      0x210 ./Core/Src/fsm.o
                0x0000000008000314                fsm_mode_run
 .text.display7SEG
                0x0000000008000524       0x64 ./Core/Src/led7seg.o
                0x0000000008000524                display7SEG
 .text.clearAll_7SEG
                0x0000000008000588       0x18 ./Core/Src/led7seg.o
                0x0000000008000588                clearAll_7SEG
 .text.update7SEG
                0x00000000080005a0       0xa4 ./Core/Src/led7seg.o
                0x00000000080005a0                update7SEG
 .text.updateClockBuffer_vertical
                0x0000000008000644       0x48 ./Core/Src/led7seg.o
                0x0000000008000644                updateClockBuffer_vertical
 .text.updateClockBuffer_horizontal
                0x000000000800068c       0x48 ./Core/Src/led7seg.o
                0x000000000800068c                updateClockBuffer_horizontal
 .text.led7seg_run
                0x00000000080006d4       0x94 ./Core/Src/led7seg.o
                0x00000000080006d4                led7seg_run
 .text.Ex_Init  0x0000000008000768       0x24 ./Core/Src/main.o
                0x0000000008000768                Ex_Init
 .text.main     0x000000000800078c       0x34 ./Core/Src/main.o
                0x000000000800078c                main
 .text.SystemClock_Config
                0x00000000080007c0       0x76 ./Core/Src/main.o
                0x00000000080007c0                SystemClock_Config
 *fill*         0x0000000008000836        0x2 
 .text.MX_TIM2_Init
                0x0000000008000838       0x98 ./Core/Src/main.o
 .text.MX_GPIO_Init
                0x00000000080008d0       0xc4 ./Core/Src/main.o
 .text.HAL_TIM_PeriodElapsedCallback
                0x0000000008000994       0x18 ./Core/Src/main.o
                0x0000000008000994                HAL_TIM_PeriodElapsedCallback
 .text.Error_Handler
                0x00000000080009ac        0xa ./Core/Src/main.o
                0x00000000080009ac                Error_Handler
 *fill*         0x00000000080009b6        0x2 
 .text.setTimer0
                0x00000000080009b8       0x28 ./Core/Src/software_timer.o
                0x00000000080009b8                setTimer0
 .text.setTimer1
                0x00000000080009e0       0x38 ./Core/Src/software_timer.o
                0x00000000080009e0                setTimer1
 .text.setTimer2
                0x0000000008000a18       0x38 ./Core/Src/software_timer.o
                0x0000000008000a18                setTimer2
 .text.setTimer3
                0x0000000008000a50       0x28 ./Core/Src/software_timer.o
                0x0000000008000a50                setTimer3
 .text.setTimer4
                0x0000000008000a78       0x38 ./Core/Src/software_timer.o
                0x0000000008000a78                setTimer4
 .text.setTimer5
                0x0000000008000ab0       0x38 ./Core/Src/software_timer.o
                0x0000000008000ab0                setTimer5
 .text.timerRun
                0x0000000008000ae8      0x124 ./Core/Src/software_timer.o
                0x0000000008000ae8                timerRun
 .text.HAL_MspInit
                0x0000000008000c0c       0x44 ./Core/Src/stm32f1xx_hal_msp.o
                0x0000000008000c0c                HAL_MspInit
 .text.HAL_TIM_Base_MspInit
                0x0000000008000c50       0x48 ./Core/Src/stm32f1xx_hal_msp.o
                0x0000000008000c50                HAL_TIM_Base_MspInit
 .text.NMI_Handler
                0x0000000008000c98        0x6 ./Core/Src/stm32f1xx_it.o
                0x0000000008000c98                NMI_Handler
 .text.HardFault_Handler
                0x0000000008000c9e        0x6 ./Core/Src/stm32f1xx_it.o
                0x0000000008000c9e                HardFault_Handler
 .text.MemManage_Handler
                0x0000000008000ca4        0x6 ./Core/Src/stm32f1xx_it.o
                0x0000000008000ca4                MemManage_Handler
 .text.BusFault_Handler
                0x0000000008000caa        0x6 ./Core/Src/stm32f1xx_it.o
                0x0000000008000caa                BusFault_Handler
 .text.UsageFault_Handler
                0x0000000008000cb0        0x6 ./Core/Src/stm32f1xx_it.o
                0x0000000008000cb0                UsageFault_Handler
 .text.SVC_Handler
                0x0000000008000cb6        0xc ./Core/Src/stm32f1xx_it.o
                0x0000000008000cb6                SVC_Handler
 .text.DebugMon_Handler
                0x0000000008000cc2        0xc ./Core/Src/stm32f1xx_it.o
                0x0000000008000cc2                DebugMon_Handler
 .text.PendSV_Handler
                0x0000000008000cce        0xc ./Core/Src/stm32f1xx_it.o
                0x0000000008000cce                PendSV_Handler
 .text.SysTick_Handler
                0x0000000008000cda        0xc ./Core/Src/stm32f1xx_it.o
                0x0000000008000cda                SysTick_Handler
 *fill*         0x0000000008000ce6        0x2 
 .text.TIM2_IRQHandler
                0x0000000008000ce8       0x14 ./Core/Src/stm32f1xx_it.o
                0x0000000008000ce8                TIM2_IRQHandler
 .text.SystemInit
                0x0000000008000cfc        0xc ./Core/Src/system_stm32f1xx.o
                0x0000000008000cfc                SystemInit
 .text.traffic_light_horizontal
                0x0000000008000d08      0x2a4 ./Core/Src/traffic_light.o
                0x0000000008000d08                traffic_light_horizontal
 .text.traffic_light_vertical
                0x0000000008000fac      0x2a4 ./Core/Src/traffic_light.o
                0x0000000008000fac                traffic_light_vertical
 .text.traffic_led7seg
                0x0000000008001250      0x488 ./Core/Src/traffic_light.o
                0x0000000008001250                traffic_led7seg
 .text.Reset_Handler
                0x00000000080016d8       0x48 ./Core/Startup/startup_stm32f103c6ux.o
                0x00000000080016d8                Reset_Handler
 .text.Default_Handler
                0x0000000008001720        0x2 ./Core/Startup/startup_stm32f103c6ux.o
                0x0000000008001720                RTC_Alarm_IRQHandler
                0x0000000008001720                EXTI2_IRQHandler
                0x0000000008001720                TIM1_CC_IRQHandler
                0x0000000008001720                PVD_IRQHandler
                0x0000000008001720                EXTI3_IRQHandler
                0x0000000008001720                EXTI0_IRQHandler
                0x0000000008001720                ADC1_2_IRQHandler
                0x0000000008001720                SPI1_IRQHandler
                0x0000000008001720                TAMPER_IRQHandler
                0x0000000008001720                DMA1_Channel4_IRQHandler
                0x0000000008001720                RTC_IRQHandler
                0x0000000008001720                DMA1_Channel7_IRQHandler
                0x0000000008001720                CAN1_RX1_IRQHandler
                0x0000000008001720                I2C1_EV_IRQHandler
                0x0000000008001720                DMA1_Channel6_IRQHandler
                0x0000000008001720                TIM3_IRQHandler
                0x0000000008001720                RCC_IRQHandler
                0x0000000008001720                TIM1_TRG_COM_IRQHandler
                0x0000000008001720                DMA1_Channel1_IRQHandler
                0x0000000008001720                Default_Handler
                0x0000000008001720                EXTI15_10_IRQHandler
                0x0000000008001720                EXTI9_5_IRQHandler
                0x0000000008001720                DMA1_Channel5_IRQHandler
                0x0000000008001720                EXTI4_IRQHandler
                0x0000000008001720                USB_LP_CAN1_RX0_IRQHandler
                0x0000000008001720                USB_HP_CAN1_TX_IRQHandler
                0x0000000008001720                DMA1_Channel3_IRQHandler
                0x0000000008001720                TIM1_UP_IRQHandler
                0x0000000008001720                WWDG_IRQHandler
                0x0000000008001720                TIM1_BRK_IRQHandler
                0x0000000008001720                EXTI1_IRQHandler
                0x0000000008001720                USART2_IRQHandler
                0x0000000008001720                DMA1_Channel2_IRQHandler
                0x0000000008001720                CAN1_SCE_IRQHandler
                0x0000000008001720                FLASH_IRQHandler
                0x0000000008001720                USART1_IRQHandler
                0x0000000008001720                I2C1_ER_IRQHandler
                0x0000000008001720                USBWakeUp_IRQHandler
 *fill*         0x0000000008001722        0x2 
 .text.HAL_Init
                0x0000000008001724       0x2c ./Drivers/STM32F1xx_HAL_Driver/Src/stm32f1xx_hal.o
                0x0000000008001724                HAL_Init
 .text.HAL_InitTick
                0x0000000008001750       0x60 ./Drivers/STM32F1xx_HAL_Driver/Src/stm32f1xx_hal.o
                0x0000000008001750                HAL_InitTick
 .text.HAL_IncTick
                0x00000000080017b0       0x24 ./Drivers/STM32F1xx_HAL_Driver/Src/stm32f1xx_hal.o
                0x00000000080017b0                HAL_IncTick
 .text.HAL_GetTick
                0x00000000080017d4       0x14 ./Drivers/STM32F1xx_HAL_Driver/Src/stm32f1xx_hal.o
                0x00000000080017d4                HAL_GetTick
 .text.__NVIC_SetPriorityGrouping
                0x00000000080017e8       0x48 ./Drivers/STM32F1xx_HAL_Driver/Src/stm32f1xx_hal_cortex.o
 .text.__NVIC_GetPriorityGrouping
                0x0000000008001830       0x1c ./Drivers/STM32F1xx_HAL_Driver/Src/stm32f1xx_hal_cortex.o
 .text.__NVIC_EnableIRQ
                0x000000000800184c       0x38 ./Drivers/STM32F1xx_HAL_Driver/Src/stm32f1xx_hal_cortex.o
 .text.__NVIC_SetPriority
                0x0000000008001884       0x54 ./Drivers/STM32F1xx_HAL_Driver/Src/stm32f1xx_hal_cortex.o
 .text.NVIC_EncodePriority
                0x00000000080018d8       0x64 ./Drivers/STM32F1xx_HAL_Driver/Src/stm32f1xx_hal_cortex.o
 .text.SysTick_Config
                0x000000000800193c       0x44 ./Drivers/STM32F1xx_HAL_Driver/Src/stm32f1xx_hal_cortex.o
 .text.HAL_NVIC_SetPriorityGrouping
                0x0000000008001980       0x16 ./Drivers/STM32F1xx_HAL_Driver/Src/stm32f1xx_hal_cortex.o
                0x0000000008001980                HAL_NVIC_SetPriorityGrouping
 .text.HAL_NVIC_SetPriority
                0x0000000008001996       0x38 ./Drivers/STM32F1xx_HAL_Driver/Src/stm32f1xx_hal_cortex.o
                0x0000000008001996                HAL_NVIC_SetPriority
 .text.HAL_NVIC_EnableIRQ
                0x00000000080019ce       0x1c ./Drivers/STM32F1xx_HAL_Driver/Src/stm32f1xx_hal_cortex.o
                0x00000000080019ce                HAL_NVIC_EnableIRQ
 .text.HAL_SYSTICK_Config
                0x00000000080019ea       0x18 ./Drivers/STM32F1xx_HAL_Driver/Src/stm32f1xx_hal_cortex.o
                0x00000000080019ea                HAL_SYSTICK_Config
 *fill*         0x0000000008001a02        0x2 
 .text.HAL_GPIO_Init
                0x0000000008001a04      0x2f8 ./Drivers/STM32F1xx_HAL_Driver/Src/stm32f1xx_hal_gpio.o
                0x0000000008001a04                HAL_GPIO_Init
 .text.HAL_GPIO_ReadPin
                0x0000000008001cfc       0x2e ./Drivers/STM32F1xx_HAL_Driver/Src/stm32f1xx_hal_gpio.o
                0x0000000008001cfc                HAL_GPIO_ReadPin
 .text.HAL_GPIO_WritePin
                0x0000000008001d2a       0x30 ./Drivers/STM32F1xx_HAL_Driver/Src/stm32f1xx_hal_gpio.o
                0x0000000008001d2a                HAL_GPIO_WritePin
 .text.HAL_GPIO_TogglePin
                0x0000000008001d5a       0x32 ./Drivers/STM32F1xx_HAL_Driver/Src/stm32f1xx_hal_gpio.o
                0x0000000008001d5a                HAL_GPIO_TogglePin
 .text.HAL_RCC_OscConfig
                0x0000000008001d8c      0x504 ./Drivers/STM32F1xx_HAL_Driver/Src/stm32f1xx_hal_rcc.o
                0x0000000008001d8c                HAL_RCC_OscConfig
 .text.HAL_RCC_ClockConfig
                0x0000000008002290      0x1d4 ./Drivers/STM32F1xx_HAL_Driver/Src/stm32f1xx_hal_rcc.o
                0x0000000008002290                HAL_RCC_ClockConfig
 .text.HAL_RCC_GetSysClockFreq
                0x0000000008002464       0xa8 ./Drivers/STM32F1xx_HAL_Driver/Src/stm32f1xx_hal_rcc.o
                0x0000000008002464                HAL_RCC_GetSysClockFreq
 .text.RCC_Delay
                0x000000000800250c       0x3c ./Drivers/STM32F1xx_HAL_Driver/Src/stm32f1xx_hal_rcc.o
 .text.HAL_TIM_Base_Init
                0x0000000008002548       0x9e ./Drivers/STM32F1xx_HAL_Driver/Src/stm32f1xx_hal_tim.o
                0x0000000008002548                HAL_TIM_Base_Init
 *fill*         0x00000000080025e6        0x2 
 .text.HAL_TIM_Base_Start_IT
                0x00000000080025e8       0x98 ./Drivers/STM32F1xx_HAL_Driver/Src/stm32f1xx_hal_tim.o
                0x00000000080025e8                HAL_TIM_Base_Start_IT
 .text.HAL_TIM_IRQHandler
                0x0000000008002680      0x210 ./Drivers/STM32F1xx_HAL_Driver/Src/stm32f1xx_hal_tim.o
                0x0000000008002680                HAL_TIM_IRQHandler
 .text.HAL_TIM_ConfigClockSource
                0x0000000008002890      0x18e ./Drivers/STM32F1xx_HAL_Driver/Src/stm32f1xx_hal_tim.o
                0x0000000008002890                HAL_TIM_ConfigClockSource
 .text.HAL_TIM_OC_DelayElapsedCallback
                0x0000000008002a1e       0x12 ./Drivers/STM32F1xx_HAL_Driver/Src/stm32f1xx_hal_tim.o
                0x0000000008002a1e                HAL_TIM_OC_DelayElapsedCallback
 .text.HAL_TIM_IC_CaptureCallback
                0x0000000008002a30       0x12 ./Drivers/STM32F1xx_HAL_Driver/Src/stm32f1xx_hal_tim.o
                0x0000000008002a30                HAL_TIM_IC_CaptureCallback
 .text.HAL_TIM_PWM_PulseFinishedCallback
                0x0000000008002a42       0x12 ./Drivers/STM32F1xx_HAL_Driver/Src/stm32f1xx_hal_tim.o
                0x0000000008002a42                HAL_TIM_PWM_PulseFinishedCallback
 .text.HAL_TIM_TriggerCallback
                0x0000000008002a54       0x12 ./Drivers/STM32F1xx_HAL_Driver/Src/stm32f1xx_hal_tim.o
                0x0000000008002a54                HAL_TIM_TriggerCallback
 *fill*         0x0000000008002a66        0x2 
 .text.TIM_Base_SetConfig
                0x0000000008002a68       0xb0 ./Drivers/STM32F1xx_HAL_Driver/Src/stm32f1xx_hal_tim.o
                0x0000000008002a68                TIM_Base_SetConfig
 .text.TIM_TI1_ConfigInputStage
                0x0000000008002b18       0x5c ./Drivers/STM32F1xx_HAL_Driver/Src/stm32f1xx_hal_tim.o
 .text.TIM_TI2_ConfigInputStage
                0x0000000008002b74       0x5e ./Drivers/STM32F1xx_HAL_Driver/Src/stm32f1xx_hal_tim.o
 .text.TIM_ITRx_SetConfig
                0x0000000008002bd2       0x34 ./Drivers/STM32F1xx_HAL_Driver/Src/stm32f1xx_hal_tim.o
 .text.TIM_ETR_SetConfig
                0x0000000008002c06       0x3e ./Drivers/STM32F1xx_HAL_Driver/Src/stm32f1xx_hal_tim.o
                0x0000000008002c06                TIM_ETR_SetConfig
 .text.HAL_TIMEx_MasterConfigSynchronization
                0x0000000008002c44       0xb0 ./Drivers/STM32F1xx_HAL_Driver/Src/stm32f1xx_hal_tim_ex.o
                0x0000000008002c44                HAL_TIMEx_MasterConfigSynchronization
 .text.HAL_TIMEx_CommutCallback
                0x0000000008002cf4       0x12 ./Drivers/STM32F1xx_HAL_Driver/Src/stm32f1xx_hal_tim_ex.o
                0x0000000008002cf4                HAL_TIMEx_CommutCallback
 .text.HAL_TIMEx_BreakCallback
                0x0000000008002d06       0x12 ./Drivers/STM32F1xx_HAL_Driver/Src/stm32f1xx_hal_tim_ex.o
                0x0000000008002d06                HAL_TIMEx_BreakCallback
 .text.__libc_init_array
                0x0000000008002d18       0x48 d:/stm32cubeide_1.10.0/stm32cubeide/plugins/com.st.stm32cube.ide.mcu.externaltools.gnu-tools-for-stm32.10.3-2021.10.win32_1.0.0.202111181127/tools/bin/../lib/gcc/arm-none-eabi/10.3.1/../../../../arm-none-eabi/lib/thumb/v7-m/nofp\libc_nano.a(lib_a-init.o)
                0x0000000008002d18                __libc_init_array
 .text.memset   0x0000000008002d60       0x10 d:/stm32cubeide_1.10.0/stm32cubeide/plugins/com.st.stm32cube.ide.mcu.externaltools.gnu-tools-for-stm32.10.3-2021.10.win32_1.0.0.202111181127/tools/bin/../lib/gcc/arm-none-eabi/10.3.1/../../../../arm-none-eabi/lib/thumb/v7-m/nofp\libc_nano.a(lib_a-memset.o)
                0x0000000008002d60                memset
 *(.glue_7)
 .glue_7        0x0000000008002d70        0x0 linker stubs
 *(.glue_7t)
 .glue_7t       0x0000000008002d70        0x0 linker stubs
 *(.eh_frame)
 .eh_frame      0x0000000008002d70        0x0 d:/stm32cubeide_1.10.0/stm32cubeide/plugins/com.st.stm32cube.ide.mcu.externaltools.gnu-tools-for-stm32.10.3-2021.10.win32_1.0.0.202111181127/tools/bin/../lib/gcc/arm-none-eabi/10.3.1/thumb/v7-m/nofp/crtbegin.o
 *(.init)
 .init          0x0000000008002d70        0x4 d:/stm32cubeide_1.10.0/stm32cubeide/plugins/com.st.stm32cube.ide.mcu.externaltools.gnu-tools-for-stm32.10.3-2021.10.win32_1.0.0.202111181127/tools/bin/../lib/gcc/arm-none-eabi/10.3.1/thumb/v7-m/nofp/crti.o
                0x0000000008002d70                _init
 .init          0x0000000008002d74        0x8 d:/stm32cubeide_1.10.0/stm32cubeide/plugins/com.st.stm32cube.ide.mcu.externaltools.gnu-tools-for-stm32.10.3-2021.10.win32_1.0.0.202111181127/tools/bin/../lib/gcc/arm-none-eabi/10.3.1/thumb/v7-m/nofp/crtn.o
 *(.fini)
 .fini          0x0000000008002d7c        0x4 d:/stm32cubeide_1.10.0/stm32cubeide/plugins/com.st.stm32cube.ide.mcu.externaltools.gnu-tools-for-stm32.10.3-2021.10.win32_1.0.0.202111181127/tools/bin/../lib/gcc/arm-none-eabi/10.3.1/thumb/v7-m/nofp/crti.o
                0x0000000008002d7c                _fini
 .fini          0x0000000008002d80        0x8 d:/stm32cubeide_1.10.0/stm32cubeide/plugins/com.st.stm32cube.ide.mcu.externaltools.gnu-tools-for-stm32.10.3-2021.10.win32_1.0.0.202111181127/tools/bin/../lib/gcc/arm-none-eabi/10.3.1/thumb/v7-m/nofp/crtn.o
                0x0000000008002d88                . = ALIGN (0x4)
                0x0000000008002d88                _etext = .

.vfp11_veneer   0x0000000008002d88        0x0
 .vfp11_veneer  0x0000000008002d88        0x0 linker stubs

.v4_bx          0x0000000008002d88        0x0
 .v4_bx         0x0000000008002d88        0x0 linker stubs

.iplt           0x0000000008002d88        0x0
 .iplt          0x0000000008002d88        0x0 d:/stm32cubeide_1.10.0/stm32cubeide/plugins/com.st.stm32cube.ide.mcu.externaltools.gnu-tools-for-stm32.10.3-2021.10.win32_1.0.0.202111181127/tools/bin/../lib/gcc/arm-none-eabi/10.3.1/thumb/v7-m/nofp/crtbegin.o

.rodata         0x0000000008002d88       0x30
                0x0000000008002d88                . = ALIGN (0x4)
 *(.rodata)
 .rodata        0x0000000008002d88        0xa ./Core/Src/led7seg.o
 *(.rodata*)
 *fill*         0x0000000008002d92        0x2 
 .rodata.AHBPrescTable
                0x0000000008002d94       0x10 ./Core/Src/system_stm32f1xx.o
                0x0000000008002d94                AHBPrescTable
 .rodata.aPLLMULFactorTable.1
                0x0000000008002da4       0x10 ./Drivers/STM32F1xx_HAL_Driver/Src/stm32f1xx_hal_rcc.o
 .rodata.aPredivFactorTable.0
                0x0000000008002db4        0x2 ./Drivers/STM32F1xx_HAL_Driver/Src/stm32f1xx_hal_rcc.o
                0x0000000008002db8                . = ALIGN (0x4)
 *fill*         0x0000000008002db6        0x2 

.rel.dyn        0x0000000008002db8        0x0
 .rel.iplt      0x0000000008002db8        0x0 d:/stm32cubeide_1.10.0/stm32cubeide/plugins/com.st.stm32cube.ide.mcu.externaltools.gnu-tools-for-stm32.10.3-2021.10.win32_1.0.0.202111181127/tools/bin/../lib/gcc/arm-none-eabi/10.3.1/thumb/v7-m/nofp/crtbegin.o

.ARM.extab      0x0000000008002db8        0x0
                0x0000000008002db8                . = ALIGN (0x4)
 *(.ARM.extab* .gnu.linkonce.armextab.*)
                0x0000000008002db8                . = ALIGN (0x4)

.ARM            0x0000000008002db8        0x0
                0x0000000008002db8                . = ALIGN (0x4)
                0x0000000008002db8                __exidx_start = .
 *(.ARM.exidx*)
                0x0000000008002db8                __exidx_end = .
                0x0000000008002db8                . = ALIGN (0x4)

.preinit_array  0x0000000008002db8        0x0
                0x0000000008002db8                . = ALIGN (0x4)
                0x0000000008002db8                PROVIDE (__preinit_array_start = .)
 *(.preinit_array*)
                0x0000000008002db8                PROVIDE (__preinit_array_end = .)
                0x0000000008002db8                . = ALIGN (0x4)

.init_array     0x0000000008002db8        0x4
                0x0000000008002db8                . = ALIGN (0x4)
                0x0000000008002db8                PROVIDE (__init_array_start = .)
 *(SORT_BY_NAME(.init_array.*))
 *(.init_array*)
 .init_array    0x0000000008002db8        0x4 d:/stm32cubeide_1.10.0/stm32cubeide/plugins/com.st.stm32cube.ide.mcu.externaltools.gnu-tools-for-stm32.10.3-2021.10.win32_1.0.0.202111181127/tools/bin/../lib/gcc/arm-none-eabi/10.3.1/thumb/v7-m/nofp/crtbegin.o
                0x0000000008002dbc                PROVIDE (__init_array_end = .)
                0x0000000008002dbc                . = ALIGN (0x4)

.fini_array     0x0000000008002dbc        0x4
                0x0000000008002dbc                . = ALIGN (0x4)
                [!provide]                        PROVIDE (__fini_array_start = .)
 *(SORT_BY_NAME(.fini_array.*))
 *(.fini_array*)
 .fini_array    0x0000000008002dbc        0x4 d:/stm32cubeide_1.10.0/stm32cubeide/plugins/com.st.stm32cube.ide.mcu.externaltools.gnu-tools-for-stm32.10.3-2021.10.win32_1.0.0.202111181127/tools/bin/../lib/gcc/arm-none-eabi/10.3.1/thumb/v7-m/nofp/crtbegin.o
                [!provide]                        PROVIDE (__fini_array_end = .)
                0x0000000008002dc0                . = ALIGN (0x4)
                0x0000000008002dc0                _sidata = LOADADDR (.data)

.data           0x0000000020000000       0x78 load address 0x0000000008002dc0
                0x0000000020000000                . = ALIGN (0x4)
                0x0000000020000000                _sdata = .
 *(.data)
 *(.data*)
 .data.KeyReg0  0x0000000020000000        0xc ./Core/Src/button.o
                0x0000000020000000                KeyReg0
 .data.KeyReg1  0x000000002000000c        0xc ./Core/Src/button.o
                0x000000002000000c                KeyReg1
 .data.KeyReg2  0x0000000020000018        0xc ./Core/Src/button.o
                0x0000000020000018                KeyReg2
 .data.KeyReg3  0x0000000020000024        0xc ./Core/Src/button.o
                0x0000000020000024                KeyReg3
 .data.TimerForKeyPress
                0x0000000020000030        0xc ./Core/Src/button.o
                0x0000000020000030                TimerForKeyPress
 .data.SystemCoreClock
                0x000000002000003c        0x4 ./Core/Src/system_stm32f1xx.o
                0x000000002000003c                SystemCoreClock
 .data.red_counter
                0x0000000020000040        0x4 ./Core/Src/traffic_light.o
                0x0000000020000040                red_counter
 .data.green_counter
                0x0000000020000044        0x4 ./Core/Src/traffic_light.o
                0x0000000020000044                green_counter
 .data.yellow_counter
                0x0000000020000048        0x4 ./Core/Src/traffic_light.o
                0x0000000020000048                yellow_counter
 .data.red_change
                0x000000002000004c        0x4 ./Core/Src/traffic_light.o
                0x000000002000004c                red_change
 .data.green_change
                0x0000000020000050        0x4 ./Core/Src/traffic_light.o
                0x0000000020000050                green_change
 .data.yellow_change
                0x0000000020000054        0x4 ./Core/Src/traffic_light.o
                0x0000000020000054                yellow_change
 .data.led_hred
                0x0000000020000058        0x4 ./Core/Src/traffic_light.o
                0x0000000020000058                led_hred
 .data.led_hgreen
                0x000000002000005c        0x4 ./Core/Src/traffic_light.o
                0x000000002000005c                led_hgreen
 .data.led_hyellow
                0x0000000020000060        0x4 ./Core/Src/traffic_light.o
                0x0000000020000060                led_hyellow
 .data.led_vred
                0x0000000020000064        0x4 ./Core/Src/traffic_light.o
                0x0000000020000064                led_vred
 .data.led_vgreen
                0x0000000020000068        0x4 ./Core/Src/traffic_light.o
                0x0000000020000068                led_vgreen
 .data.led_vyellow
                0x000000002000006c        0x4 ./Core/Src/traffic_light.o
                0x000000002000006c                led_vyellow
 .data.uwTickPrio
                0x0000000020000070        0x4 ./Drivers/STM32F1xx_HAL_Driver/Src/stm32f1xx_hal.o
                0x0000000020000070                uwTickPrio
 .data.uwTickFreq
                0x0000000020000074        0x1 ./Drivers/STM32F1xx_HAL_Driver/Src/stm32f1xx_hal.o
                0x0000000020000074                uwTickFreq
 *(.RamFunc)
 *(.RamFunc*)
                0x0000000020000078                . = ALIGN (0x4)
 *fill*         0x0000000020000075        0x3 
                0x0000000020000078                _edata = .

.igot.plt       0x0000000020000078        0x0 load address 0x0000000008002e38
 .igot.plt      0x0000000020000078        0x0 d:/stm32cubeide_1.10.0/stm32cubeide/plugins/com.st.stm32cube.ide.mcu.externaltools.gnu-tools-for-stm32.10.3-2021.10.win32_1.0.0.202111181127/tools/bin/../lib/gcc/arm-none-eabi/10.3.1/thumb/v7-m/nofp/crtbegin.o
                0x0000000020000078                . = ALIGN (0x4)

.bss            0x0000000020000078       0xd4 load address 0x0000000008002e38
                0x0000000020000078                _sbss = .
                0x0000000020000078                __bss_start__ = _sbss
 *(.bss)
 .bss           0x0000000020000078       0x1c d:/stm32cubeide_1.10.0/stm32cubeide/plugins/com.st.stm32cube.ide.mcu.externaltools.gnu-tools-for-stm32.10.3-2021.10.win32_1.0.0.202111181127/tools/bin/../lib/gcc/arm-none-eabi/10.3.1/thumb/v7-m/nofp/crtbegin.o
 *(.bss*)
 .bss.MODE_flag
                0x0000000020000094        0x4 ./Core/Src/button.o
                0x0000000020000094                MODE_flag
 .bss.INC_flag  0x0000000020000098        0x4 ./Core/Src/button.o
                0x0000000020000098                INC_flag
 .bss.SET_flag  0x000000002000009c        0x4 ./Core/Src/button.o
                0x000000002000009c                SET_flag
 .bss.state     0x00000000200000a0        0x4 ./Core/Src/fsm.o
                0x00000000200000a0                state
 .bss.index_led
                0x00000000200000a4        0x4 ./Core/Src/led7seg.o
                0x00000000200000a4                index_led
 .bss.led_buffer
                0x00000000200000a8       0x10 ./Core/Src/led7seg.o
                0x00000000200000a8                led_buffer
 .bss.htim2     0x00000000200000b8       0x48 ./Core/Src/main.o
                0x00000000200000b8                htim2
 .bss.timer0_counter
                0x0000000020000100        0x4 ./Core/Src/software_timer.o
                0x0000000020000100                timer0_counter
 .bss.timer0_flag
                0x0000000020000104        0x4 ./Core/Src/software_timer.o
                0x0000000020000104                timer0_flag
 .bss.timer1_counter
                0x0000000020000108        0x4 ./Core/Src/software_timer.o
                0x0000000020000108                timer1_counter
 .bss.timer1_flag
                0x000000002000010c        0x4 ./Core/Src/software_timer.o
                0x000000002000010c                timer1_flag
 .bss.timer2_counter
                0x0000000020000110        0x4 ./Core/Src/software_timer.o
                0x0000000020000110                timer2_counter
 .bss.timer2_flag
                0x0000000020000114        0x4 ./Core/Src/software_timer.o
                0x0000000020000114                timer2_flag
 .bss.timer3_counter
                0x0000000020000118        0x4 ./Core/Src/software_timer.o
                0x0000000020000118                timer3_counter
 .bss.timer3_flag
                0x000000002000011c        0x4 ./Core/Src/software_timer.o
                0x000000002000011c                timer3_flag
 .bss.timer4_counter
                0x0000000020000120        0x4 ./Core/Src/software_timer.o
                0x0000000020000120                timer4_counter
 .bss.timer4_flag
                0x0000000020000124        0x4 ./Core/Src/software_timer.o
                0x0000000020000124                timer4_flag
 .bss.timer5_counter
                0x0000000020000128        0x4 ./Core/Src/software_timer.o
                0x0000000020000128                timer5_counter
 .bss.timer5_flag
                0x000000002000012c        0x4 ./Core/Src/software_timer.o
                0x000000002000012c                timer5_flag
 .bss.timer6_counter
                0x0000000020000130        0x4 ./Core/Src/software_timer.o
                0x0000000020000130                timer6_counter
 .bss.timer6_flag
                0x0000000020000134        0x4 ./Core/Src/software_timer.o
                0x0000000020000134                timer6_flag
 .bss.light_hmode
                0x0000000020000138        0x4 ./Core/Src/traffic_light.o
                0x0000000020000138                light_hmode
 .bss.light_vmode
                0x000000002000013c        0x4 ./Core/Src/traffic_light.o
                0x000000002000013c                light_vmode
 .bss.led_hmode
                0x0000000020000140        0x4 ./Core/Src/traffic_light.o
                0x0000000020000140                led_hmode
 .bss.led_vmode
                0x0000000020000144        0x4 ./Core/Src/traffic_light.o
                0x0000000020000144                led_vmode
 .bss.uwTick    0x0000000020000148        0x4 ./Drivers/STM32F1xx_HAL_Driver/Src/stm32f1xx_hal.o
                0x0000000020000148                uwTick
 *(COMMON)
                0x000000002000014c                . = ALIGN (0x4)
                0x000000002000014c                _ebss = .
                0x000000002000014c                __bss_end__ = _ebss

._user_heap_stack
                0x000000002000014c      0x604 load address 0x0000000008002e38
                0x0000000020000150                . = ALIGN (0x8)
 *fill*         0x000000002000014c        0x4 
                [!provide]                        PROVIDE (end = .)
                0x0000000020000150                PROVIDE (_end = .)
                0x0000000020000350                . = (. + _Min_Heap_Size)
 *fill*         0x0000000020000150      0x200 
                0x0000000020000750                . = (. + _Min_Stack_Size)
 *fill*         0x0000000020000350      0x400 
                0x0000000020000750                . = ALIGN (0x8)

/DISCARD/
 libc.a(*)
 libm.a(*)
 libgcc.a(*)

.ARM.attributes
                0x0000000000000000       0x29
 *(.ARM.attributes)
 .ARM.attributes
                0x0000000000000000       0x1d d:/stm32cubeide_1.10.0/stm32cubeide/plugins/com.st.stm32cube.ide.mcu.externaltools.gnu-tools-for-stm32.10.3-2021.10.win32_1.0.0.202111181127/tools/bin/../lib/gcc/arm-none-eabi/10.3.1/thumb/v7-m/nofp/crti.o
 .ARM.attributes
                0x000000000000001d       0x2d d:/stm32cubeide_1.10.0/stm32cubeide/plugins/com.st.stm32cube.ide.mcu.externaltools.gnu-tools-for-stm32.10.3-2021.10.win32_1.0.0.202111181127/tools/bin/../lib/gcc/arm-none-eabi/10.3.1/thumb/v7-m/nofp/crtbegin.o
 .ARM.attributes
                0x000000000000004a       0x2d ./Core/Src/button.o
 .ARM.attributes
                0x0000000000000077       0x2d ./Core/Src/fsm.o
 .ARM.attributes
                0x00000000000000a4       0x2d ./Core/Src/led7seg.o
 .ARM.attributes
                0x00000000000000d1       0x2d ./Core/Src/main.o
 .ARM.attributes
                0x00000000000000fe       0x2d ./Core/Src/software_timer.o
 .ARM.attributes
                0x000000000000012b       0x2d ./Core/Src/stm32f1xx_hal_msp.o
 .ARM.attributes
                0x0000000000000158       0x2d ./Core/Src/stm32f1xx_it.o
 .ARM.attributes
                0x0000000000000185       0x2d ./Core/Src/system_stm32f1xx.o
 .ARM.attributes
                0x00000000000001b2       0x2d ./Core/Src/traffic_light.o
 .ARM.attributes
                0x00000000000001df       0x21 ./Core/Startup/startup_stm32f103c6ux.o
 .ARM.attributes
                0x0000000000000200       0x2d ./Drivers/STM32F1xx_HAL_Driver/Src/stm32f1xx_hal.o
 .ARM.attributes
                0x000000000000022d       0x2d ./Drivers/STM32F1xx_HAL_Driver/Src/stm32f1xx_hal_cortex.o
 .ARM.attributes
                0x000000000000025a       0x2d ./Drivers/STM32F1xx_HAL_Driver/Src/stm32f1xx_hal_gpio.o
 .ARM.attributes
                0x0000000000000287       0x2d ./Drivers/STM32F1xx_HAL_Driver/Src/stm32f1xx_hal_rcc.o
 .ARM.attributes
                0x00000000000002b4       0x2d ./Drivers/STM32F1xx_HAL_Driver/Src/stm32f1xx_hal_tim.o
 .ARM.attributes
                0x00000000000002e1       0x2d ./Drivers/STM32F1xx_HAL_Driver/Src/stm32f1xx_hal_tim_ex.o
 .ARM.attributes
                0x000000000000030e       0x2d d:/stm32cubeide_1.10.0/stm32cubeide/plugins/com.st.stm32cube.ide.mcu.externaltools.gnu-tools-for-stm32.10.3-2021.10.win32_1.0.0.202111181127/tools/bin/../lib/gcc/arm-none-eabi/10.3.1/../../../../arm-none-eabi/lib/thumb/v7-m/nofp\libc_nano.a(lib_a-init.o)
 .ARM.attributes
                0x000000000000033b       0x2d d:/stm32cubeide_1.10.0/stm32cubeide/plugins/com.st.stm32cube.ide.mcu.externaltools.gnu-tools-for-stm32.10.3-2021.10.win32_1.0.0.202111181127/tools/bin/../lib/gcc/arm-none-eabi/10.3.1/../../../../arm-none-eabi/lib/thumb/v7-m/nofp\libc_nano.a(lib_a-memset.o)
 .ARM.attributes
                0x0000000000000368       0x1d d:/stm32cubeide_1.10.0/stm32cubeide/plugins/com.st.stm32cube.ide.mcu.externaltools.gnu-tools-for-stm32.10.3-2021.10.win32_1.0.0.202111181127/tools/bin/../lib/gcc/arm-none-eabi/10.3.1/thumb/v7-m/nofp/crtn.o
OUTPUT(MCU_3.elf elf32-littlearm)
LOAD linker stubs
LOAD d:/stm32cubeide_1.10.0/stm32cubeide/plugins/com.st.stm32cube.ide.mcu.externaltools.gnu-tools-for-stm32.10.3-2021.10.win32_1.0.0.202111181127/tools/bin/../lib/gcc/arm-none-eabi/10.3.1/../../../../arm-none-eabi/lib/thumb/v7-m/nofp\libc.a
LOAD d:/stm32cubeide_1.10.0/stm32cubeide/plugins/com.st.stm32cube.ide.mcu.externaltools.gnu-tools-for-stm32.10.3-2021.10.win32_1.0.0.202111181127/tools/bin/../lib/gcc/arm-none-eabi/10.3.1/../../../../arm-none-eabi/lib/thumb/v7-m/nofp\libm.a
LOAD d:/stm32cubeide_1.10.0/stm32cubeide/plugins/com.st.stm32cube.ide.mcu.externaltools.gnu-tools-for-stm32.10.3-2021.10.win32_1.0.0.202111181127/tools/bin/../lib/gcc/arm-none-eabi/10.3.1/thumb/v7-m/nofp\libgcc.a

.debug_info     0x0000000000000000     0x8e8e
 .debug_info    0x0000000000000000      0x2d2 ./Core/Src/button.o
 .debug_info    0x00000000000002d2      0x1b1 ./Core/Src/fsm.o
 .debug_info    0x0000000000000483      0x2f2 ./Core/Src/led7seg.o
 .debug_info    0x0000000000000775      0xc41 ./Core/Src/main.o
 .debug_info    0x00000000000013b6      0x27c ./Core/Src/software_timer.o
 .debug_info    0x0000000000001632      0x8dc ./Core/Src/stm32f1xx_hal_msp.o
 .debug_info    0x0000000000001f0e      0x6ef ./Core/Src/stm32f1xx_it.o
 .debug_info    0x00000000000025fd      0x23d ./Core/Src/system_stm32f1xx.o
 .debug_info    0x000000000000283a      0x42e ./Core/Src/traffic_light.o
 .debug_info    0x0000000000002c68       0x22 ./Core/Startup/startup_stm32f103c6ux.o
 .debug_info    0x0000000000002c8a      0x716 ./Drivers/STM32F1xx_HAL_Driver/Src/stm32f1xx_hal.o
 .debug_info    0x00000000000033a0      0xb02 ./Drivers/STM32F1xx_HAL_Driver/Src/stm32f1xx_hal_cortex.o
 .debug_info    0x0000000000003ea2      0x615 ./Drivers/STM32F1xx_HAL_Driver/Src/stm32f1xx_hal_gpio.o
 .debug_info    0x00000000000044b7      0x865 ./Drivers/STM32F1xx_HAL_Driver/Src/stm32f1xx_hal_rcc.o
 .debug_info    0x0000000000004d1c     0x2bab ./Drivers/STM32F1xx_HAL_Driver/Src/stm32f1xx_hal_tim.o
 .debug_info    0x00000000000078c7     0x15c7 ./Drivers/STM32F1xx_HAL_Driver/Src/stm32f1xx_hal_tim_ex.o

.debug_abbrev   0x0000000000000000     0x1b00
 .debug_abbrev  0x0000000000000000      0x18f ./Core/Src/button.o
 .debug_abbrev  0x000000000000018f       0xb0 ./Core/Src/fsm.o
 .debug_abbrev  0x000000000000023f      0x1a5 ./Core/Src/led7seg.o
 .debug_abbrev  0x00000000000003e4      0x297 ./Core/Src/main.o
 .debug_abbrev  0x000000000000067b       0xc3 ./Core/Src/software_timer.o
 .debug_abbrev  0x000000000000073e      0x19f ./Core/Src/stm32f1xx_hal_msp.o
 .debug_abbrev  0x00000000000008dd      0x184 ./Core/Src/stm32f1xx_it.o
 .debug_abbrev  0x0000000000000a61      0x13b ./Core/Src/system_stm32f1xx.o
 .debug_abbrev  0x0000000000000b9c      0x137 ./Core/Src/traffic_light.o
 .debug_abbrev  0x0000000000000cd3       0x12 ./Core/Startup/startup_stm32f103c6ux.o
 .debug_abbrev  0x0000000000000ce5      0x1fb ./Drivers/STM32F1xx_HAL_Driver/Src/stm32f1xx_hal.o
 .debug_abbrev  0x0000000000000ee0      0x2ed ./Drivers/STM32F1xx_HAL_Driver/Src/stm32f1xx_hal_cortex.o
 .debug_abbrev  0x00000000000011cd      0x1bb ./Drivers/STM32F1xx_HAL_Driver/Src/stm32f1xx_hal_gpio.o
 .debug_abbrev  0x0000000000001388      0x2a8 ./Drivers/STM32F1xx_HAL_Driver/Src/stm32f1xx_hal_rcc.o
 .debug_abbrev  0x0000000000001630      0x264 ./Drivers/STM32F1xx_HAL_Driver/Src/stm32f1xx_hal_tim.o
 .debug_abbrev  0x0000000000001894      0x26c ./Drivers/STM32F1xx_HAL_Driver/Src/stm32f1xx_hal_tim_ex.o

.debug_aranges  0x0000000000000000      0xa68
 .debug_aranges
                0x0000000000000000       0x40 ./Core/Src/button.o
 .debug_aranges
                0x0000000000000040       0x20 ./Core/Src/fsm.o
 .debug_aranges
                0x0000000000000060       0x48 ./Core/Src/led7seg.o
 .debug_aranges
                0x00000000000000a8       0x50 ./Core/Src/main.o
 .debug_aranges
                0x00000000000000f8       0x58 ./Core/Src/software_timer.o
 .debug_aranges
                0x0000000000000150       0x30 ./Core/Src/stm32f1xx_hal_msp.o
 .debug_aranges
                0x0000000000000180       0x68 ./Core/Src/stm32f1xx_it.o
 .debug_aranges
                0x00000000000001e8       0x28 ./Core/Src/system_stm32f1xx.o
 .debug_aranges
                0x0000000000000210       0x30 ./Core/Src/traffic_light.o
 .debug_aranges
                0x0000000000000240       0x28 ./Core/Startup/startup_stm32f103c6ux.o
 .debug_aranges
                0x0000000000000268       0xe0 ./Drivers/STM32F1xx_HAL_Driver/Src/stm32f1xx_hal.o
 .debug_aranges
                0x0000000000000348      0x100 ./Drivers/STM32F1xx_HAL_Driver/Src/stm32f1xx_hal_cortex.o
 .debug_aranges
                0x0000000000000448       0x58 ./Drivers/STM32F1xx_HAL_Driver/Src/stm32f1xx_hal_gpio.o
 .debug_aranges
                0x00000000000004a0       0x90 ./Drivers/STM32F1xx_HAL_Driver/Src/stm32f1xx_hal_rcc.o
 .debug_aranges
                0x0000000000000530      0x3d0 ./Drivers/STM32F1xx_HAL_Driver/Src/stm32f1xx_hal_tim.o
 .debug_aranges
                0x0000000000000900      0x168 ./Drivers/STM32F1xx_HAL_Driver/Src/stm32f1xx_hal_tim_ex.o

.debug_ranges   0x0000000000000000      0x970
 .debug_ranges  0x0000000000000000       0x30 ./Core/Src/button.o
 .debug_ranges  0x0000000000000030       0x10 ./Core/Src/fsm.o
 .debug_ranges  0x0000000000000040       0x38 ./Core/Src/led7seg.o
 .debug_ranges  0x0000000000000078       0x40 ./Core/Src/main.o
 .debug_ranges  0x00000000000000b8       0x48 ./Core/Src/software_timer.o
 .debug_ranges  0x0000000000000100       0x20 ./Core/Src/stm32f1xx_hal_msp.o
 .debug_ranges  0x0000000000000120       0x58 ./Core/Src/stm32f1xx_it.o
 .debug_ranges  0x0000000000000178       0x18 ./Core/Src/system_stm32f1xx.o
 .debug_ranges  0x0000000000000190       0x20 ./Core/Src/traffic_light.o
 .debug_ranges  0x00000000000001b0       0x20 ./Core/Startup/startup_stm32f103c6ux.o
 .debug_ranges  0x00000000000001d0       0xd0 ./Drivers/STM32F1xx_HAL_Driver/Src/stm32f1xx_hal.o
 .debug_ranges  0x00000000000002a0       0xf0 ./Drivers/STM32F1xx_HAL_Driver/Src/stm32f1xx_hal_cortex.o
 .debug_ranges  0x0000000000000390       0x48 ./Drivers/STM32F1xx_HAL_Driver/Src/stm32f1xx_hal_gpio.o
 .debug_ranges  0x00000000000003d8       0x80 ./Drivers/STM32F1xx_HAL_Driver/Src/stm32f1xx_hal_rcc.o
 .debug_ranges  0x0000000000000458      0x3c0 ./Drivers/STM32F1xx_HAL_Driver/Src/stm32f1xx_hal_tim.o
 .debug_ranges  0x0000000000000818      0x158 ./Drivers/STM32F1xx_HAL_Driver/Src/stm32f1xx_hal_tim_ex.o

.debug_macro    0x0000000000000000    0x16ae4
 .debug_macro   0x0000000000000000      0x1b9 ./Core/Src/button.o
 .debug_macro   0x00000000000001b9      0xa6c ./Core/Src/button.o
 .debug_macro   0x0000000000000c25      0x215 ./Core/Src/button.o
 .debug_macro   0x0000000000000e3a       0x2e ./Core/Src/button.o
 .debug_macro   0x0000000000000e68       0x22 ./Core/Src/button.o
 .debug_macro   0x0000000000000e8a       0x22 ./Core/Src/button.o
 .debug_macro   0x0000000000000eac       0x8e ./Core/Src/button.o
 .debug_macro   0x0000000000000f3a       0x51 ./Core/Src/button.o
 .debug_macro   0x0000000000000f8b      0x103 ./Core/Src/button.o
 .debug_macro   0x000000000000108e       0x6a ./Core/Src/button.o
 .debug_macro   0x00000000000010f8      0x1df ./Core/Src/button.o
 .debug_macro   0x00000000000012d7       0x1c ./Core/Src/button.o
 .debug_macro   0x00000000000012f3       0x22 ./Core/Src/button.o
 .debug_macro   0x0000000000001315       0xbd ./Core/Src/button.o
 .debug_macro   0x00000000000013d2      0xd23 ./Core/Src/button.o
 .debug_macro   0x00000000000020f5     0xde75 ./Core/Src/button.o
 .debug_macro   0x000000000000ff6a       0x6d ./Core/Src/button.o
 .debug_macro   0x000000000000ffd7     0x348d ./Core/Src/button.o
 .debug_macro   0x0000000000013464      0x174 ./Core/Src/button.o
 .debug_macro   0x00000000000135d8       0x5c ./Core/Src/button.o
 .debug_macro   0x0000000000013634      0x5bc ./Core/Src/button.o
 .debug_macro   0x0000000000013bf0      0x1b7 ./Core/Src/button.o
 .debug_macro   0x0000000000013da7      0x1cb ./Core/Src/button.o
 .debug_macro   0x0000000000013f72      0x114 ./Core/Src/button.o
 .debug_macro   0x0000000000014086      0x1b2 ./Core/Src/button.o
 .debug_macro   0x0000000000014238       0x27 ./Core/Src/button.o
 .debug_macro   0x000000000001425f      0x12f ./Core/Src/button.o
 .debug_macro   0x000000000001438e      0x1bc ./Core/Src/button.o
 .debug_macro   0x000000000001454a       0x34 ./Core/Src/button.o
 .debug_macro   0x000000000001457e       0x3c ./Core/Src/button.o
 .debug_macro   0x00000000000145ba       0x57 ./Core/Src/button.o
 .debug_macro   0x0000000000014611       0x87 ./Core/Src/button.o
 .debug_macro   0x0000000000014698      0x183 ./Core/Src/button.o
 .debug_macro   0x000000000001481b      0x140 ./Core/Src/button.o
 .debug_macro   0x000000000001495b      0x8ed ./Core/Src/button.o
 .debug_macro   0x0000000000015248       0x69 ./Core/Src/button.o
 .debug_macro   0x00000000000152b1      0x10c ./Core/Src/button.o
 .debug_macro   0x00000000000153bd       0x10 ./Core/Src/button.o
 .debug_macro   0x00000000000153cd      0x1e5 ./Core/Src/fsm.o
 .debug_macro   0x00000000000155b2       0x28 ./Core/Src/fsm.o
 .debug_macro   0x00000000000155da       0x16 ./Core/Src/fsm.o
 .debug_macro   0x00000000000155f0       0x1c ./Core/Src/fsm.o
 .debug_macro   0x000000000001560c      0x1ba ./Core/Src/led7seg.o
 .debug_macro   0x00000000000157c6      0x1ff ./Core/Src/main.o
 .debug_macro   0x00000000000159c5       0x21 ./Core/Src/software_timer.o
 .debug_macro   0x00000000000159e6      0x1a6 ./Core/Src/stm32f1xx_hal_msp.o
 .debug_macro   0x0000000000015b8c      0x1b0 ./Core/Src/stm32f1xx_it.o
 .debug_macro   0x0000000000015d3c      0x197 ./Core/Src/system_stm32f1xx.o
 .debug_macro   0x0000000000015ed3      0x1e5 ./Core/Src/traffic_light.o
 .debug_macro   0x00000000000160b8      0x1bb ./Drivers/STM32F1xx_HAL_Driver/Src/stm32f1xx_hal.o
 .debug_macro   0x0000000000016273      0x197 ./Drivers/STM32F1xx_HAL_Driver/Src/stm32f1xx_hal_cortex.o
 .debug_macro   0x000000000001640a      0x202 ./Drivers/STM32F1xx_HAL_Driver/Src/stm32f1xx_hal_gpio.o
 .debug_macro   0x000000000001660c      0x1a9 ./Drivers/STM32F1xx_HAL_Driver/Src/stm32f1xx_hal_rcc.o
 .debug_macro   0x00000000000167b5      0x198 ./Drivers/STM32F1xx_HAL_Driver/Src/stm32f1xx_hal_tim.o
 .debug_macro   0x000000000001694d      0x197 ./Drivers/STM32F1xx_HAL_Driver/Src/stm32f1xx_hal_tim_ex.o

.debug_line     0x0000000000000000     0xb4f6
 .debug_line    0x0000000000000000      0x752 ./Core/Src/button.o
 .debug_line    0x0000000000000752      0x755 ./Core/Src/fsm.o
 .debug_line    0x0000000000000ea7      0x75e ./Core/Src/led7seg.o
 .debug_line    0x0000000000001605      0x7c4 ./Core/Src/main.o
 .debug_line    0x0000000000001dc9      0x1b2 ./Core/Src/software_timer.o
 .debug_line    0x0000000000001f7b      0x688 ./Core/Src/stm32f1xx_hal_msp.o
 .debug_line    0x0000000000002603      0x728 ./Core/Src/stm32f1xx_it.o
 .debug_line    0x0000000000002d2b      0x6cc ./Core/Src/system_stm32f1xx.o
 .debug_line    0x00000000000033f7      0xac3 ./Core/Src/traffic_light.o
 .debug_line    0x0000000000003eba       0x86 ./Core/Startup/startup_stm32f103c6ux.o
 .debug_line    0x0000000000003f40      0x8f9 ./Drivers/STM32F1xx_HAL_Driver/Src/stm32f1xx_hal.o
 .debug_line    0x0000000000004839      0xae1 ./Drivers/STM32F1xx_HAL_Driver/Src/stm32f1xx_hal_cortex.o
 .debug_line    0x000000000000531a      0x97d ./Drivers/STM32F1xx_HAL_Driver/Src/stm32f1xx_hal_gpio.o
 .debug_line    0x0000000000005c97      0xd05 ./Drivers/STM32F1xx_HAL_Driver/Src/stm32f1xx_hal_rcc.o
 .debug_line    0x000000000000699c     0x333b ./Drivers/STM32F1xx_HAL_Driver/Src/stm32f1xx_hal_tim.o
 .debug_line    0x0000000000009cd7     0x181f ./Drivers/STM32F1xx_HAL_Driver/Src/stm32f1xx_hal_tim_ex.o

.debug_str      0x0000000000000000    0x823ae
 .debug_str     0x0000000000000000    0x7f604 ./Core/Src/button.o
                                      0x7f931 (size before relaxing)
 .debug_str     0x000000000007f604      0x1b0 ./Core/Src/fsm.o
                                      0x7f9eb (size before relaxing)
 .debug_str     0x000000000007f7b4       0xd3 ./Core/Src/led7seg.o
                                      0x7f947 (size before relaxing)
 .debug_str     0x000000000007f887      0x7a7 ./Core/Src/main.o
                                      0x801bb (size before relaxing)
 .debug_str     0x000000000008002e      0x105 ./Core/Src/software_timer.o
                                       0x2dce (size before relaxing)
 .debug_str     0x0000000000080133      0x2d2 ./Core/Src/stm32f1xx_hal_msp.o
                                      0x80027 (size before relaxing)
 .debug_str     0x0000000000080405       0xec ./Core/Src/stm32f1xx_it.o
                                      0x7fd90 (size before relaxing)
 .debug_str     0x00000000000804f1       0x7e ./Core/Src/system_stm32f1xx.o
                                      0x7f54c (size before relaxing)
 .debug_str     0x000000000008056f       0x5b ./Core/Src/traffic_light.o
                                      0x7fb03 (size before relaxing)
 .debug_str     0x00000000000805ca       0x36 ./Core/Startup/startup_stm32f103c6ux.o
                                         0x6e (size before relaxing)
 .debug_str     0x0000000000080600      0x38e ./Drivers/STM32F1xx_HAL_Driver/Src/stm32f1xx_hal.o
                                      0x7fc45 (size before relaxing)
 .debug_str     0x000000000008098e      0x29e ./Drivers/STM32F1xx_HAL_Driver/Src/stm32f1xx_hal_cortex.o
                                      0x7fb91 (size before relaxing)
 .debug_str     0x0000000000080c2c      0x2f6 ./Drivers/STM32F1xx_HAL_Driver/Src/stm32f1xx_hal_gpio.o
                                      0x7f8d2 (size before relaxing)
 .debug_str     0x0000000000080f22      0x229 ./Drivers/STM32F1xx_HAL_Driver/Src/stm32f1xx_hal_rcc.o
                                      0x7f97b (size before relaxing)
 .debug_str     0x000000000008114b      0xdd0 ./Drivers/STM32F1xx_HAL_Driver/Src/stm32f1xx_hal_tim.o
                                      0x8096d (size before relaxing)
 .debug_str     0x0000000000081f1b      0x493 ./Drivers/STM32F1xx_HAL_Driver/Src/stm32f1xx_hal_tim_ex.o
                                      0x80189 (size before relaxing)

.comment        0x0000000000000000       0x50
 .comment       0x0000000000000000       0x50 ./Core/Src/button.o
                                         0x51 (size before relaxing)
 .comment       0x0000000000000050       0x51 ./Core/Src/fsm.o
 .comment       0x0000000000000050       0x51 ./Core/Src/led7seg.o
 .comment       0x0000000000000050       0x51 ./Core/Src/main.o
 .comment       0x0000000000000050       0x51 ./Core/Src/software_timer.o
 .comment       0x0000000000000050       0x51 ./Core/Src/stm32f1xx_hal_msp.o
 .comment       0x0000000000000050       0x51 ./Core/Src/stm32f1xx_it.o
 .comment       0x0000000000000050       0x51 ./Core/Src/system_stm32f1xx.o
 .comment       0x0000000000000050       0x51 ./Core/Src/traffic_light.o
 .comment       0x0000000000000050       0x51 ./Drivers/STM32F1xx_HAL_Driver/Src/stm32f1xx_hal.o
 .comment       0x0000000000000050       0x51 ./Drivers/STM32F1xx_HAL_Driver/Src/stm32f1xx_hal_cortex.o
 .comment       0x0000000000000050       0x51 ./Drivers/STM32F1xx_HAL_Driver/Src/stm32f1xx_hal_gpio.o
 .comment       0x0000000000000050       0x51 ./Drivers/STM32F1xx_HAL_Driver/Src/stm32f1xx_hal_rcc.o
 .comment       0x0000000000000050       0x51 ./Drivers/STM32F1xx_HAL_Driver/Src/stm32f1xx_hal_tim.o
 .comment       0x0000000000000050       0x51 ./Drivers/STM32F1xx_HAL_Driver/Src/stm32f1xx_hal_tim_ex.o

.debug_frame    0x0000000000000000     0x2958
 .debug_frame   0x0000000000000000       0xbc ./Core/Src/button.o
 .debug_frame   0x00000000000000bc       0x2c ./Core/Src/fsm.o
 .debug_frame   0x00000000000000e8       0xe0 ./Core/Src/led7seg.o
 .debug_frame   0x00000000000001c8       0xf0 ./Core/Src/main.o
 .debug_frame   0x00000000000002b8      0x148 ./Core/Src/software_timer.o
 .debug_frame   0x0000000000000400       0x80 ./Core/Src/stm32f1xx_hal_msp.o
 .debug_frame   0x0000000000000480      0x120 ./Core/Src/stm32f1xx_it.o
 .debug_frame   0x00000000000005a0       0x58 ./Core/Src/system_stm32f1xx.o
 .debug_frame   0x00000000000005f8       0x64 ./Core/Src/traffic_light.o
 .debug_frame   0x000000000000065c      0x334 ./Drivers/STM32F1xx_HAL_Driver/Src/stm32f1xx_hal.o
 .debug_frame   0x0000000000000990      0x428 ./Drivers/STM32F1xx_HAL_Driver/Src/stm32f1xx_hal_cortex.o
 .debug_frame   0x0000000000000db8      0x14c ./Drivers/STM32F1xx_HAL_Driver/Src/stm32f1xx_hal_gpio.o
 .debug_frame   0x0000000000000f04      0x218 ./Drivers/STM32F1xx_HAL_Driver/Src/stm32f1xx_hal_rcc.o
 .debug_frame   0x000000000000111c     0x11b8 ./Drivers/STM32F1xx_HAL_Driver/Src/stm32f1xx_hal_tim.o
 .debug_frame   0x00000000000022d4      0x638 ./Drivers/STM32F1xx_HAL_Driver/Src/stm32f1xx_hal_tim_ex.o
 .debug_frame   0x000000000000290c       0x2c d:/stm32cubeide_1.10.0/stm32cubeide/plugins/com.st.stm32cube.ide.mcu.externaltools.gnu-tools-for-stm32.10.3-2021.10.win32_1.0.0.202111181127/tools/bin/../lib/gcc/arm-none-eabi/10.3.1/../../../../arm-none-eabi/lib/thumb/v7-m/nofp\libc_nano.a(lib_a-init.o)
 .debug_frame   0x0000000000002938       0x20 d:/stm32cubeide_1.10.0/stm32cubeide/plugins/com.st.stm32cube.ide.mcu.externaltools.gnu-tools-for-stm32.10.3-2021.10.win32_1.0.0.202111181127/tools/bin/../lib/gcc/arm-none-eabi/10.3.1/../../../../arm-none-eabi/lib/thumb/v7-m/nofp\libc_nano.a(lib_a-memset.o)
