Archive member included to satisfy reference by file (symbol)

d:/stm32cubeide_1.10.0/stm32cubeide/plugins/com.st.stm32cube.ide.mcu.externaltools.gnu-tools-for-stm32.10.3-2021.10.win32_1.0.0.202111181127/tools/bin/../lib/gcc/arm-none-eabi/10.3.1/../../../../arm-none-eabi/lib/thumb/v7-m/nofp\libc_nano.a(lib_a-errno.o)
                              ./Core/Src/syscalls.o (__errno)
d:/stm32cubeide_1.10.0/stm32cubeide/plugins/com.st.stm32cube.ide.mcu.externaltools.gnu-tools-for-stm32.10.3-2021.10.win32_1.0.0.202111181127/tools/bin/../lib/gcc/arm-none-eabi/10.3.1/../../../../arm-none-eabi/lib/thumb/v7-m/nofp\libc_nano.a(lib_a-exit.o)
                              d:/stm32cubeide_1.10.0/stm32cubeide/plugins/com.st.stm32cube.ide.mcu.externaltools.gnu-tools-for-stm32.10.3-2021.10.win32_1.0.0.202111181127/tools/bin/../lib/gcc/arm-none-eabi/10.3.1/../../../../arm-none-eabi/lib/thumb/v7-m/nofp/crt0.o (exit)
d:/stm32cubeide_1.10.0/stm32cubeide/plugins/com.st.stm32cube.ide.mcu.externaltools.gnu-tools-for-stm32.10.3-2021.10.win32_1.0.0.202111181127/tools/bin/../lib/gcc/arm-none-eabi/10.3.1/../../../../arm-none-eabi/lib/thumb/v7-m/nofp\libc_nano.a(lib_a-impure.o)
                              d:/stm32cubeide_1.10.0/stm32cubeide/plugins/com.st.stm32cube.ide.mcu.externaltools.gnu-tools-for-stm32.10.3-2021.10.win32_1.0.0.202111181127/tools/bin/../lib/gcc/arm-none-eabi/10.3.1/../../../../arm-none-eabi/lib/thumb/v7-m/nofp\libc_nano.a(lib_a-exit.o) (_global_impure_ptr)
d:/stm32cubeide_1.10.0/stm32cubeide/plugins/com.st.stm32cube.ide.mcu.externaltools.gnu-tools-for-stm32.10.3-2021.10.win32_1.0.0.202111181127/tools/bin/../lib/gcc/arm-none-eabi/10.3.1/../../../../arm-none-eabi/lib/thumb/v7-m/nofp\libc_nano.a(lib_a-init.o)
                              d:/stm32cubeide_1.10.0/stm32cubeide/plugins/com.st.stm32cube.ide.mcu.externaltools.gnu-tools-for-stm32.10.3-2021.10.win32_1.0.0.202111181127/tools/bin/../lib/gcc/arm-none-eabi/10.3.1/../../../../arm-none-eabi/lib/thumb/v7-m/nofp/crt0.o (__libc_init_array)
d:/stm32cubeide_1.10.0/stm32cubeide/plugins/com.st.stm32cube.ide.mcu.externaltools.gnu-tools-for-stm32.10.3-2021.10.win32_1.0.0.202111181127/tools/bin/../lib/gcc/arm-none-eabi/10.3.1/../../../../arm-none-eabi/lib/thumb/v7-m/nofp\libc_nano.a(lib_a-memset.o)
                              d:/stm32cubeide_1.10.0/stm32cubeide/plugins/com.st.stm32cube.ide.mcu.externaltools.gnu-tools-for-stm32.10.3-2021.10.win32_1.0.0.202111181127/tools/bin/../lib/gcc/arm-none-eabi/10.3.1/../../../../arm-none-eabi/lib/thumb/v7-m/nofp/crt0.o (memset)

Discarded input sections

 .text          0x0000000000000000        0x0 d:/stm32cubeide_1.10.0/stm32cubeide/plugins/com.st.stm32cube.ide.mcu.externaltools.gnu-tools-for-stm32.10.3-2021.10.win32_1.0.0.202111181127/tools/bin/../lib/gcc/arm-none-eabi/10.3.1/thumb/v7-m/nofp/crti.o
 .data          0x0000000000000000        0x0 d:/stm32cubeide_1.10.0/stm32cubeide/plugins/com.st.stm32cube.ide.mcu.externaltools.gnu-tools-for-stm32.10.3-2021.10.win32_1.0.0.202111181127/tools/bin/../lib/gcc/arm-none-eabi/10.3.1/thumb/v7-m/nofp/crti.o
 .bss           0x0000000000000000        0x0 d:/stm32cubeide_1.10.0/stm32cubeide/plugins/com.st.stm32cube.ide.mcu.externaltools.gnu-tools-for-stm32.10.3-2021.10.win32_1.0.0.202111181127/tools/bin/../lib/gcc/arm-none-eabi/10.3.1/thumb/v7-m/nofp/crti.o
 .data          0x0000000000000000        0x4 d:/stm32cubeide_1.10.0/stm32cubeide/plugins/com.st.stm32cube.ide.mcu.externaltools.gnu-tools-for-stm32.10.3-2021.10.win32_1.0.0.202111181127/tools/bin/../lib/gcc/arm-none-eabi/10.3.1/thumb/v7-m/nofp/crtbegin.o
 .rodata        0x0000000000000000       0x24 d:/stm32cubeide_1.10.0/stm32cubeide/plugins/com.st.stm32cube.ide.mcu.externaltools.gnu-tools-for-stm32.10.3-2021.10.win32_1.0.0.202111181127/tools/bin/../lib/gcc/arm-none-eabi/10.3.1/thumb/v7-m/nofp/crtbegin.o
 .text          0x0000000000000000       0x7c d:/stm32cubeide_1.10.0/stm32cubeide/plugins/com.st.stm32cube.ide.mcu.externaltools.gnu-tools-for-stm32.10.3-2021.10.win32_1.0.0.202111181127/tools/bin/../lib/gcc/arm-none-eabi/10.3.1/../../../../arm-none-eabi/lib/thumb/v7-m/nofp/crt0.o
 .data          0x0000000000000000        0x0 d:/stm32cubeide_1.10.0/stm32cubeide/plugins/com.st.stm32cube.ide.mcu.externaltools.gnu-tools-for-stm32.10.3-2021.10.win32_1.0.0.202111181127/tools/bin/../lib/gcc/arm-none-eabi/10.3.1/../../../../arm-none-eabi/lib/thumb/v7-m/nofp/crt0.o
 .bss           0x0000000000000000        0x0 d:/stm32cubeide_1.10.0/stm32cubeide/plugins/com.st.stm32cube.ide.mcu.externaltools.gnu-tools-for-stm32.10.3-2021.10.win32_1.0.0.202111181127/tools/bin/../lib/gcc/arm-none-eabi/10.3.1/../../../../arm-none-eabi/lib/thumb/v7-m/nofp/crt0.o
 .ARM.extab     0x0000000000000000        0x0 d:/stm32cubeide_1.10.0/stm32cubeide/plugins/com.st.stm32cube.ide.mcu.externaltools.gnu-tools-for-stm32.10.3-2021.10.win32_1.0.0.202111181127/tools/bin/../lib/gcc/arm-none-eabi/10.3.1/../../../../arm-none-eabi/lib/thumb/v7-m/nofp/crt0.o
[...]
Memory Configuration

Name             Origin             Length             Attributes
RAM              0x0000000020000000 0x0000000000002800 xrw
FLASH            0x0000000008000000 0x0000000000008000 xr
*default*        0x0000000000000000 0xffffffffffffffff

Linker script and memory map

LOAD d:/stm32cubeide_1.10.0/stm32cubeide/plugins/com.st.stm32cube.ide.mcu.externaltools.gnu-tools-for-stm32.10.3-2021.10.win32_1.0.0.202111181127/tools/bin/../lib/gcc/arm-none-eabi/10.3.1/thumb/v7-m/nofp/crti.o
LOAD d:/stm32cubeide_1.10.0/stm32cubeide/plugins/com.st.stm32cube.ide.mcu.externaltools.gnu-tools-for-stm32.10.3-2021.10.win32_1.0.0.202111181127/tools/bin/../lib/gcc/arm-none-eabi/10.3.1/thumb/v7-m/nofp/crtbegin.o
LOAD d:/stm32cubeide_1.10.0/stm32cubeide/plugins/com.st.stm32cube.ide.mcu.externaltools.gnu-tools-for-stm32.10.3-2021.10.win32_1.0.0.202111181127/tools/bin/../lib/gcc/arm-none-eabi/10.3.1/../../../../arm-none-eabi/lib/thumb/v7-m/nofp/crt0.o
LOAD ./Core/Src/button.o
LOAD ./Core/Src/fsm.o
LOAD ./Core/Src/led7seg.o
LOAD ./Core/Src/main.o
LOAD ./Core/Src/software_timer.o
LOAD ./Core/Src/stm32f1xx_hal_msp.o
LOAD ./Core/Src/stm32f1xx_it.o
LOAD ./Core/Src/syscalls.o
LOAD ./Core/Src/sysmem.o
LOAD ./Core/Src/system_stm32f1xx.o
LOAD ./Core/Src/traffic_light.o
LOAD ./Core/Startup/startup_stm32f103c6ux.o
LOAD ./Drivers/STM32F1xx_HAL_Driver/Src/stm32f1xx_hal.o
LOAD ./Drivers/STM32F1xx_HAL_Driver/Src/stm32f1xx_hal_cortex.o
LOAD ./Drivers/STM32F1xx_HAL_Driver/Src/stm32f1xx_hal_dma.o
LOAD ./Drivers/STM32F1xx_HAL_Driver/Src/stm32f1xx_hal_exti.o
LOAD ./Drivers/STM32F1xx_HAL_Driver/Src/stm32f1xx_hal_flash.o
LOAD ./Drivers/STM32F1xx_HAL_Driver/Src/stm32f1xx_hal_flash_ex.o
LOAD ./Drivers/STM32F1xx_HAL_Driver/Src/stm32f1xx_hal_gpio.o
LOAD ./Drivers/STM32F1xx_HAL_Driver/Src/stm32f1xx_hal_gpio_ex.o
LOAD ./Drivers/STM32F1xx_HAL_Driver/Src/stm32f1xx_hal_pwr.o
LOAD ./Drivers/STM32F1xx_HAL_Driver/Src/stm32f1xx_hal_rcc.o
LOAD ./Drivers/STM32F1xx_HAL_Driver/Src/stm32f1xx_hal_rcc_ex.o
LOAD ./Drivers/STM32F1xx_HAL_Driver/Src/stm32f1xx_hal_tim.o
LOAD ./Drivers/STM32F1xx_HAL_Driver/Src/stm32f1xx_hal_tim_ex.o
START GROUP
LOAD d:/stm32cubeide_1.10.0/stm32cubeide/plugins/com.st.stm32cube.ide.mcu.externaltools.gnu-tools-for-stm32.10.3-2021.10.win32_1.0.0.202111181127/tools/bin/../lib/gcc/arm-none-eabi/10.3.1/../../../../arm-none-eabi/lib/thumb/v7-m/nofp\libc_nano.a
LOAD d:/stm32cubeide_1.10.0/stm32cubeide/plugins/com.st.stm32cube.ide.mcu.externaltools.gnu-tools-for-stm32.10.3-2021.10.win32_1.0.0.202111181127/tools/bin/../lib/gcc/arm-none-eabi/10.3.1/../../../../arm-none-eabi/lib/thumb/v7-m/nofp\libm.a
END GROUP
START GROUP
LOAD d:/stm32cubeide_1.10.0/stm32cubeide/plugins/com.st.stm32cube.ide.mcu.externaltools.gnu-tools-for-stm32.10.3-2021.10.win32_1.0.0.202111181127/tools/bin/../lib/gcc/arm-none-eabi/10.3.1/thumb/v7-m/nofp\libgcc.a
LOAD d:/stm32cubeide_1.10.0/stm32cubeide/plugins/com.st.stm32cube.ide.mcu.externaltools.gnu-tools-for-stm32.10.3-2021.10.win32_1.0.0.202111181127/tools/bin/../lib/gcc/arm-none-eabi/10.3.1/../../../../arm-none-eabi/lib/thumb/v7-m/nofp\libc_nano.a
END GROUP
START GROUP
LOAD d:/stm32cubeide_1.10.0/stm32cubeide/plugins/com.st.stm32cube.ide.mcu.externaltools.gnu-tools-for-stm32.10.3-2021.10.win32_1.0.0.202111181127/tools/bin/../lib/gcc/arm-none-eabi/10.3.1/thumb/v7-m/nofp\libgcc.a
LOAD d:/stm32cubeide_1.10.0/stm32cubeide/plugins/com.st.stm32cube.ide.mcu.externaltools.gnu-tools-for-stm32.10.3-2021.10.win32_1.0.0.202111181127/tools/bin/../lib/gcc/arm-none-eabi/10.3.1/../../../../arm-none-eabi/lib/thumb/v7-m/nofp\libc_nano.a
LOAD d:/stm32cubeide_1.10.0/stm32cubeide/plugins/com.st.stm32cube.ide.mcu.externaltools.gnu-tools-for-stm32.10.3-2021.10.win32_1.0.0.202111181127/tools/bin/../lib/gcc/arm-none-eabi/10.3.1/../../../../arm-none-eabi/lib/thumb/v7-m/nofp\libnosys.a
END GROUP
START GROUP
LOAD d:/stm32cubeide_1.10.0/stm32cubeide/plugins/com.st.stm32cube.ide.mcu.externaltools.gnu-tools-for-stm32.10.3-2021.10.win32_1.0.0.202111181127/tools/bin/../lib/gcc/arm-none-eabi/10.3.1/thumb/v7-m/nofp\libgcc.a
LOAD d:/stm32cubeide_1.10.0/stm32cubeide/plugins/com.st.stm32cube.ide.mcu.externaltools.gnu-tools-for-stm32.10.3-2021.10.win32_1.0.0.202111181127/tools/bin/../lib/gcc/arm-none-eabi/10.3.1/../../../../arm-none-eabi/lib/thumb/v7-m/nofp\libc_nano.a
LOAD d:/stm32cubeide_1.10.0/stm32cubeide/plugins/com.st.stm32cube.ide.mcu.externaltools.gnu-tools-for-stm32.10.3-2021.10.win32_1.0.0.202111181127/tools/bin/../lib/gcc/arm-none-eabi/10.3.1/../../../../arm-none-eabi/lib/thumb/v7-m/nofp\libnosys.a
END GROUP
LOAD d:/stm32cubeide_1.10.0/stm32cubeide/plugins/com.st.stm32cube.ide.mcu.externaltools.gnu-tools-for-stm32.10.3-2021.10.win32_1.0.0.202111181127/tools/bin/../lib/gcc/arm-none-eabi/10.3.1/thumb/v7-m/nofp/crtend.o
LOAD d:/stm32cubeide_1.10.0/stm32cubeide/plugins/com.st.stm32cube.ide.mcu.externaltools.gnu-tools-for-stm32.10.3-2021.10.win32_1.0.0.202111181127/tools/bin/../lib/gcc/arm-none-eabi/10.3.1/thumb/v7-m/nofp/crtn.o
                0x0000000020002800                _estack = (ORIGIN (RAM) + LENGTH (RAM))
                0x0000000000000200                _Min_Heap_Size = 0x200
                0x0000000000000400                _Min_Stack_Size = 0x400

.isr_vector     0x0000000008000000      0x10c
                0x0000000008000000                . = ALIGN (0x4)
 *(.isr_vector)
 .isr_vector    0x0000000008000000      0x10c ./Core/Startup/startup_stm32f103c6ux.o
                0x0000000008000000                g_pfnVectors
                0x000000000800010c                . = ALIGN (0x4)

.text           0x000000000800010c     0x2304
                0x000000000800010c                . = ALIGN (0x4)
 *(.text)
 .text          0x000000000800010c       0x40 d:/stm32cubeide_1.10.0/stm32cubeide/plugins/com.st.stm32cube.ide.mcu.externaltools.gnu-tools-for-stm32.10.3-2021.10.win32_1.0.0.202111181127/tools/bin/../lib/gcc/arm-none-eabi/10.3.1/thumb/v7-m/nofp/crtbegin.o
 *(.text*)
 .text.isMODE_Pressed
                0x000000000800014c       0x24 ./Core/Src/button.o
                0x000000000800014c                isMODE_Pressed
 .text.subKeyProcess
                0x0000000008000170       0x44 ./Core/Src/button.o
                0x0000000008000170                subKeyProcess
 .text.getKeyInput
                0x00000000080001b4      0x10c ./Core/Src/button.o
                0x00000000080001b4                getKeyInput
 .text.fsm_mode_run
                0x00000000080002c0       0xf0 ./Core/Src/fsm.o
                0x00000000080002c0                fsm_mode_run
 .text.display7SEG
                0x00000000080003b0       0x64 ./Core/Src/led7seg.o
                0x00000000080003b0                display7SEG
 .text.clearAll_7SEG
                0x0000000008000414       0x18 ./Core/Src/led7seg.o
                0x0000000008000414                clearAll_7SEG
 .text.update7SEG
                0x000000000800042c       0xb4 ./Core/Src/led7seg.o
                0x000000000800042c                update7SEG
 .text.updateClockBuffer_vertical
                0x00000000080004e0       0x54 ./Core/Src/led7seg.o
                0x00000000080004e0                updateClockBuffer_vertical
 .text.updateClockBuffer_horizontal
                0x0000000008000534       0x54 ./Core/Src/led7seg.o
                0x0000000008000534                updateClockBuffer_horizontal
 .text.led7seg_run
                0x0000000008000588       0x44 ./Core/Src/led7seg.o
                0x0000000008000588                led7seg_run
 .text.Ex_Init  0x00000000080005cc       0x24 ./Core/Src/main.o
                0x00000000080005cc                Ex_Init
 .text.main     0x00000000080005f0       0x48 ./Core/Src/main.o
                0x00000000080005f0                main
 .text.SystemClock_Config
                0x0000000008000638       0x76 ./Core/Src/main.o
                0x0000000008000638                SystemClock_Config
 *fill*         0x00000000080006ae        0x2 
 .text.MX_TIM2_Init
                0x00000000080006b0       0x98 ./Core/Src/main.o
 .text.MX_GPIO_Init
                0x0000000008000748       0xc4 ./Core/Src/main.o
 .text.HAL_TIM_PeriodElapsedCallback
                0x000000000800080c       0x18 ./Core/Src/main.o
                0x000000000800080c                HAL_TIM_PeriodElapsedCallback
 .text.Error_Handler
                0x0000000008000824        0xa ./Core/Src/main.o
                0x0000000008000824                Error_Handler
 *fill*         0x000000000800082e        0x2 
 .text.setTimer0
                0x0000000008000830       0x28 ./Core/Src/software_timer.o
                0x0000000008000830                setTimer0
 .text.setTimer1
                0x0000000008000858       0x28 ./Core/Src/software_timer.o
                0x0000000008000858                setTimer1
 .text.setTimer2
                0x0000000008000880       0x28 ./Core/Src/software_timer.o
                0x0000000008000880                setTimer2
 .text.setTimer3
                0x00000000080008a8       0x28 ./Core/Src/software_timer.o
                0x00000000080008a8                setTimer3
 .text.setTimer4
                0x00000000080008d0       0x28 ./Core/Src/software_timer.o
                0x00000000080008d0                setTimer4
 .text.timerRun
                0x00000000080008f8       0xd4 ./Core/Src/software_timer.o
                0x00000000080008f8                timerRun
 .text.HAL_MspInit
                0x00000000080009cc       0x44 ./Core/Src/stm32f1xx_hal_msp.o
                0x00000000080009cc                HAL_MspInit
 .text.HAL_TIM_Base_MspInit
                0x0000000008000a10       0x48 ./Core/Src/stm32f1xx_hal_msp.o
                0x0000000008000a10                HAL_TIM_Base_MspInit
 .text.NMI_Handler
                0x0000000008000a58        0x6 ./Core/Src/stm32f1xx_it.o
                0x0000000008000a58                NMI_Handler
 .text.HardFault_Handler
                0x0000000008000a5e        0x6 ./Core/Src/stm32f1xx_it.o
                0x0000000008000a5e                HardFault_Handler
 .text.MemManage_Handler
                0x0000000008000a64        0x6 ./Core/Src/stm32f1xx_it.o
                0x0000000008000a64                MemManage_Handler
 .text.BusFault_Handler
                0x0000000008000a6a        0x6 ./Core/Src/stm32f1xx_it.o
                0x0000000008000a6a                BusFault_Handler
 .text.UsageFault_Handler
                0x0000000008000a70        0x6 ./Core/Src/stm32f1xx_it.o
                0x0000000008000a70                UsageFault_Handler
 .text.SVC_Handler
                0x0000000008000a76        0xc ./Core/Src/stm32f1xx_it.o
                0x0000000008000a76                SVC_Handler
 .text.DebugMon_Handler
                0x0000000008000a82        0xc ./Core/Src/stm32f1xx_it.o
                0x0000000008000a82                DebugMon_Handler
 .text.PendSV_Handler
                0x0000000008000a8e        0xc ./Core/Src/stm32f1xx_it.o
                0x0000000008000a8e                PendSV_Handler
 .text.SysTick_Handler
                0x0000000008000a9a        0xc ./Core/Src/stm32f1xx_it.o
                0x0000000008000a9a                SysTick_Handler
 *fill*         0x0000000008000aa6        0x2 
 .text.TIM2_IRQHandler
                0x0000000008000aa8       0x14 ./Core/Src/stm32f1xx_it.o
                0x0000000008000aa8                TIM2_IRQHandler
 .text.SystemInit
                0x0000000008000abc        0xc ./Core/Src/system_stm32f1xx.o
                0x0000000008000abc                SystemInit
 .text.traffic_light_horizontal
                0x0000000008000ac8      0x114 ./Core/Src/traffic_light.o
                0x0000000008000ac8                traffic_light_horizontal
 .text.traffic_light_vertical
                0x0000000008000bdc      0x114 ./Core/Src/traffic_light.o
                0x0000000008000bdc                traffic_light_vertical
 .text.led_blinked
                0x0000000008000cf0       0x70 ./Core/Src/traffic_light.o
                0x0000000008000cf0                led_blinked
 .text.Reset_Handler
                0x0000000008000d60       0x48 ./Core/Startup/startup_stm32f103c6ux.o
                0x0000000008000d60                Reset_Handler
 .text.Default_Handler
                0x0000000008000da8        0x2 ./Core/Startup/startup_stm32f103c6ux.o
                0x0000000008000da8                RTC_Alarm_IRQHandler
                0x0000000008000da8                EXTI2_IRQHandler
                0x0000000008000da8                TIM1_CC_IRQHandler
                0x0000000008000da8                PVD_IRQHandler
                0x0000000008000da8                EXTI3_IRQHandler
                0x0000000008000da8                EXTI0_IRQHandler
                0x0000000008000da8                ADC1_2_IRQHandler
                0x0000000008000da8                SPI1_IRQHandler
                0x0000000008000da8                TAMPER_IRQHandler
                0x0000000008000da8                DMA1_Channel4_IRQHandler
                0x0000000008000da8                RTC_IRQHandler
                0x0000000008000da8                DMA1_Channel7_IRQHandler
                0x0000000008000da8                CAN1_RX1_IRQHandler
                0x0000000008000da8                I2C1_EV_IRQHandler
                0x0000000008000da8                DMA1_Channel6_IRQHandler
                0x0000000008000da8                TIM3_IRQHandler
                0x0000000008000da8                RCC_IRQHandler
                0x0000000008000da8                TIM1_TRG_COM_IRQHandler
                0x0000000008000da8                DMA1_Channel1_IRQHandler
                0x0000000008000da8                Default_Handler
                0x0000000008000da8                EXTI15_10_IRQHandler
                0x0000000008000da8                EXTI9_5_IRQHandler
                0x0000000008000da8                DMA1_Channel5_IRQHandler
                0x0000000008000da8                EXTI4_IRQHandler
                0x0000000008000da8                USB_LP_CAN1_RX0_IRQHandler
                0x0000000008000da8                USB_HP_CAN1_TX_IRQHandler
                0x0000000008000da8                DMA1_Channel3_IRQHandler
                0x0000000008000da8                TIM1_UP_IRQHandler
                0x0000000008000da8                WWDG_IRQHandler
                0x0000000008000da8                TIM1_BRK_IRQHandler
                0x0000000008000da8                EXTI1_IRQHandler
                0x0000000008000da8                USART2_IRQHandler
                0x0000000008000da8                DMA1_Channel2_IRQHandler
                0x0000000008000da8                CAN1_SCE_IRQHandler
                0x0000000008000da8                FLASH_IRQHandler
                0x0000000008000da8                USART1_IRQHandler
                0x0000000008000da8                I2C1_ER_IRQHandler
                0x0000000008000da8                USBWakeUp_IRQHandler
 *fill*         0x0000000008000daa        0x2 
 .text.HAL_Init
                0x0000000008000dac       0x2c ./Drivers/STM32F1xx_HAL_Driver/Src/stm32f1xx_hal.o
                0x0000000008000dac                HAL_Init
 .text.HAL_InitTick
                0x0000000008000dd8       0x60 ./Drivers/STM32F1xx_HAL_Driver/Src/stm32f1xx_hal.o
                0x0000000008000dd8                HAL_InitTick
 .text.HAL_IncTick
                0x0000000008000e38       0x24 ./Drivers/STM32F1xx_HAL_Driver/Src/stm32f1xx_hal.o
                0x0000000008000e38                HAL_IncTick
 .text.HAL_GetTick
                0x0000000008000e5c       0x14 ./Drivers/STM32F1xx_HAL_Driver/Src/stm32f1xx_hal.o
                0x0000000008000e5c                HAL_GetTick
 .text.__NVIC_SetPriorityGrouping
                0x0000000008000e70       0x48 ./Drivers/STM32F1xx_HAL_Driver/Src/stm32f1xx_hal_cortex.o
 .text.__NVIC_GetPriorityGrouping
                0x0000000008000eb8       0x1c ./Drivers/STM32F1xx_HAL_Driver/Src/stm32f1xx_hal_cortex.o
 .text.__NVIC_EnableIRQ
                0x0000000008000ed4       0x38 ./Drivers/STM32F1xx_HAL_Driver/Src/stm32f1xx_hal_cortex.o
 .text.__NVIC_SetPriority
                0x0000000008000f0c       0x54 ./Drivers/STM32F1xx_HAL_Driver/Src/stm32f1xx_hal_cortex.o
 .text.NVIC_EncodePriority
                0x0000000008000f60       0x64 ./Drivers/STM32F1xx_HAL_Driver/Src/stm32f1xx_hal_cortex.o
 .text.SysTick_Config
                0x0000000008000fc4       0x44 ./Drivers/STM32F1xx_HAL_Driver/Src/stm32f1xx_hal_cortex.o
 .text.HAL_NVIC_SetPriorityGrouping
                0x0000000008001008       0x16 ./Drivers/STM32F1xx_HAL_Driver/Src/stm32f1xx_hal_cortex.o
                0x0000000008001008                HAL_NVIC_SetPriorityGrouping
 .text.HAL_NVIC_SetPriority
                0x000000000800101e       0x38 ./Drivers/STM32F1xx_HAL_Driver/Src/stm32f1xx_hal_cortex.o
                0x000000000800101e                HAL_NVIC_SetPriority
 .text.HAL_NVIC_EnableIRQ
                0x0000000008001056       0x1c ./Drivers/STM32F1xx_HAL_Driver/Src/stm32f1xx_hal_cortex.o
                0x0000000008001056                HAL_NVIC_EnableIRQ
 .text.HAL_SYSTICK_Config
                0x0000000008001072       0x18 ./Drivers/STM32F1xx_HAL_Driver/Src/stm32f1xx_hal_cortex.o
                0x0000000008001072                HAL_SYSTICK_Config
 *fill*         0x000000000800108a        0x2 
 .text.HAL_GPIO_Init
                0x000000000800108c      0x2f8 ./Drivers/STM32F1xx_HAL_Driver/Src/stm32f1xx_hal_gpio.o
                0x000000000800108c                HAL_GPIO_Init
 .text.HAL_GPIO_ReadPin
                0x0000000008001384       0x2e ./Drivers/STM32F1xx_HAL_Driver/Src/stm32f1xx_hal_gpio.o
                0x0000000008001384                HAL_GPIO_ReadPin
 .text.HAL_GPIO_WritePin
                0x00000000080013b2       0x30 ./Drivers/STM32F1xx_HAL_Driver/Src/stm32f1xx_hal_gpio.o
                0x00000000080013b2                HAL_GPIO_WritePin
 .text.HAL_GPIO_TogglePin
                0x00000000080013e2       0x32 ./Drivers/STM32F1xx_HAL_Driver/Src/stm32f1xx_hal_gpio.o
                0x00000000080013e2                HAL_GPIO_TogglePin
 .text.HAL_RCC_OscConfig
                0x0000000008001414      0x504 ./Drivers/STM32F1xx_HAL_Driver/Src/stm32f1xx_hal_rcc.o
                0x0000000008001414                HAL_RCC_OscConfig
 .text.HAL_RCC_ClockConfig
                0x0000000008001918      0x1d4 ./Drivers/STM32F1xx_HAL_Driver/Src/stm32f1xx_hal_rcc.o
                0x0000000008001918                HAL_RCC_ClockConfig
 .text.HAL_RCC_GetSysClockFreq
                0x0000000008001aec       0xa8 ./Drivers/STM32F1xx_HAL_Driver/Src/stm32f1xx_hal_rcc.o
                0x0000000008001aec                HAL_RCC_GetSysClockFreq
 .text.RCC_Delay
                0x0000000008001b94       0x3c ./Drivers/STM32F1xx_HAL_Driver/Src/stm32f1xx_hal_rcc.o
 .text.HAL_TIM_Base_Init
                0x0000000008001bd0       0x9e ./Drivers/STM32F1xx_HAL_Driver/Src/stm32f1xx_hal_tim.o
                0x0000000008001bd0                HAL_TIM_Base_Init
 *fill*         0x0000000008001c6e        0x2 
 .text.HAL_TIM_Base_Start_IT
                0x0000000008001c70       0x98 ./Drivers/STM32F1xx_HAL_Driver/Src/stm32f1xx_hal_tim.o
                0x0000000008001c70                HAL_TIM_Base_Start_IT
 .text.HAL_TIM_IRQHandler
                0x0000000008001d08      0x210 ./Drivers/STM32F1xx_HAL_Driver/Src/stm32f1xx_hal_tim.o
                0x0000000008001d08                HAL_TIM_IRQHandler
 .text.HAL_TIM_ConfigClockSource
                0x0000000008001f18      0x18e ./Drivers/STM32F1xx_HAL_Driver/Src/stm32f1xx_hal_tim.o
                0x0000000008001f18                HAL_TIM_ConfigClockSource
 .text.HAL_TIM_OC_DelayElapsedCallback
                0x00000000080020a6       0x12 ./Drivers/STM32F1xx_HAL_Driver/Src/stm32f1xx_hal_tim.o
                0x00000000080020a6                HAL_TIM_OC_DelayElapsedCallback
 .text.HAL_TIM_IC_CaptureCallback
                0x00000000080020b8       0x12 ./Drivers/STM32F1xx_HAL_Driver/Src/stm32f1xx_hal_tim.o
                0x00000000080020b8                HAL_TIM_IC_CaptureCallback
 .text.HAL_TIM_PWM_PulseFinishedCallback
                0x00000000080020ca       0x12 ./Drivers/STM32F1xx_HAL_Driver/Src/stm32f1xx_hal_tim.o
                0x00000000080020ca                HAL_TIM_PWM_PulseFinishedCallback
 .text.HAL_TIM_TriggerCallback
                0x00000000080020dc       0x12 ./Drivers/STM32F1xx_HAL_Driver/Src/stm32f1xx_hal_tim.o
                0x00000000080020dc                HAL_TIM_TriggerCallback
 *fill*         0x00000000080020ee        0x2 
 .text.TIM_Base_SetConfig
                0x00000000080020f0       0xb0 ./Drivers/STM32F1xx_HAL_Driver/Src/stm32f1xx_hal_tim.o
                0x00000000080020f0                TIM_Base_SetConfig
 .text.TIM_TI1_ConfigInputStage
                0x00000000080021a0       0x5c ./Drivers/STM32F1xx_HAL_Driver/Src/stm32f1xx_hal_tim.o
 .text.TIM_TI2_ConfigInputStage
                0x00000000080021fc       0x5e ./Drivers/STM32F1xx_HAL_Driver/Src/stm32f1xx_hal_tim.o
 .text.TIM_ITRx_SetConfig
                0x000000000800225a       0x34 ./Drivers/STM32F1xx_HAL_Driver/Src/stm32f1xx_hal_tim.o
 .text.TIM_ETR_SetConfig
                0x000000000800228e       0x3e ./Drivers/STM32F1xx_HAL_Driver/Src/stm32f1xx_hal_tim.o
                0x000000000800228e                TIM_ETR_SetConfig
 .text.HAL_TIMEx_MasterConfigSynchronization
                0x00000000080022cc       0xb0 ./Drivers/STM32F1xx_HAL_Driver/Src/stm32f1xx_hal_tim_ex.o
                0x00000000080022cc                HAL_TIMEx_MasterConfigSynchronization
 .text.HAL_TIMEx_CommutCallback
                0x000000000800237c       0x12 ./Drivers/STM32F1xx_HAL_Driver/Src/stm32f1xx_hal_tim_ex.o
                0x000000000800237c                HAL_TIMEx_CommutCallback
 .text.HAL_TIMEx_BreakCallback
                0x000000000800238e       0x12 ./Drivers/STM32F1xx_HAL_Driver/Src/stm32f1xx_hal_tim_ex.o
                0x000000000800238e                HAL_TIMEx_BreakCallback
 .text.__libc_init_array
                0x00000000080023a0       0x48 d:/stm32cubeide_1.10.0/stm32cubeide/plugins/com.st.stm32cube.ide.mcu.externaltools.gnu-tools-for-stm32.10.3-2021.10.win32_1.0.0.202111181127/tools/bin/../lib/gcc/arm-none-eabi/10.3.1/../../../../arm-none-eabi/lib/thumb/v7-m/nofp\libc_nano.a(lib_a-init.o)
                0x00000000080023a0                __libc_init_array
 .text.memset   0x00000000080023e8       0x10 d:/stm32cubeide_1.10.0/stm32cubeide/plugins/com.st.stm32cube.ide.mcu.externaltools.gnu-tools-for-stm32.10.3-2021.10.win32_1.0.0.202111181127/tools/bin/../lib/gcc/arm-none-eabi/10.3.1/../../../../arm-none-eabi/lib/thumb/v7-m/nofp\libc_nano.a(lib_a-memset.o)
                0x00000000080023e8                memset
 *(.glue_7)
 .glue_7        0x00000000080023f8        0x0 linker stubs
 *(.glue_7t)
 .glue_7t       0x00000000080023f8        0x0 linker stubs
 *(.eh_frame)
 .eh_frame      0x00000000080023f8        0x0 d:/stm32cubeide_1.10.0/stm32cubeide/plugins/com.st.stm32cube.ide.mcu.externaltools.gnu-tools-for-stm32.10.3-2021.10.win32_1.0.0.202111181127/tools/bin/../lib/gcc/arm-none-eabi/10.3.1/thumb/v7-m/nofp/crtbegin.o
 *(.init)
 .init          0x00000000080023f8        0x4 d:/stm32cubeide_1.10.0/stm32cubeide/plugins/com.st.stm32cube.ide.mcu.externaltools.gnu-tools-for-stm32.10.3-2021.10.win32_1.0.0.202111181127/tools/bin/../lib/gcc/arm-none-eabi/10.3.1/thumb/v7-m/nofp/crti.o
                0x00000000080023f8                _init
 .init          0x00000000080023fc        0x8 d:/stm32cubeide_1.10.0/stm32cubeide/plugins/com.st.stm32cube.ide.mcu.externaltools.gnu-tools-for-stm32.10.3-2021.10.win32_1.0.0.202111181127/tools/bin/../lib/gcc/arm-none-eabi/10.3.1/thumb/v7-m/nofp/crtn.o
 *(.fini)
 .fini          0x0000000008002404        0x4 d:/stm32cubeide_1.10.0/stm32cubeide/plugins/com.st.stm32cube.ide.mcu.externaltools.gnu-tools-for-stm32.10.3-2021.10.win32_1.0.0.202111181127/tools/bin/../lib/gcc/arm-none-eabi/10.3.1/thumb/v7-m/nofp/crti.o
                0x0000000008002404                _fini
 .fini          0x0000000008002408        0x8 d:/stm32cubeide_1.10.0/stm32cubeide/plugins/com.st.stm32cube.ide.mcu.externaltools.gnu-tools-for-stm32.10.3-2021.10.win32_1.0.0.202111181127/tools/bin/../lib/gcc/arm-none-eabi/10.3.1/thumb/v7-m/nofp/crtn.o
                0x0000000008002410                . = ALIGN (0x4)
                0x0000000008002410                _etext = .

.vfp11_veneer   0x0000000008002410        0x0
 .vfp11_veneer  0x0000000008002410        0x0 linker stubs

.v4_bx          0x0000000008002410        0x0
 .v4_bx         0x0000000008002410        0x0 linker stubs

.iplt           0x0000000008002410        0x0
 .iplt          0x0000000008002410        0x0 d:/stm32cubeide_1.10.0/stm32cubeide/plugins/com.st.stm32cube.ide.mcu.externaltools.gnu-tools-for-stm32.10.3-2021.10.win32_1.0.0.202111181127/tools/bin/../lib/gcc/arm-none-eabi/10.3.1/thumb/v7-m/nofp/crtbegin.o

.rodata         0x0000000008002410       0x30
                0x0000000008002410                . = ALIGN (0x4)
 *(.rodata)
 .rodata        0x0000000008002410        0xa ./Core/Src/led7seg.o
 *(.rodata*)
 *fill*         0x000000000800241a        0x2 
 .rodata.AHBPrescTable
                0x000000000800241c       0x10 ./Core/Src/system_stm32f1xx.o
                0x000000000800241c                AHBPrescTable
 .rodata.aPLLMULFactorTable.1
                0x000000000800242c       0x10 ./Drivers/STM32F1xx_HAL_Driver/Src/stm32f1xx_hal_rcc.o
 .rodata.aPredivFactorTable.0
                0x000000000800243c        0x2 ./Drivers/STM32F1xx_HAL_Driver/Src/stm32f1xx_hal_rcc.o
                0x0000000008002440                . = ALIGN (0x4)
 *fill*         0x000000000800243e        0x2 

.rel.dyn        0x0000000008002440        0x0
 .rel.iplt      0x0000000008002440        0x0 d:/stm32cubeide_1.10.0/stm32cubeide/plugins/com.st.stm32cube.ide.mcu.externaltools.gnu-tools-for-stm32.10.3-2021.10.win32_1.0.0.202111181127/tools/bin/../lib/gcc/arm-none-eabi/10.3.1/thumb/v7-m/nofp/crtbegin.o

.ARM.extab      0x0000000008002440        0x0
                0x0000000008002440                . = ALIGN (0x4)
 *(.ARM.extab* .gnu.linkonce.armextab.*)
                0x0000000008002440                . = ALIGN (0x4)

.ARM            0x0000000008002440        0x0
                0x0000000008002440                . = ALIGN (0x4)
                0x0000000008002440                __exidx_start = .
 *(.ARM.exidx*)
                0x0000000008002440                __exidx_end = .
                0x0000000008002440                . = ALIGN (0x4)

.preinit_array  0x0000000008002440        0x0
                0x0000000008002440                . = ALIGN (0x4)
                0x0000000008002440                PROVIDE (__preinit_array_start = .)
 *(.preinit_array*)
                0x0000000008002440                PROVIDE (__preinit_array_end = .)
                0x0000000008002440                . = ALIGN (0x4)

.init_array     0x0000000008002440        0x4
                0x0000000008002440                . = ALIGN (0x4)
                0x0000000008002440                PROVIDE (__init_array_start = .)
 *(SORT_BY_NAME(.init_array.*))
 *(.init_array*)
 .init_array    0x0000000008002440        0x4 d:/stm32cubeide_1.10.0/stm32cubeide/plugins/com.st.stm32cube.ide.mcu.externaltools.gnu-tools-for-stm32.10.3-2021.10.win32_1.0.0.202111181127/tools/bin/../lib/gcc/arm-none-eabi/10.3.1/thumb/v7-m/nofp/crtbegin.o
                0x0000000008002444                PROVIDE (__init_array_end = .)
                0x0000000008002444                . = ALIGN (0x4)

.fini_array     0x0000000008002444        0x4
                0x0000000008002444                . = ALIGN (0x4)
                [!provide]                        PROVIDE (__fini_array_start = .)
 *(SORT_BY_NAME(.fini_array.*))
 *(.fini_array*)
 .fini_array    0x0000000008002444        0x4 d:/stm32cubeide_1.10.0/stm32cubeide/plugins/com.st.stm32cube.ide.mcu.externaltools.gnu-tools-for-stm32.10.3-2021.10.win32_1.0.0.202111181127/tools/bin/../lib/gcc/arm-none-eabi/10.3.1/thumb/v7-m/nofp/crtbegin.o
                [!provide]                        PROVIDE (__fini_array_end = .)
                0x0000000008002448                . = ALIGN (0x4)
                0x0000000008002448                _sidata = LOADADDR (.data)

.data           0x0000000020000000       0x50 load address 0x0000000008002448
                0x0000000020000000                . = ALIGN (0x4)
                0x0000000020000000                _sdata = .
 *(.data)
 *(.data*)
 .data.KeyReg0  0x0000000020000000        0xc ./Core/Src/button.o
                0x0000000020000000                KeyReg0
 .data.KeyReg1  0x000000002000000c        0xc ./Core/Src/button.o
                0x000000002000000c                KeyReg1
 .data.KeyReg2  0x0000000020000018        0xc ./Core/Src/button.o
                0x0000000020000018                KeyReg2
 .data.KeyReg3  0x0000000020000024        0xc ./Core/Src/button.o
                0x0000000020000024                KeyReg3
 .data.TimerForKeyPress
                0x0000000020000030        0xc ./Core/Src/button.o
                0x0000000020000030                TimerForKeyPress
 .data.SystemCoreClock
                0x000000002000003c        0x4 ./Core/Src/system_stm32f1xx.o
                0x000000002000003c                SystemCoreClock
 .data.counter_h
                0x0000000020000040        0x4 ./Core/Src/traffic_light.o
                0x0000000020000040                counter_h
 .data.counter_v
                0x0000000020000044        0x4 ./Core/Src/traffic_light.o
                0x0000000020000044                counter_v
 .data.uwTickPrio
                0x0000000020000048        0x4 ./Drivers/STM32F1xx_HAL_Driver/Src/stm32f1xx_hal.o
                0x0000000020000048                uwTickPrio
 .data.uwTickFreq
                0x000000002000004c        0x1 ./Drivers/STM32F1xx_HAL_Driver/Src/stm32f1xx_hal.o
                0x000000002000004c                uwTickFreq
 *(.RamFunc)
 *(.RamFunc*)
                0x0000000020000050                . = ALIGN (0x4)
 *fill*         0x000000002000004d        0x3 
                0x0000000020000050                _edata = .

.igot.plt       0x0000000020000050        0x0 load address 0x0000000008002498
 .igot.plt      0x0000000020000050        0x0 d:/stm32cubeide_1.10.0/stm32cubeide/plugins/com.st.stm32cube.ide.mcu.externaltools.gnu-tools-for-stm32.10.3-2021.10.win32_1.0.0.202111181127/tools/bin/../lib/gcc/arm-none-eabi/10.3.1/thumb/v7-m/nofp/crtbegin.o
                0x0000000020000050                . = ALIGN (0x4)

.bss            0x0000000020000050       0xbc load address 0x0000000008002498
                0x0000000020000050                _sbss = .
                0x0000000020000050                __bss_start__ = _sbss
 *(.bss)
 .bss           0x0000000020000050       0x1c d:/stm32cubeide_1.10.0/stm32cubeide/plugins/com.st.stm32cube.ide.mcu.externaltools.gnu-tools-for-stm32.10.3-2021.10.win32_1.0.0.202111181127/tools/bin/../lib/gcc/arm-none-eabi/10.3.1/thumb/v7-m/nofp/crtbegin.o
 *(.bss*)
 .bss.MODE_flag
                0x000000002000006c        0x4 ./Core/Src/button.o
                0x000000002000006c                MODE_flag
 .bss.INC_flag  0x0000000020000070        0x4 ./Core/Src/button.o
                0x0000000020000070                INC_flag
 .bss.SET_flag  0x0000000020000074        0x4 ./Core/Src/button.o
                0x0000000020000074                SET_flag
 .bss.state     0x0000000020000078        0x4 ./Core/Src/fsm.o
                0x0000000020000078                state
 .bss.index_led
                0x000000002000007c        0x4 ./Core/Src/led7seg.o
                0x000000002000007c                index_led
 .bss.led_buffer
                0x0000000020000080       0x10 ./Core/Src/led7seg.o
                0x0000000020000080                led_buffer
 .bss.htim2     0x0000000020000090       0x48 ./Core/Src/main.o
                0x0000000020000090                htim2
 .bss.timer0_counter
                0x00000000200000d8        0x4 ./Core/Src/software_timer.o
                0x00000000200000d8                timer0_counter
 .bss.timer0_flag
                0x00000000200000dc        0x4 ./Core/Src/software_timer.o
                0x00000000200000dc                timer0_flag
 .bss.timer1_counter
                0x00000000200000e0        0x4 ./Core/Src/software_timer.o
                0x00000000200000e0                timer1_counter
 .bss.timer1_flag
                0x00000000200000e4        0x4 ./Core/Src/software_timer.o
                0x00000000200000e4                timer1_flag
 .bss.timer2_counter
                0x00000000200000e8        0x4 ./Core/Src/software_timer.o
                0x00000000200000e8                timer2_counter
 .bss.timer2_flag
                0x00000000200000ec        0x4 ./Core/Src/software_timer.o
                0x00000000200000ec                timer2_flag
 .bss.timer3_counter
                0x00000000200000f0        0x4 ./Core/Src/software_timer.o
                0x00000000200000f0                timer3_counter
 .bss.timer3_flag
                0x00000000200000f4        0x4 ./Core/Src/software_timer.o
                0x00000000200000f4                timer3_flag
 .bss.timer4_counter
                0x00000000200000f8        0x4 ./Core/Src/software_timer.o
                0x00000000200000f8                timer4_counter
 .bss.timer4_flag
                0x00000000200000fc        0x4 ./Core/Src/software_timer.o
                0x00000000200000fc                timer4_flag
 .bss.light_hmode
                0x0000000020000100        0x4 ./Core/Src/traffic_light.o
                0x0000000020000100                light_hmode
 .bss.light_vmode
                0x0000000020000104        0x4 ./Core/Src/traffic_light.o
                0x0000000020000104                light_vmode
 .bss.uwTick    0x0000000020000108        0x4 ./Drivers/STM32F1xx_HAL_Driver/Src/stm32f1xx_hal.o
                0x0000000020000108                uwTick
 *(COMMON)
                0x000000002000010c                . = ALIGN (0x4)
                0x000000002000010c                _ebss = .
                0x000000002000010c                __bss_end__ = _ebss

._user_heap_stack
                0x000000002000010c      0x604 load address 0x0000000008002498
                0x0000000020000110                . = ALIGN (0x8)
 *fill*         0x000000002000010c        0x4 
                [!provide]                        PROVIDE (end = .)
                0x0000000020000110                PROVIDE (_end = .)
                0x0000000020000310                . = (. + _Min_Heap_Size)
 *fill*         0x0000000020000110      0x200 
                0x0000000020000710                . = (. + _Min_Stack_Size)
 *fill*         0x0000000020000310      0x400 
                0x0000000020000710                . = ALIGN (0x8)

/DISCARD/
 libc.a(*)
 libm.a(*)
 libgcc.a(*)

.ARM.attributes
                0x0000000000000000       0x29
 *(.ARM.attributes)
 .ARM.attributes
                0x0000000000000000       0x1d d:/stm32cubeide_1.10.0/stm32cubeide/plugins/com.st.stm32cube.ide.mcu.externaltools.gnu-tools-for-stm32.10.3-2021.10.win32_1.0.0.202111181127/tools/bin/../lib/gcc/arm-none-eabi/10.3.1/thumb/v7-m/nofp/crti.o
 .ARM.attributes
                0x000000000000001d       0x2d d:/stm32cubeide_1.10.0/stm32cubeide/plugins/com.st.stm32cube.ide.mcu.externaltools.gnu-tools-for-stm32.10.3-2021.10.win32_1.0.0.202111181127/tools/bin/../lib/gcc/arm-none-eabi/10.3.1/thumb/v7-m/nofp/crtbegin.o
 .ARM.attributes
                0x000000000000004a       0x2d ./Core/Src/button.o
 .ARM.attributes
                0x0000000000000077       0x2d ./Core/Src/fsm.o
 .ARM.attributes
                0x00000000000000a4       0x2d ./Core/Src/led7seg.o
 .ARM.attributes
                0x00000000000000d1       0x2d ./Core/Src/main.o
 .ARM.attributes
                0x00000000000000fe       0x2d ./Core/Src/software_timer.o
 .ARM.attributes
                0x000000000000012b       0x2d ./Core/Src/stm32f1xx_hal_msp.o
 .ARM.attributes
                0x0000000000000158       0x2d ./Core/Src/stm32f1xx_it.o
 .ARM.attributes
                0x0000000000000185       0x2d ./Core/Src/system_stm32f1xx.o
 .ARM.attributes
                0x00000000000001b2       0x2d ./Core/Src/traffic_light.o
 .ARM.attributes
                0x00000000000001df       0x21 ./Core/Startup/startup_stm32f103c6ux.o
 .ARM.attributes
                0x0000000000000200       0x2d ./Drivers/STM32F1xx_HAL_Driver/Src/stm32f1xx_hal.o
 .ARM.attributes
                0x000000000000022d       0x2d ./Drivers/STM32F1xx_HAL_Driver/Src/stm32f1xx_hal_cortex.o
 .ARM.attributes
                0x000000000000025a       0x2d ./Drivers/STM32F1xx_HAL_Driver/Src/stm32f1xx_hal_gpio.o
 .ARM.attributes
                0x0000000000000287       0x2d ./Drivers/STM32F1xx_HAL_Driver/Src/stm32f1xx_hal_rcc.o
 .ARM.attributes
                0x00000000000002b4       0x2d ./Drivers/STM32F1xx_HAL_Driver/Src/stm32f1xx_hal_tim.o
 .ARM.attributes
                0x00000000000002e1       0x2d ./Drivers/STM32F1xx_HAL_Driver/Src/stm32f1xx_hal_tim_ex.o
 .ARM.attributes
                0x000000000000030e       0x2d d:/stm32cubeide_1.10.0/stm32cubeide/plugins/com.st.stm32cube.ide.mcu.externaltools.gnu-tools-for-stm32.10.3-2021.10.win32_1.0.0.202111181127/tools/bin/../lib/gcc/arm-none-eabi/10.3.1/../../../../arm-none-eabi/lib/thumb/v7-m/nofp\libc_nano.a(lib_a-init.o)
 .ARM.attributes
                0x000000000000033b       0x2d d:/stm32cubeide_1.10.0/stm32cubeide/plugins/com.st.stm32cube.ide.mcu.externaltools.gnu-tools-for-stm32.10.3-2021.10.win32_1.0.0.202111181127/tools/bin/../lib/gcc/arm-none-eabi/10.3.1/../../../../arm-none-eabi/lib/thumb/v7-m/nofp\libc_nano.a(lib_a-memset.o)
 .ARM.attributes
                0x0000000000000368       0x1d d:/stm32cubeide_1.10.0/stm32cubeide/plugins/com.st.stm32cube.ide.mcu.externaltools.gnu-tools-for-stm32.10.3-2021.10.win32_1.0.0.202111181127/tools/bin/../lib/gcc/arm-none-eabi/10.3.1/thumb/v7-m/nofp/crtn.o
OUTPUT(MCU_3.elf elf32-littlearm)
LOAD linker stubs
LOAD d:/stm32cubeide_1.10.0/stm32cubeide/plugins/com.st.stm32cube.ide.mcu.externaltools.gnu-tools-for-stm32.10.3-2021.10.win32_1.0.0.202111181127/tools/bin/../lib/gcc/arm-none-eabi/10.3.1/../../../../arm-none-eabi/lib/thumb/v7-m/nofp\libc.a
LOAD d:/stm32cubeide_1.10.0/stm32cubeide/plugins/com.st.stm32cube.ide.mcu.externaltools.gnu-tools-for-stm32.10.3-2021.10.win32_1.0.0.202111181127/tools/bin/../lib/gcc/arm-none-eabi/10.3.1/../../../../arm-none-eabi/lib/thumb/v7-m/nofp\libm.a
LOAD d:/stm32cubeide_1.10.0/stm32cubeide/plugins/com.st.stm32cube.ide.mcu.externaltools.gnu-tools-for-stm32.10.3-2021.10.win32_1.0.0.202111181127/tools/bin/../lib/gcc/arm-none-eabi/10.3.1/thumb/v7-m/nofp\libgcc.a

.debug_info     0x0000000000000000     0x8d5f
 .debug_info    0x0000000000000000      0x2d2 ./Core/Src/button.o
 .debug_info    0x00000000000002d2      0x216 ./Core/Src/fsm.o
 .debug_info    0x00000000000004e8      0x2f2 ./Core/Src/led7seg.o
 .debug_info    0x00000000000007da      0xc79 ./Core/Src/main.o
 .debug_info    0x0000000000001453      0x1d8 ./Core/Src/software_timer.o
 .debug_info    0x000000000000162b      0x8dc ./Core/Src/stm32f1xx_hal_msp.o
 .debug_info    0x0000000000001f07      0x6ef ./Core/Src/stm32f1xx_it.o
 .debug_info    0x00000000000025f6      0x23d ./Core/Src/system_stm32f1xx.o
 .debug_info    0x0000000000002833      0x306 ./Core/Src/traffic_light.o
 .debug_info    0x0000000000002b39       0x22 ./Core/Startup/startup_stm32f103c6ux.o
 .debug_info    0x0000000000002b5b      0x716 ./Drivers/STM32F1xx_HAL_Driver/Src/stm32f1xx_hal.o
 .debug_info    0x0000000000003271      0xb02 ./Drivers/STM32F1xx_HAL_Driver/Src/stm32f1xx_hal_cortex.o
 .debug_info    0x0000000000003d73      0x615 ./Drivers/STM32F1xx_HAL_Driver/Src/stm32f1xx_hal_gpio.o
 .debug_info    0x0000000000004388      0x865 ./Drivers/STM32F1xx_HAL_Driver/Src/stm32f1xx_hal_rcc.o
 .debug_info    0x0000000000004bed     0x2bab ./Drivers/STM32F1xx_HAL_Driver/Src/stm32f1xx_hal_tim.o
 .debug_info    0x0000000000007798     0x15c7 ./Drivers/STM32F1xx_HAL_Driver/Src/stm32f1xx_hal_tim_ex.o

.debug_abbrev   0x0000000000000000     0x1ba4
 .debug_abbrev  0x0000000000000000      0x18f ./Core/Src/button.o
 .debug_abbrev  0x000000000000018f      0x134 ./Core/Src/fsm.o
 .debug_abbrev  0x00000000000002c3      0x1a5 ./Core/Src/led7seg.o
 .debug_abbrev  0x0000000000000468      0x2b3 ./Core/Src/main.o
 .debug_abbrev  0x000000000000071b       0xc3 ./Core/Src/software_timer.o
 .debug_abbrev  0x00000000000007de      0x19f ./Core/Src/stm32f1xx_hal_msp.o
 .debug_abbrev  0x000000000000097d      0x184 ./Core/Src/stm32f1xx_it.o
 .debug_abbrev  0x0000000000000b01      0x13b ./Core/Src/system_stm32f1xx.o
 .debug_abbrev  0x0000000000000c3c      0x13b ./Core/Src/traffic_light.o
 .debug_abbrev  0x0000000000000d77       0x12 ./Core/Startup/startup_stm32f103c6ux.o
 .debug_abbrev  0x0000000000000d89      0x1fb ./Drivers/STM32F1xx_HAL_Driver/Src/stm32f1xx_hal.o
 .debug_abbrev  0x0000000000000f84      0x2ed ./Drivers/STM32F1xx_HAL_Driver/Src/stm32f1xx_hal_cortex.o
 .debug_abbrev  0x0000000000001271      0x1bb ./Drivers/STM32F1xx_HAL_Driver/Src/stm32f1xx_hal_gpio.o
 .debug_abbrev  0x000000000000142c      0x2a8 ./Drivers/STM32F1xx_HAL_Driver/Src/stm32f1xx_hal_rcc.o
 .debug_abbrev  0x00000000000016d4      0x264 ./Drivers/STM32F1xx_HAL_Driver/Src/stm32f1xx_hal_tim.o
 .debug_abbrev  0x0000000000001938      0x26c ./Drivers/STM32F1xx_HAL_Driver/Src/stm32f1xx_hal_tim_ex.o

.debug_aranges  0x0000000000000000      0xa58
 .debug_aranges
                0x0000000000000000       0x40 ./Core/Src/button.o
 .debug_aranges
                0x0000000000000040       0x20 ./Core/Src/fsm.o
 .debug_aranges
                0x0000000000000060       0x48 ./Core/Src/led7seg.o
 .debug_aranges
                0x00000000000000a8       0x50 ./Core/Src/main.o
 .debug_aranges
                0x00000000000000f8       0x48 ./Core/Src/software_timer.o
 .debug_aranges
                0x0000000000000140       0x30 ./Core/Src/stm32f1xx_hal_msp.o
 .debug_aranges
                0x0000000000000170       0x68 ./Core/Src/stm32f1xx_it.o
 .debug_aranges
                0x00000000000001d8       0x28 ./Core/Src/system_stm32f1xx.o
 .debug_aranges
                0x0000000000000200       0x30 ./Core/Src/traffic_light.o
 .debug_aranges
                0x0000000000000230       0x28 ./Core/Startup/startup_stm32f103c6ux.o
 .debug_aranges
                0x0000000000000258       0xe0 ./Drivers/STM32F1xx_HAL_Driver/Src/stm32f1xx_hal.o
 .debug_aranges
                0x0000000000000338      0x100 ./Drivers/STM32F1xx_HAL_Driver/Src/stm32f1xx_hal_cortex.o
 .debug_aranges
                0x0000000000000438       0x58 ./Drivers/STM32F1xx_HAL_Driver/Src/stm32f1xx_hal_gpio.o
 .debug_aranges
                0x0000000000000490       0x90 ./Drivers/STM32F1xx_HAL_Driver/Src/stm32f1xx_hal_rcc.o
 .debug_aranges
                0x0000000000000520      0x3d0 ./Drivers/STM32F1xx_HAL_Driver/Src/stm32f1xx_hal_tim.o
 .debug_aranges
                0x00000000000008f0      0x168 ./Drivers/STM32F1xx_HAL_Driver/Src/stm32f1xx_hal_tim_ex.o

.debug_ranges   0x0000000000000000      0x960
 .debug_ranges  0x0000000000000000       0x30 ./Core/Src/button.o
 .debug_ranges  0x0000000000000030       0x10 ./Core/Src/fsm.o
 .debug_ranges  0x0000000000000040       0x38 ./Core/Src/led7seg.o
 .debug_ranges  0x0000000000000078       0x40 ./Core/Src/main.o
 .debug_ranges  0x00000000000000b8       0x38 ./Core/Src/software_timer.o
 .debug_ranges  0x00000000000000f0       0x20 ./Core/Src/stm32f1xx_hal_msp.o
 .debug_ranges  0x0000000000000110       0x58 ./Core/Src/stm32f1xx_it.o
 .debug_ranges  0x0000000000000168       0x18 ./Core/Src/system_stm32f1xx.o
 .debug_ranges  0x0000000000000180       0x20 ./Core/Src/traffic_light.o
 .debug_ranges  0x00000000000001a0       0x20 ./Core/Startup/startup_stm32f103c6ux.o
 .debug_ranges  0x00000000000001c0       0xd0 ./Drivers/STM32F1xx_HAL_Driver/Src/stm32f1xx_hal.o
 .debug_ranges  0x0000000000000290       0xf0 ./Drivers/STM32F1xx_HAL_Driver/Src/stm32f1xx_hal_cortex.o
 .debug_ranges  0x0000000000000380       0x48 ./Drivers/STM32F1xx_HAL_Driver/Src/stm32f1xx_hal_gpio.o
 .debug_ranges  0x00000000000003c8       0x80 ./Drivers/STM32F1xx_HAL_Driver/Src/stm32f1xx_hal_rcc.o
 .debug_ranges  0x0000000000000448      0x3c0 ./Drivers/STM32F1xx_HAL_Driver/Src/stm32f1xx_hal_tim.o
 .debug_ranges  0x0000000000000808      0x158 ./Drivers/STM32F1xx_HAL_Driver/Src/stm32f1xx_hal_tim_ex.o

.debug_macro    0x0000000000000000    0x16a89
 .debug_macro   0x0000000000000000      0x1b9 ./Core/Src/button.o
 .debug_macro   0x00000000000001b9      0xa6c ./Core/Src/button.o
 .debug_macro   0x0000000000000c25      0x215 ./Core/Src/button.o
 .debug_macro   0x0000000000000e3a       0x2e ./Core/Src/button.o
 .debug_macro   0x0000000000000e68       0x22 ./Core/Src/button.o
 .debug_macro   0x0000000000000e8a       0x22 ./Core/Src/button.o
 .debug_macro   0x0000000000000eac       0x8e ./Core/Src/button.o
 .debug_macro   0x0000000000000f3a       0x51 ./Core/Src/button.o
 .debug_macro   0x0000000000000f8b      0x103 ./Core/Src/button.o
 .debug_macro   0x000000000000108e       0x6a ./Core/Src/button.o
 .debug_macro   0x00000000000010f8      0x1df ./Core/Src/button.o
 .debug_macro   0x00000000000012d7       0x1c ./Core/Src/button.o
 .debug_macro   0x00000000000012f3       0x22 ./Core/Src/button.o
 .debug_macro   0x0000000000001315       0xbd ./Core/Src/button.o
 .debug_macro   0x00000000000013d2      0xd23 ./Core/Src/button.o
 .debug_macro   0x00000000000020f5     0xde75 ./Core/Src/button.o
 .debug_macro   0x000000000000ff6a       0x6d ./Core/Src/button.o
 .debug_macro   0x000000000000ffd7     0x348d ./Core/Src/button.o
 .debug_macro   0x0000000000013464      0x174 ./Core/Src/button.o
 .debug_macro   0x00000000000135d8       0x5c ./Core/Src/button.o
 .debug_macro   0x0000000000013634      0x5bc ./Core/Src/button.o
 .debug_macro   0x0000000000013bf0      0x1b7 ./Core/Src/button.o
 .debug_macro   0x0000000000013da7      0x1cb ./Core/Src/button.o
 .debug_macro   0x0000000000013f72      0x114 ./Core/Src/button.o
 .debug_macro   0x0000000000014086      0x1b2 ./Core/Src/button.o
 .debug_macro   0x0000000000014238       0x27 ./Core/Src/button.o
 .debug_macro   0x000000000001425f      0x12f ./Core/Src/button.o
 .debug_macro   0x000000000001438e      0x1bc ./Core/Src/button.o
 .debug_macro   0x000000000001454a       0x34 ./Core/Src/button.o
 .debug_macro   0x000000000001457e       0x3c ./Core/Src/button.o
 .debug_macro   0x00000000000145ba       0x57 ./Core/Src/button.o
 .debug_macro   0x0000000000014611       0x87 ./Core/Src/button.o
 .debug_macro   0x0000000000014698      0x183 ./Core/Src/button.o
 .debug_macro   0x000000000001481b      0x140 ./Core/Src/button.o
 .debug_macro   0x000000000001495b      0x8ed ./Core/Src/button.o
 .debug_macro   0x0000000000015248       0x69 ./Core/Src/button.o
 .debug_macro   0x00000000000152b1      0x10c ./Core/Src/button.o
 .debug_macro   0x00000000000153bd       0x10 ./Core/Src/button.o
 .debug_macro   0x00000000000153cd      0x1dc ./Core/Src/fsm.o
 .debug_macro   0x00000000000155a9       0x16 ./Core/Src/fsm.o
 .debug_macro   0x00000000000155bf       0x1c ./Core/Src/fsm.o
 .debug_macro   0x00000000000155db      0x1ba ./Core/Src/led7seg.o
 .debug_macro   0x0000000000015795      0x1f6 ./Core/Src/main.o
 .debug_macro   0x000000000001598b       0x21 ./Core/Src/software_timer.o
 .debug_macro   0x00000000000159ac      0x1a6 ./Core/Src/stm32f1xx_hal_msp.o
 .debug_macro   0x0000000000015b52      0x1b0 ./Core/Src/stm32f1xx_it.o
 .debug_macro   0x0000000000015d02      0x197 ./Core/Src/system_stm32f1xx.o
 .debug_macro   0x0000000000015e99      0x1c4 ./Core/Src/traffic_light.o
 .debug_macro   0x000000000001605d      0x1bb ./Drivers/STM32F1xx_HAL_Driver/Src/stm32f1xx_hal.o
 .debug_macro   0x0000000000016218      0x197 ./Drivers/STM32F1xx_HAL_Driver/Src/stm32f1xx_hal_cortex.o
 .debug_macro   0x00000000000163af      0x202 ./Drivers/STM32F1xx_HAL_Driver/Src/stm32f1xx_hal_gpio.o
 .debug_macro   0x00000000000165b1      0x1a9 ./Drivers/STM32F1xx_HAL_Driver/Src/stm32f1xx_hal_rcc.o
 .debug_macro   0x000000000001675a      0x198 ./Drivers/STM32F1xx_HAL_Driver/Src/stm32f1xx_hal_tim.o
 .debug_macro   0x00000000000168f2      0x197 ./Drivers/STM32F1xx_HAL_Driver/Src/stm32f1xx_hal_tim_ex.o

.debug_line     0x0000000000000000     0xb0f4
 .debug_line    0x0000000000000000      0x74e ./Core/Src/button.o
 .debug_line    0x000000000000074e      0x6e5 ./Core/Src/fsm.o
 .debug_line    0x0000000000000e33      0x781 ./Core/Src/led7seg.o
 .debug_line    0x00000000000015b4      0x7c7 ./Core/Src/main.o
 .debug_line    0x0000000000001d7b      0x14d ./Core/Src/software_timer.o
 .debug_line    0x0000000000001ec8      0x688 ./Core/Src/stm32f1xx_hal_msp.o
 .debug_line    0x0000000000002550      0x728 ./Core/Src/stm32f1xx_it.o
 .debug_line    0x0000000000002c78      0x6cc ./Core/Src/system_stm32f1xx.o
 .debug_line    0x0000000000003344      0x774 ./Core/Src/traffic_light.o
 .debug_line    0x0000000000003ab8       0x86 ./Core/Startup/startup_stm32f103c6ux.o
 .debug_line    0x0000000000003b3e      0x8f9 ./Drivers/STM32F1xx_HAL_Driver/Src/stm32f1xx_hal.o
 .debug_line    0x0000000000004437      0xae1 ./Drivers/STM32F1xx_HAL_Driver/Src/stm32f1xx_hal_cortex.o
 .debug_line    0x0000000000004f18      0x97d ./Drivers/STM32F1xx_HAL_Driver/Src/stm32f1xx_hal_gpio.o
 .debug_line    0x0000000000005895      0xd05 ./Drivers/STM32F1xx_HAL_Driver/Src/stm32f1xx_hal_rcc.o
 .debug_line    0x000000000000659a     0x333b ./Drivers/STM32F1xx_HAL_Driver/Src/stm32f1xx_hal_tim.o
 .debug_line    0x00000000000098d5     0x181f ./Drivers/STM32F1xx_HAL_Driver/Src/stm32f1xx_hal_tim_ex.o

.debug_str      0x0000000000000000    0x822c7
 .debug_str     0x0000000000000000    0x7f604 ./Core/Src/button.o
                                      0x7f931 (size before relaxing)
 .debug_str     0x000000000007f604       0xef ./Core/Src/fsm.o
                                      0x7f97d (size before relaxing)
 .debug_str     0x000000000007f6f3       0xb5 ./Core/Src/led7seg.o
                                      0x7f947 (size before relaxing)
 .debug_str     0x000000000007f7a8      0x7c5 ./Core/Src/main.o
                                      0x80199 (size before relaxing)
 .debug_str     0x000000000007ff6d       0xa9 ./Core/Src/software_timer.o
                                       0x2d84 (size before relaxing)
 .debug_str     0x0000000000080016      0x2d2 ./Core/Src/stm32f1xx_hal_msp.o
                                      0x80027 (size before relaxing)
 .debug_str     0x00000000000802e8       0xec ./Core/Src/stm32f1xx_it.o
                                      0x7fd90 (size before relaxing)
 .debug_str     0x00000000000803d4       0x7e ./Core/Src/system_stm32f1xx.o
                                      0x7f54c (size before relaxing)
 .debug_str     0x0000000000080452       0x91 ./Core/Src/traffic_light.o
                                      0x7f9c4 (size before relaxing)
 .debug_str     0x00000000000804e3       0x36 ./Core/Startup/startup_stm32f103c6ux.o
                                         0x6e (size before relaxing)
 .debug_str     0x0000000000080519      0x38e ./Drivers/STM32F1xx_HAL_Driver/Src/stm32f1xx_hal.o
                                      0x7fc45 (size before relaxing)
 .debug_str     0x00000000000808a7      0x29e ./Drivers/STM32F1xx_HAL_Driver/Src/stm32f1xx_hal_cortex.o
                                      0x7fb91 (size before relaxing)
 .debug_str     0x0000000000080b45      0x2f6 ./Drivers/STM32F1xx_HAL_Driver/Src/stm32f1xx_hal_gpio.o
                                      0x7f8d2 (size before relaxing)
 .debug_str     0x0000000000080e3b      0x229 ./Drivers/STM32F1xx_HAL_Driver/Src/stm32f1xx_hal_rcc.o
                                      0x7f97b (size before relaxing)
 .debug_str     0x0000000000081064      0xdd0 ./Drivers/STM32F1xx_HAL_Driver/Src/stm32f1xx_hal_tim.o
                                      0x8096d (size before relaxing)
 .debug_str     0x0000000000081e34      0x493 ./Drivers/STM32F1xx_HAL_Driver/Src/stm32f1xx_hal_tim_ex.o
                                      0x80189 (size before relaxing)

.comment        0x0000000000000000       0x50
 .comment       0x0000000000000000       0x50 ./Core/Src/button.o
                                         0x51 (size before relaxing)
 .comment       0x0000000000000050       0x51 ./Core/Src/fsm.o
 .comment       0x0000000000000050       0x51 ./Core/Src/led7seg.o
 .comment       0x0000000000000050       0x51 ./Core/Src/main.o
 .comment       0x0000000000000050       0x51 ./Core/Src/software_timer.o
 .comment       0x0000000000000050       0x51 ./Core/Src/stm32f1xx_hal_msp.o
 .comment       0x0000000000000050       0x51 ./Core/Src/stm32f1xx_it.o
 .comment       0x0000000000000050       0x51 ./Core/Src/system_stm32f1xx.o
 .comment       0x0000000000000050       0x51 ./Core/Src/traffic_light.o
 .comment       0x0000000000000050       0x51 ./Drivers/STM32F1xx_HAL_Driver/Src/stm32f1xx_hal.o
 .comment       0x0000000000000050       0x51 ./Drivers/STM32F1xx_HAL_Driver/Src/stm32f1xx_hal_cortex.o
 .comment       0x0000000000000050       0x51 ./Drivers/STM32F1xx_HAL_Driver/Src/stm32f1xx_hal_gpio.o
 .comment       0x0000000000000050       0x51 ./Drivers/STM32F1xx_HAL_Driver/Src/stm32f1xx_hal_rcc.o
 .comment       0x0000000000000050       0x51 ./Drivers/STM32F1xx_HAL_Driver/Src/stm32f1xx_hal_tim.o
 .comment       0x0000000000000050       0x51 ./Drivers/STM32F1xx_HAL_Driver/Src/stm32f1xx_hal_tim_ex.o

.debug_frame    0x0000000000000000     0x2910
 .debug_frame   0x0000000000000000       0xbc ./Core/Src/button.o
 .debug_frame   0x00000000000000bc       0x2c ./Core/Src/fsm.o
 .debug_frame   0x00000000000000e8       0xe0 ./Core/Src/led7seg.o
 .debug_frame   0x00000000000001c8       0xf0 ./Core/Src/main.o
 .debug_frame   0x00000000000002b8       0xf8 ./Core/Src/software_timer.o
 .debug_frame   0x00000000000003b0       0x80 ./Core/Src/stm32f1xx_hal_msp.o
 .debug_frame   0x0000000000000430      0x120 ./Core/Src/stm32f1xx_it.o
 .debug_frame   0x0000000000000550       0x58 ./Core/Src/system_stm32f1xx.o
 .debug_frame   0x00000000000005a8       0x6c ./Core/Src/traffic_light.o
 .debug_frame   0x0000000000000614      0x334 ./Drivers/STM32F1xx_HAL_Driver/Src/stm32f1xx_hal.o
 .debug_frame   0x0000000000000948      0x428 ./Drivers/STM32F1xx_HAL_Driver/Src/stm32f1xx_hal_cortex.o
 .debug_frame   0x0000000000000d70      0x14c ./Drivers/STM32F1xx_HAL_Driver/Src/stm32f1xx_hal_gpio.o
 .debug_frame   0x0000000000000ebc      0x218 ./Drivers/STM32F1xx_HAL_Driver/Src/stm32f1xx_hal_rcc.o
 .debug_frame   0x00000000000010d4     0x11b8 ./Drivers/STM32F1xx_HAL_Driver/Src/stm32f1xx_hal_tim.o
 .debug_frame   0x000000000000228c      0x638 ./Drivers/STM32F1xx_HAL_Driver/Src/stm32f1xx_hal_tim_ex.o
 .debug_frame   0x00000000000028c4       0x2c d:/stm32cubeide_1.10.0/stm32cubeide/plugins/com.st.stm32cube.ide.mcu.externaltools.gnu-tools-for-stm32.10.3-2021.10.win32_1.0.0.202111181127/tools/bin/../lib/gcc/arm-none-eabi/10.3.1/../../../../arm-none-eabi/lib/thumb/v7-m/nofp\libc_nano.a(lib_a-init.o)
 .debug_frame   0x00000000000028f0       0x20 d:/stm32cubeide_1.10.0/stm32cubeide/plugins/com.st.stm32cube.ide.mcu.externaltools.gnu-tools-for-stm32.10.3-2021.10.win32_1.0.0.202111181127/tools/bin/../lib/gcc/arm-none-eabi/10.3.1/../../../../arm-none-eabi/lib/thumb/v7-m/nofp\libc_nano.a(lib_a-memset.o)
