../Core/Src/main.c:59:6:Ex_Init	8	static
../Core/Src/main.c:68:6:display7SEG	32	static
../Core/Src/main.c:74:6:clearAll	8	static
../Core/Src/main.c:82:6:update7SEG	16	static
../Core/Src/main.c:114:6:updateClockBuffer	16	static
../Core/Src/main.c:127:5:main	24	static
../Core/Src/main.c:208:6:SystemClock_Config	72	static
../Core/Src/main.c:245:13:MX_TIM2_Init	32	static
../Core/Src/main.c:290:13:MX_GPIO_Init	32	static
../Core/Src/main.c:345:6:HAL_TIM_PeriodElapsedCallback	16	static
../Core/Src/main.c:355:6:Error_Handler	4	static,ignoring_inline_asm
