../Core/Src/main.c:59:6:Ex_Init	8	static
../Core/Src/main.c:76:6:displayPattern	24	static
../Core/Src/main.c:100:6:updateLEDMatrix	24	static
../Core/Src/main.c:114:6:display7SEG	32	static
../Core/Src/main.c:120:6:clearAll	8	static
../Core/Src/main.c:128:6:update7SEG	16	static
../Core/Src/main.c:160:6:updateClockBuffer	16	static
../Core/Src/main.c:173:5:main	24	static
../Core/Src/main.c:267:6:SystemClock_Config	72	static
../Core/Src/main.c:304:13:MX_TIM2_Init	32	static
../Core/Src/main.c:349:13:MX_GPIO_Init	32	static
../Core/Src/main.c:398:6:HAL_TIM_PeriodElapsedCallback	16	static
../Core/Src/main.c:408:6:Error_Handler	4	static,ignoring_inline_asm
