14:19:45 **** Incremental Build of configuration Debug for project MCU_5 ****
make -j12 all 
arm-none-eabi-gcc "../Core/Src/main.c" -mcpu=cortex-m3 -std=gnu11 -g -DDEBUG -DUSE_HAL_DRIVER -DSTM32F103x6 -c -I../Drivers/CMSIS/Device/ST/STM32F1xx/Include -I../Drivers/CMSIS/Include -I../Core/Inc -I../Drivers/STM32F1xx_HAL_Driver/Inc/Legacy -I../Drivers/STM32F1xx_HAL_Driver/Inc -O0 -ffunction-sections -fdata-sections -Wall -fstack-usage -MMD -MP -MF"Core/Src/main.d" -MT"Core/Src/main.o" --specs=nano.specs -mfloat-abi=soft -mthumb -o "Core/Src/main.o"
arm-none-eabi-gcc -o "MCU_5.elf" @"objects.list"   -mcpu=cortex-m3 -T"D:\MCU_LAB\Microcontrollers_Microprocessors\MCU_5\STM32F103C6UX_FLASH.ld" --specs=nosys.specs -Wl,-Map="MCU_5.map" -Wl,--gc-sections -static --specs=nano.specs -mfloat-abi=soft -mthumb -Wl,--start-group -lc -lm -Wl,--end-group
Finished building target: MCU_5.elf
 
arm-none-eabi-size   MCU_5.elf 
arm-none-eabi-objdump -h -S  MCU_5.elf  > "MCU_5.list"
arm-none-eabi-objcopy  -O ihex  MCU_5.elf  "MCU_5.hex"
   text	   data	    bss	    dec	    hex	filename
   7944	     20	   2252	  10216	   27e8	MCU_5.elf
arm-none-eabi-objcopy  -O binary  MCU_5.elf  "MCU_5.bin"
Finished building: default.size.stdout
 
Finished building: MCU_5.hex
Finished building: MCU_5.bin
 
 
Finished building: MCU_5.list
 
