13:42:57 **** Incremental Build of configuration Debug for project MCU_4 ****
make -j12 all 
arm-none-eabi-gcc "../Core/Src/main.c" -mcpu=cortex-m3 -std=gnu11 -g3 -DDEBUG -DUSE_HAL_DRIVER -DSTM32F103x6 -c -I../Core/Inc -I../Drivers/STM32F1xx_HAL_Driver/Inc/Legacy -I../Drivers/STM32F1xx_HAL_Driver/Inc -I../Drivers/CMSIS/Device/ST/STM32F1xx/Include -I../Drivers/CMSIS/Include -O0 -ffunction-sections -fdata-sections -Wall -fstack-usage -MMD -MP -MF"Core/Src/main.d" -MT"Core/Src/main.o" --specs=nano.specs -mfloat-abi=soft -mthumb -o "Core/Src/main.o"
arm-none-eabi-gcc -o "MCU_4.elf" @"objects.list"   -mcpu=cortex-m3 -T"D:\MCU_LAB\Microcontrollers_Microprocessors\MCU_4\STM32F103C6UX_FLASH.ld" --specs=nosys.specs -Wl,-Map="MCU_4.map" -Wl,--gc-sections -static --specs=nano.specs -mfloat-abi=soft -mthumb -Wl,--start-group -lc -lm -Wl,--end-group
Finished building target: MCU_4.elf
 
arm-none-eabi-size   MCU_4.elf 
arm-none-eabi-objdump -h -S  MCU_4.elf  > "MCU_4.list"
arm-none-eabi-objcopy  -O ihex  MCU_4.elf  "MCU_4.hex"
   text	   data	    bss	    dec	    hex	filename
  16572	    120	   1864	  18556	   487c	MCU_4.elf
Finished building: default.size.stdout
 
Finished building: MCU_4.hex
 
Finished building: MCU_4.list
 
