13:04:27 **** Incremental Build of configuration Debug for project MCU_5 ****
make -j12 all 
arm-none-eabi-gcc "../Core/Src/scheduler.c" -mcpu=cortex-m3 -std=gnu11 -g3 -DDEBUG -DUSE_HAL_DRIVER -DSTM32F103x6 -c -I../Core/Inc -I../Drivers/STM32F1xx_HAL_Driver/Inc/Legacy -I../Drivers/STM32F1xx_HAL_Driver/Inc -I../Drivers/CMSIS/Device/ST/STM32F1xx/Include -I../Drivers/CMSIS/Include -O0 -ffunction-sections -fdata-sections -Wall -fstack-usage -MMD -MP -MF"Core/Src/scheduler.d" -MT"Core/Src/scheduler.o" --specs=nano.specs -mfloat-abi=soft -mthumb -o "Core/Src/scheduler.o"
arm-none-eabi-gcc -o "MCU_5.elf" @"objects.list"   -mcpu=cortex-m3 -T"D:\MCU_LAB\Microcontrollers_Microprocessors\MCU_5\STM32F103C6UX_FLASH.ld" --specs=nosys.specs -Wl,-Map="MCU_5.map" -Wl,--gc-sections -static --specs=nano.specs -mfloat-abi=soft -mthumb -Wl,--start-group -lc -lm -Wl,--end-group
Finished building target: MCU_5.elf
 
arm-none-eabi-size   MCU_5.elf 
arm-none-eabi-objdump -h -S  MCU_5.elf  > "MCU_5.list"
arm-none-eabi-objcopy  -O ihex  MCU_5.elf  "MCU_5.hex"
   text	   data	    bss	    dec	    hex	filename
   7964	     20	   2252	  10236	   27fc	MCU_5.elf
Finished building: default.size.stdout
 
Finished building: MCU_5.hex
 
Finished building: MCU_5.list
 

13:04:27 Build Finished. 0 errors, 0 warnings. (took 712ms)

