../Core/Src/main.c:67:6:togglePA4	8	static
../Core/Src/main.c:70:6:togglePA5	8	static
../Core/Src/main.c:74:6:togglePA6	8	static
../Core/Src/main.c:77:6:togglePA7	8	static
../Core/Src/main.c:80:6:togglePA8	8	static
../Core/Src/main.c:102:6:reset_buffer	16	static
../Core/Src/main.c:109:6:HAL_UART_RxCpltCallback	16	static
../Core/Src/main.c:122:5:check_RST	16	static
../Core/Src/main.c:129:5:check_OK	16	static
../Core/Src/main.c:136:6:cmd_parser_fsm	8	static
../Core/Src/main.c:161:6:uart_communication	64	static
../Core/Src/main.c:175:6:run_parser_fsm	8	static
../Core/Src/main.c:190:5:main	8	static
../Core/Src/main.c:261:6:SystemClock_Config	88	static
../Core/Src/main.c:305:13:MX_ADC1_Init	24	static
../Core/Src/main.c:352:13:MX_TIM2_Init	32	static
../Core/Src/main.c:397:13:MX_USART2_UART_Init	8	static
../Core/Src/main.c:430:13:MX_GPIO_Init	32	static
../Core/Src/main.c:453:6:HAL_TIM_PeriodElapsedCallback	16	static
../Core/Src/main.c:463:6:Error_Handler	4	static,ignoring_inline_asm
