../Core/Src/main.c:59:6:togglePA4	8	static
../Core/Src/main.c:62:6:togglePA5	8	static
../Core/Src/main.c:66:6:togglePA6	8	static
../Core/Src/main.c:69:6:togglePA7	8	static
../Core/Src/main.c:72:6:togglePA8	8	static
../Core/Src/main.c:82:5:main	8	static
../Core/Src/main.c:138:6:SystemClock_Config	72	static
../Core/Src/main.c:175:13:MX_TIM2_Init	32	static
../Core/Src/main.c:220:13:MX_GPIO_Init	32	static
../Core/Src/main.c:243:6:HAL_TIM_PeriodElapsedCallback	16	static
../Core/Src/main.c:253:6:Error_Handler	4	static,ignoring_inline_asm
